$ env HW1_DESIGN=FLP_adder_4 HW1_OPT=Delay HW1_OUT=/MasterClass/M143010027_ALU/Hws/HW1/gate_level/FLP_adder_4/Delay/round2 HW1_PERIOD=0.253 HW1_ROUND=2 HW1_RTL_LIST=/MasterClass/M143010027_ALU/Hws/HW1/gate_level/FLP_adder_4/Delay/round2/rtl_files.txt HW1_TIMING_REVIEWED=0 dcnxt_shell -f dc.tcl

                            Design Compiler (R) NXT 

                 Version T-2022.03 for linux64 - Feb 22, 2022 

                    Copyright (c) 1988 - 2022 Synopsys, Inc.
   This software and the associated documentation are proprietary to Synopsys,
 Inc. This software may only be used in accordance with the terms and conditions
 of a written license agreement with Synopsys, Inc. All other use, reproduction,
   or distribution of this software is strictly prohibited.  Licensed Products
     communicate with Synopsys servers for the purpose of providing software
    updates, detecting software piracy and verifying that customers are using
    Licensed Products in conformity with the applicable License Key for such
  Licensed Products. Synopsys will use information gathered in connection with
    this process to deliver software updates and pursue software pirates and
                                   infringers.

 Inclusivity & Diversity - Visit SolvNetPlus to read the "Synopsys Statement on
            Inclusivity and Diversity" (Refer to article 000036315 at
                        https://solvnetplus.synopsys.com)
Initializing...
# Based on ALU_HW1_TA_dc.tcl. Run one design/period per DC process.
# Copied into each round and invoked there: dcnxt_shell -f dc.tcl.
# metadata
set Company "NSYSU2026ALU"
NSYSU2026ALU
set Designer "Kaiden Hsu"
Kaiden Hsu
# Pipeline pin patterns include significand, exponent and sign register banks.
# FLP_mul_3 has two internal register banks and a combinational output stage.
set stage_maps [dict create]
dict set stage_maps FLP_mul_3 [list \
    [dict create from INPUTS to {s1_*_reg*/D}] \
    [dict create from {s1_*_reg*/Q*} to {s2_*_reg*/D}] \
    [dict create from {s2_*_reg*/Q*} to OUTPUTS]]
FLP_mul_3 {{from INPUTS to s1_*_reg*/D} {from s1_*_reg*/Q* to s2_*_reg*/D} {from s2_*_reg*/Q* to OUTPUTS}}
# Adders use s<N>_ register banks for every data and sideband signal.
dict set stage_maps FLP_adder_4 [list \
    [dict create from INPUTS to {s1_*_reg*/D}] \
    [dict create from {s1_*_reg*/Q*} to {s2_*_reg*/D}] \
    [dict create from {s2_*_reg*/Q*} to {s3_*_reg*/D}] \
    [dict create from {s3_*_reg*/Q*} to OUTPUTS]]
FLP_mul_3 {{from INPUTS to s1_*_reg*/D} {from s1_*_reg*/Q* to s2_*_reg*/D} {from s2_*_reg*/Q* to OUTPUTS}} FLP_adder_4 {{from INPUTS to s1_*_reg*/D} {from s1_*_reg*/Q* to s2_*_reg*/D} {from s2_*_reg*/Q* to s3_*_reg*/D} {from s3_*_reg*/Q* to OUTPUTS}}
dict set stage_maps FLP_adder_7 [list \
    [dict create from INPUTS to {s1_*_reg*/D}] \
    [dict create from {s1_*_reg*/Q*} to {s2_*_reg*/D}] \
    [dict create from {s2_*_reg*/Q*} to {s3_*_reg*/D}] \
    [dict create from {s3_*_reg*/Q*} to {s4_*_reg*/D}] \
    [dict create from {s4_*_reg*/Q*} to {s5_*_reg*/D}] \
    [dict create from {s5_*_reg*/Q*} to {s6_*_reg*/D}] \
    [dict create from {s6_*_reg*/Q*} to OUTPUTS]]
FLP_mul_3 {{from INPUTS to s1_*_reg*/D} {from s1_*_reg*/Q* to s2_*_reg*/D} {from s2_*_reg*/Q* to OUTPUTS}} FLP_adder_4 {{from INPUTS to s1_*_reg*/D} {from s1_*_reg*/Q* to s2_*_reg*/D} {from s2_*_reg*/Q* to s3_*_reg*/D} {from s3_*_reg*/Q* to OUTPUTS}} FLP_adder_7 {{from INPUTS to s1_*_reg*/D} {from s1_*_reg*/Q* to s2_*_reg*/D} {from s2_*_reg*/Q* to s3_*_reg*/D} {from s3_*_reg*/Q* to s4_*_reg*/D} {from s4_*_reg*/Q* to s5_*_reg*/D} {from s5_*_reg*/Q* to s6_*_reg*/D} {from s6_*_reg*/Q* to OUTPUTS}}
# Read an optional launcher setting, retaining the course default if absent.
proc env_or {name default} {
    if {[info exists ::env($name)]} {
        return $::env($name)
    }
    return $default
}
# Required settings identify this design, strategy and isolated round.
proc need_env {name} {
    if {![info exists ::env($name)]} {
        error "Missing environment variable $name; use scripts/run.sh"
    }
    return $::env($name)
}
# Some DC commands return 0 on failure instead of raising a Tcl exception.
proc checked {script} {
    set result [uplevel 1 $script]
    if {$result eq "0"} {
        error "Command returned failure: $script"
    }
    return $result
}
# Convert time to ns and power to W for machine-readable measurements.
proc unit_scale {number suffix kind} {
    set scales [dict create \
        s 1e9 \
        ms 1e6 \
        us 1e3 \
        ns 1 \
        ps 1e-3 \
        fs 1e-6 \
        W 1 \
        mW 1e-3 \
        uW 1e-6 \
        nW 1e-9 \
        pW 1e-12]

    if {![dict exists $scales $suffix]} {
        error "Unsupported $kind unit: $suffix"
    }
    return [expr {double($number) * [dict get $scales $suffix]}]
}
# Extract reported data arrival time and its path endpoints.
proc timing_arrival {filename} {
    # Read the positive arrival line, not the negative slack-subtraction line.
    # Reports can contain one worst path per group; retain the largest arrival.
    set fd [open $filename r]
    set text [read $fd]
    close $fd
    set result ""
    foreach block [split [string map [list "Startpoint:" "\u0001"] $text] "\u0001"] {
        if {[regexp -line \
            {^[ \t]*data arrival time[ \t]+([0-9]+\.?[0-9]*(?:[eE][+-]?[0-9]+)?)[ \t\r]*$} $block all number]} {
            if {$result eq "" || $number > [dict get $result delay]} {
                regexp {^[ \t]*([^ \t\n]+)} $block all start
                regexp -line {^[ \t]*Endpoint:[ \t]+([^ \t\n]+)} $block all end
                set result [dict create delay $number start $start end $end]
            }
        }
    }
    if {$result eq ""} {
        error "No positive data arrival time in $filename"
    }
    return $result
}
# Resolve stage boundaries to data ports or register pins, excluding clk/rst.
proc boundary {pattern} {
    if {$pattern eq "INPUTS"} {
        set ports [all_inputs]
        foreach name {clk rst} {
            set control [get_ports -quiet $name]
            if {[sizeof_collection $control]} {
                set ports [remove_from_collection $ports $control]
            }
        }
        return $ports
    }
    if {$pattern eq "OUTPUTS"} {
        return [all_outputs]
    }
    return [get_pins -hierarchical -quiet $pattern]
}
# Read one numeric area field from the original DC report text.
proc numeric_area {text label} {
    set pattern [format {%s\s*:\s*([0-9.eE+-]+)} $label]
    if {![regexp -- $pattern $text all number]} {
        error "Missing area field: $label"
    }
    return $number
}
proc main {} {
    global stage_maps

    # [Paths, Top Module and Clock Configuration]
    # Retain the TA names. Path_Top is this variant's RTL directory; Path_Syn
    # is this attempt's gate_level directory. Clk_period is in DC library units.
    set HW1_Root [file normalize [need_env HW1_ROOT]]
    set Design [need_env HW1_DESIGN]
    set Optimization [need_env HW1_OPT]
    set Path_Top [file join $HW1_Root RTL $Design]
    set Path_Syn [file normalize [need_env HW1_OUT]]
    set Clk_pin "clk"
    set Clk_period_ns [need_env HW1_PERIOD]

    # Use the TA basename variable for the Verilog export. Other artifact names
    # stay fixed because post-sim and result collection expect those filenames.
    set Dump_file_name "netlist"

    if {$Optimization ni {Area Delay Between}} {
        error "Unknown optimization $Optimization"
    }
    if {![string is double -strict $Clk_period_ns] || $Clk_period_ns <= 0} {
        error "Invalid period"
    }

    # Variants reuse top-module names but compile from separate RTL folders.
    set configurations [dict create \
        FXP_adder {FXP_adder 1} \
        FXP_mul {FXP_mul 1} \
        FLP_adder {FLP_adder 1} \
        FLP_adder_7 {FLP_adder 7} \
        FLP_adder_4 {FLP_adder 4} \
        FLP_mul {FLP_mul 1} \
        FLP_mul_3 {FLP_mul 3}]
    if {![dict exists $configurations $Design]} {
        error "Unknown design $Design"
    }
    lassign [dict get $configurations $Design] Top stages

    set expected [file normalize [file join \
        $HW1_Root gate_level $Design $Optimization round[need_env HW1_ROUND]]]
    if {$Path_Syn ne $expected} {
        error "Output path does not match the configured design/optimization/round"
    }
    file mkdir $Path_Syn [file join $Path_Syn work]
    define_design_lib WORK -path [file join $Path_Syn work]

    # [Library and Tool Setup: Original TA Settings]
    set library_root [env_or HW1_LIBRARY_ROOT \
        /cad/CBDK/ADFP/Executable_Package/Collaterals/IP/stdcell/N16ADFP_StdCell/CCS]
    set ::search_path [concat [list $library_root $Path_Top] $::search_path]
    set ::target_library [list \
        N16ADFP_StdCellss0p72vm40c_ccs.db \
        N16ADFP_StdCellff0p88v125c_ccs.db]
    foreach db $::target_library {
        if {![file exists [file join $library_root $db]]} {
            error "Missing library [file join $library_root $db]"
        }
    }

    set ::link_library [concat [list *] $::target_library [list dw_foundation.sldb]]
    set ::symbol_library {tsmc040.sdb generic.sdb}
    set ::synthetic_library dw_foundation.sldb
    set ::hdlin_translate_off_skip_text "TRUE"
    set ::edifout_netlist_only "TRUE"
    set ::verilogout_no_tri true
    set ::hdlin_enable_presto_for_vhdl "TRUE"

    # Original TA shell preferences; these do not constrain synthesis timing.
    set ::sh_enable_line_editing true
    set ::sh_line_editing_mode emacs
    history keep 100
    alias h history

    # [Read Design File]
    # Use the launcher's ordered source list instead of the TA's example paths.
    # Analyze/elaborate preserves parameter support and round-local WORK isolation.
    set fd [open [need_env HW1_RTL_LIST] r]
    set files [split [string trim [read $fd]] \n]
    close $fd
    foreach source $files {
        if {![file isfile $source]} {
            error "Missing RTL: $source"
        }
        set ::search_path [concat [list [file dirname $source]] $::search_path]
        set format [expr {[file extension $source] eq ".sv" ? "sverilog" : "verilog"}]
        checked [list analyze -format $format -library WORK $source]
    }
    checked [list elaborate $Top -library WORK]
    current_design $Top
    checked {link}
    checked {check_design}

    # [Time Units]
    # Save the original unit report, then convert the launcher's ns clock period.
    redirect -variable units {report_units}
    set fd [open [file join $Path_Syn units_report.txt] w]
    puts $fd $units
    close $fd

    # In "Time_unit : 1.0e-09 Second(ns)", the number multiplies Second.
    # The parenthesized ns is a label; do not convert the value twice.
    set unit_pattern {^\s*Time(?:_|\s+)units?\s*:\s*([0-9.eE+-]+)\s*(Seconds?|[munpf]?s)(?:\([^)]*\))?\s*$}
    if {![regexp -nocase -line $unit_pattern $units match un suffix]} {
        error "Cannot determine library time unit; inspect units_report.txt"
    }
    set suffix [string tolower $suffix]
    if {$suffix in {second seconds}} {
        set suffix s
    }
    set time_ns [unit_scale $un $suffix time]
    if {$time_ns <= 0} {
        error "Library time unit must be positive"
    }
    puts "HW1_DC_UNITS: one library time unit = $time_ns ns"
    set Clk_period [expr {double($Clk_period_ns) / $time_ns}]

    # [Setting Clock Constraints]
    # Combinational variants use the TA's virtual-clock/max-delay alternative.
    # Pipelines use the physical clk port and the original clock-network settings.
    if {$stages == 1} {
        set_max_delay $Clk_period -from [all_inputs] -to [all_outputs]
        create_clock -name $Clk_pin -period $Clk_period
        set_input_delay 0 -clock $Clk_pin [all_inputs]
    } else {
        set Clock_port [get_ports -quiet $Clk_pin]
        if {![sizeof_collection $Clock_port]} {
            error "Pipelined top has no $Clk_pin port"
        }
        create_clock -name $Clk_pin -period $Clk_period $Clock_port
        set_fix_hold [get_clocks $Clk_pin]
        set_dont_touch_network [get_clocks $Clk_pin]
        set_ideal_network $Clock_port
        set_input_delay 0 -clock $Clk_pin \
            [remove_from_collection [all_inputs] $Clock_port]
    }
    set_output_delay 0 -clock $Clk_pin [all_outputs]

    # [Setting Design Environment: Original TA Corners and Wire-Load Model]
    # Do not silently change library corners when refactoring the script.
    set_operating_conditions \
        -min_library N16ADFP_StdCellff0p88v125c_ccs -min ff0p88v125c \
        -max_library N16ADFP_StdCellss0p72vm40c_ccs -max ss0p72vm40c
    set_wire_load_model -name ZeroWireload -library N16ADFP_StdCellss0p72vm40c_ccs
    set_wire_load_mode top

    # [Area Optimization and Compile]
    # Strategies differ by period; retain the same TA compile/max-area commands.
    set_max_area 0
    checked {compile}

    # [Change Naming Rule: Original TA Rules]
    # Escaped brackets keep the literal TA allowed-character set in quoted Tcl.
    set ::bus_inference_style {%s[%d]}
    set ::bus_naming_style {%s[%d]}
    set ::hdlout_internal_busses true
    change_names -hierarchy -rule verilog
    define_name_rules name_rule -allowed "A-Z a-z 0-9 _" -max_length 255 -type cell
    define_name_rules name_rule -allowed "A-Z a-z 0-9 _\[\]" -max_length 255 -type net
    define_name_rules name_rule -map {{"\\*cell\\*" "cell"}} -case_insensitive
    change_names -hierarchy -rules name_rule
    remove_unconnected_ports -blast_buses [get_cells -hierarchical *]

    # [Timing Coverage]
    # Period tuning requires constrained timing paths. Save all diagnostics.
    redirect -variable coverage {check_timing}
    set fd [open [file join $Path_Syn check_timing.txt] w]
    puts $fd $coverage
    close $fd
    puts $coverage
    if {[regexp -nocase {(Warning:|Error:)[^\n]*(unconstrained|not constrained|no clock|no input delay|no output delay)} $coverage]} {
        error "Required timing coverage is missing; correct the constraints before tuning"
    }
    set coverage_status clean
    if {[regexp -nocase {Warning:|Error:} $coverage]} {
        set coverage_status reviewed_with_warnings
    }
    if {[regexp -nocase {Warning:|Error:} $coverage] && [env_or HW1_TIMING_REVIEWED 0] ne "1"} {
        error "check_timing diagnostics require review; see check_timing.txt. Use --input-delays-reviewed only after correcting/reviewing coverage."
    }

    # [Report Timing]
    # Restore the TA console report and keep the detailed report file.
    report_timing -significant_digits 6 -sort_by group
    redirect -file [file join $Path_Syn timing_report.txt] {
        report_timing -path full -delay max -significant_digits 6 -sort_by group
    }

    # Find the worst setup slack across all path groups, not only one group.
    set worst ""
    foreach_in_collection group [get_path_groups *] {
        set paths [get_timing_paths \
            -group [get_object_name $group] -delay max -max_paths 1 -nworst 1]
        foreach_in_collection path $paths {
            set slack [get_attribute $path slack]
            if {![string is double -strict $slack]} {
                error "Invalid timing attribute"
            }
            if {$worst eq "" || $slack < $worst} {
                set worst $slack
            }
        }
    }
    if {$worst eq ""} {
        error "No constrained max-delay timing paths"
    }

    # Reported delay follows the TA's data-arrival-time convention.
    # Slack remains separate and is used only for timing feasibility/tuning.
    set critical_delay [dict get \
        [timing_arrival [file join $Path_Syn timing_report.txt]] delay]

    # [Report Area]
    # Use the documented TA library um2 convention, without guessed scaling.
    redirect -variable area_text {report_area -hier -nosplit}
    set fd [open [file join $Path_Syn area_report.txt] w]
    puts $fd $area_text
    close $fd
    set comb [numeric_area $area_text {Combinational area}]
    set seq [numeric_area $area_text {Noncombinational area}]
    set total [numeric_area $area_text {Total cell area}]

    # [Report Power]
    # Keep the TA effort setting and convert explicit report suffixes to W.
    # Unavailable power fields stay blank rather than becoming invented zeros.
    set dynamic ""
    set leakage ""
    set power ""
    if {[catch {
        redirect -variable power_text {report_power -analysis_effort low}
    } issue]} {
        puts "WARN: power report unavailable: $issue"
    } else {
        set fd [open [file join $Path_Syn power_report.txt] w]
        puts $fd $power_text
        close $fd
        if {[regexp {Total Dynamic Power\s*=\s*([0-9.eE+-]+)\s*([munp]?W)} $power_text all number unit]} {
            set dynamic [unit_scale $number $unit power]
        }
        if {[regexp {Cell Leakage Power\s*=\s*([0-9.eE+-]+)\s*([munp]?W)} $power_text all number unit]} {
            set leakage [unit_scale $number $unit power]
        }
        if {$dynamic ne "" && $leakage ne ""} {
            set power [expr {$dynamic + $leakage}]
        } else {
            puts "WARN: power units/values not extracted; inspect power_report.txt"
        }
    }

    # [Each Pipeline Delay]
    # Actual register-bank boundaries replace the TA's example m1/* ... m7/*.
    # Full path reports provide evidence; stages.tsv feeds report collection.
    set sf [open [file join $Path_Syn stages.tsv] w]
    for {set i 1} {$i <= $stages && $stages > 1} {incr i} {
        set delay ""
        set start ""
        set end ""
        set status unmapped

        if {[dict exists $stage_maps $Design] && [llength [dict get $stage_maps $Design]] >= $i} {
            set mapping [lindex [dict get $stage_maps $Design] [expr {$i - 1}]]
            if {[catch {
                set from [boundary [dict get $mapping from]]
                set to [boundary [dict get $mapping to]]
                if {![sizeof_collection $from] || ![sizeof_collection $to]} {
                    error "Empty stage boundary"
                }

                redirect -file [file join $Path_Syn timing_report_stage${i}.txt] {
                    report_timing -from $from -to $to -path full -delay max \
                        -nworst 1 -max_paths 1 -significant_digits 6 -sort_by group
                }
                set measured [timing_arrival \
                    [file join $Path_Syn timing_report_stage${i}.txt]]
                set delay [expr {[dict get $measured delay] * $time_ns}]
                set start [dict get $measured start]
                set end [dict get $measured end]
                set status measured
            } issue]} {
                set status invalid
                puts "WARN: stage $i: $issue"
                set delay ""
            }
        } else {
            puts "WARN: $Design stage $i mapping is not configured"
        }
        puts $sf "$i\t$delay\t$start\t$end\t$status"
    }
    close $sf

    # [Write Out]
    # Keep TA commands/options; fixed filenames maintain the automation interface.
    checked [list write -hierarchy -format ddc \
        -output [file join $Path_Syn design.ddc]]
    checked [list write -format verilog -hierarchy \
        -output [file join $Path_Syn ${Dump_file_name}.v]]
    checked [list write_sdf -version 2.1 -context verilog \
        [file join $Path_Syn timing.sdf]]
    checked [list write_sdc [file join $Path_Syn constraints.sdc]]

    # [Automation Measurements]
    # Stable keys feed period tuning/CSV collection. Preserve raw numeric precision.
    set fd [open [file join $Path_Syn metrics.tsv] w]
    foreach {key value} [list \
        schema 1 \
        period_ns $Clk_period_ns \
        slack_ns [expr {$worst * $time_ns}] \
        delay_ns [expr {$critical_delay * $time_ns}] \
        delay_basis timing_report_data_arrival \
        time_unit_ns $time_ns \
        comb_um2 $comb \
        seq_um2 $seq \
        total_um2 $total \
        dynamic_w $dynamic \
        leakage_w $leakage \
        power_w $power \
        power_activity default_estimated \
        area_units TA_library_um2 \
        sdf_corner min_typ_max \
        coverage_status $coverage_status \
        complete 1] {
        puts $fd "$key\t$value"
    }
    close $fd

    # TA optional example remains disabled; do not introduce clock-gating analysis.
    # report_clock_gating -gating_elements
    puts "HW1_DC_COMPLETE: $Design $Optimization period=$Clk_period_ns ns"
}
# Give the launcher a reliable exit status and retain complete Tcl error details.
if {[catch {main} failure options]} {
    puts stderr "HW1_DC_ERROR: $failure"
    if {[dict exists $options -errorinfo]} {
        puts stderr [dict get $options -errorinfo]
    }
    exit 1
}
Information: Variable '::hdlin_translate_off_skip_text' is obsolete and is being ignored. (INFO-100)
Information: Variable '::hdlin_enable_presto_for_vhdl' is obsolete and is being ignored. (INFO-100)
Information: Variable '::hdlin_enable_presto_for_vhdl' is obsolete and is being ignored. (INFO-100)
Running PRESTO HDLC
Compiling source file /MasterClass/M143010027_ALU/Hws/HW1/RTL/FLP_adder_4/FLP_adder_4.v
Presto compilation completed successfully.
Loading db file '/cad/CBDK/ADFP/Executable_Package/Collaterals/IP/stdcell/N16ADFP_StdCell/CCS/N16ADFP_StdCellss0p72vm40c_ccs.db'
Information: Using CCS timing libraries. (TIM-024)
Loading db file '/cad/CBDK/ADFP/Executable_Package/Collaterals/IP/stdcell/N16ADFP_StdCell/CCS/N16ADFP_StdCellff0p88v125c_ccs.db'
Loading db file '/usr/cad/synopsys/synthesis/2022.03/libraries/syn/dw_foundation.sldb'
Loading db file '/usr/cad/synopsys/synthesis/2022.03/libraries/syn/gtech.db'
Loading db file '/usr/cad/synopsys/synthesis/2022.03/libraries/syn/standard.sldb'
  Loading link library 'N16ADFP_StdCellss0p72vm40c_ccs'
  Loading link library 'N16ADFP_StdCellff0p88v125c_ccs'
  Loading link library 'gtech'
Running PRESTO HDLC
Warning:  /MasterClass/M143010027_ALU/Hws/HW1/RTL/FLP_adder_4/FLP_adder_4.v:123: signed to unsigned part selection occurs. (VER-318)

Inferred memory devices in process
	in routine FLP_adder line 126 in file
		'/MasterClass/M143010027_ALU/Hws/HW1/RTL/FLP_adder_4/FLP_adder_4.v'.
===============================================================================
|    Register Name    |   Type    | Width | Bus | MB | AR | AS | SR | SS | ST |
===============================================================================
|  s1_mb_aligned_reg  | Flip-flop |  28   |  Y  | N  | N  | N  | N  | N  | N  |
|      s1_ea_reg      | Flip-flop |  10   |  Y  | N  | N  | N  | N  | N  | N  |
|  s1_ma_signed_reg   | Flip-flop |  28   |  Y  | N  | N  | N  | N  | N  | N  |
===============================================================================

Inferred memory devices in process
	in routine FLP_adder line 139 in file
		'/MasterClass/M143010027_ALU/Hws/HW1/RTL/FLP_adder_4/FLP_adder_4.v'.
===============================================================================
|    Register Name    |   Type    | Width | Bus | MB | AR | AS | SR | SS | ST |
===============================================================================
|      s2_sd_reg      | Flip-flop |   1   |  N  | N  | N  | N  | N  | N  | N  |
|      s2_ea_reg      | Flip-flop |  10   |  Y  | N  | N  | N  | N  | N  | N  |
|     s2_zero_reg     | Flip-flop |   1   |  N  | N  | N  | N  | N  | N  | N  |
|      s2_md_reg      | Flip-flop |  28   |  Y  | N  | N  | N  | N  | N  | N  |
===============================================================================

Inferred memory devices in process
	in routine FLP_adder line 154 in file
		'/MasterClass/M143010027_ALU/Hws/HW1/RTL/FLP_adder_4/FLP_adder_4.v'.
===============================================================================
|    Register Name    |   Type    | Width | Bus | MB | AR | AS | SR | SS | ST |
===============================================================================
|      s3_sd_reg      | Flip-flop |   1   |  N  | N  | N  | N  | N  | N  | N  |
|     s3_zero_reg     | Flip-flop |   1   |  N  | N  | N  | N  | N  | N  | N  |
|   s3_md_norm_reg    | Flip-flop |  27   |  Y  | N  | N  | N  | N  | N  | N  |
|      s3_ed_reg      | Flip-flop |   8   |  Y  | N  | N  | N  | N  | N  | N  |
===============================================================================
Presto compilation completed successfully. (FLP_adder)
Elaborated 1 design.
Current design is now 'FLP_adder'.
Current design is 'FLP_adder'.

  Linking design 'FLP_adder'
  Using the following designs and libraries:
  --------------------------------------------------------------------------
  FLP_adder                   /MasterClass/M143010027_ALU/Hws/HW1/gate_level/FLP_adder_4/Delay/round2/FLP_adder.db
  N16ADFP_StdCellss0p72vm40c_ccs (library) /cad/CBDK/ADFP/Executable_Package/Collaterals/IP/stdcell/N16ADFP_StdCell/CCS/N16ADFP_StdCellss0p72vm40c_ccs.db
  N16ADFP_StdCellff0p88v125c_ccs (library) /cad/CBDK/ADFP/Executable_Package/Collaterals/IP/stdcell/N16ADFP_StdCell/CCS/N16ADFP_StdCellff0p88v125c_ccs.db
  dw_foundation.sldb (library) /usr/cad/synopsys/synthesis/2022.03/libraries/syn/dw_foundation.sldb

 
****************************************
check_design summary:
Version:     T-2022.03
Date:        Mon Oct  5 20:40:36 2026
****************************************

                   Name                                            Total
--------------------------------------------------------------------------------
Cells                                                               7
    Cells do not drive (LINT-1)                                     7
--------------------------------------------------------------------------------

Warning: In design 'FLP_adder', cell 'B_43' does not drive any nets. (LINT-1)
Warning: In design 'FLP_adder', cell 'B_44' does not drive any nets. (LINT-1)
Warning: In design 'FLP_adder', cell 'B_45' does not drive any nets. (LINT-1)
Warning: In design 'FLP_adder', cell 'B_46' does not drive any nets. (LINT-1)
Warning: In design 'FLP_adder', cell 'B_47' does not drive any nets. (LINT-1)
Warning: In design 'FLP_adder', cell 'B_48' does not drive any nets. (LINT-1)
Warning: In design 'FLP_adder', cell 'B_49' does not drive any nets. (LINT-1)
HW1_DC_UNITS: one library time unit = 1.0 ns
Using operating conditions 'ss0p72vm40c' found in library 'N16ADFP_StdCellss0p72vm40c_ccs'.
Using operating conditions 'ff0p88v125c' found in library 'N16ADFP_StdCellff0p88v125c_ccs'.
Information: Checking out the license 'DesignWare'. (SEC-104)
Information: Evaluating DesignWare library utilization. (UISN-27)

============================================================================
| DesignWare Building Block Library  |         Version         | Available |
============================================================================
| Basic DW Building Blocks           | S-2021.06-DWBB_202106.0 |     *     |
| Licensed DW Building Blocks        | S-2021.06-DWBB_202106.0 |     *     |
============================================================================

====================================================================================================
| Flow Information                                                                                 |
----------------------------------------------------------------------------------------------------
| Flow         | Design Compiler NXT                                                               |
====================================================================================================
| Design Information                                      | Value                                  |
====================================================================================================
| Number of Scenarios                                     | 0                                      |
| Leaf Cell Count                                         | 436                                    |
| Number of User Hierarchies                              | 0                                      |
| Sequential Cell Count                                   | 143                                    |
| Macro Count                                             | 0                                      |
| Number of Power Domains                                 | 0                                      |
| Number of Path Groups                                   | 2                                      |
| Number of VT class                                      | 0                                      |
| Number of Clocks                                        | 1                                      |
| Number of Dont Touch cells                              | 84                                     |
| Number of Dont Touch nets                               | 1                                      |
| Number of size only cells                               | 0                                      |
| Design with UPF Data                                    | false                                  |
====================================================================================================

Information: There are 7 potential problems in your design. Please run 'check_design' for more information. (LINT-99)


Warning: Operating condition ss0p72vm40c set on design FLP_adder has different process,
voltage and temperatures parameters than the parameters at which target library 
N16ADFP_StdCellff0p88v125c_ccs is characterized. Delays may be inaccurate as a result. (OPT-998)

  Beginning Pass 1 Mapping
  ------------------------
  Processing 'FLP_adder'

  Updating timing information
Information: Updating design information... (UID-85)

  Beginning Implementation Selection
  ----------------------------------
  Processing 'FLP_adder_DW01_add_0'
  Processing 'FLP_adder_DW01_add_1'
  Processing 'FLP_adder_DW01_sub_0'
  Mapping 'DW_leftsh'
Information: Added key list 'DesignWare' to design 'FLP_adder'. (DDB-72)
  Processing 'FLP_adder_DW01_sub_1'
  Processing 'FLP_adder_DW01_sub_2'
  Processing 'FLP_adder_DW01_add_2'
  Mapping 'DW_rightsh'
  Processing 'FLP_adder_DW01_sub_3'
  Processing 'FLP_adder_DW01_sub_4'
  Processing 'FLP_adder_DW01_sub_5'
  Processing 'FLP_adder_DW01_sub_6'
  Processing 'FLP_adder_DW01_sub_7'
  Mapping 'FLP_adder_DW_cmp_1'

  Beginning Mapping Optimizations  (Medium effort)
  -------------------------------
  Mapping Optimization (Phase 1)
  Mapping Optimization (Phase 2)
  Mapping Optimization (Phase 3)
  Mapping Optimization (Phase 4)
Information: The register 's1_ma_signed_reg[0]' is a constant and will be removed. (OPT-1206)
Information: The register 's1_ma_signed_reg[1]' is a constant and will be removed. (OPT-1206)

                                  TOTAL                                                  
   ELAPSED            WORST NEG   SETUP    DESIGN                              MIN DELAY 
    TIME      AREA      SLACK     COST    RULE COST         ENDPOINT             COST    
  --------- --------- --------- --------- --------- ------------------------- -----------
    0:00:40     940.7      0.03       2.0      17.5                                0.00  
    0:00:40     940.7      0.03       2.0      17.5                                0.00  
    0:00:40     940.7      0.03       2.0      17.5                                0.00  
    0:00:40     940.6      0.03       2.0      17.5                                0.00  
    0:00:40     940.6      0.03       2.0      17.5                                0.00  
    0:00:42     692.7      0.10       5.7      17.5                                0.00  
    0:00:43     691.9      0.13       6.2      17.5                                0.00  
    0:00:43     691.8      0.13       6.3      17.5                                0.00  
    0:00:43     694.0      0.11       6.0      17.5                                0.00  
    0:00:44     693.1      0.09       5.5      17.5                                0.00  
    0:00:44     695.0      0.10       5.6      17.5                                0.00  
    0:00:44     695.7      0.08       5.0      17.5                                0.00  
    0:00:45     697.8      0.08       4.7      17.5                                0.00  
    0:00:45     696.8      0.08       5.6      17.5                                0.00  
    0:00:45     697.1      0.09       5.3      17.5                                0.00  
    0:00:45     699.1      0.08       5.1      17.5                                0.00  
    0:00:46     699.4      0.08       5.0      17.5                                0.00  
    0:00:46     702.4      0.08       4.9      17.5                                0.00  
    0:00:46     703.6      0.07       4.5      17.5                                0.00  
    0:00:46     704.8      0.07       4.2      17.5                                0.00  
    0:00:47     710.4      0.06       4.1      17.5                                0.00  
    0:00:47     711.7      0.06       4.0      17.5                                0.00  
    0:00:47     712.5      0.06       3.9      17.5                                0.00  
    0:00:48     715.2      0.06       3.8      17.5                                0.00  
    0:00:48     715.2      0.06       3.8      17.5                                0.00  
    0:00:48     715.2      0.06       3.8      17.5                                0.00  
    0:00:48     715.2      0.06       3.8      17.5                                0.00  
    0:00:48     715.2      0.06       3.8      17.5                                0.00  
    0:00:48     715.2      0.06       3.8      17.5                                0.00  
    0:00:48     722.8      0.05       3.2      17.5 s2_zero_reg/D                  0.00  
    0:00:49     726.6      0.04       2.6      17.5 s2_zero_reg/D                  0.00  
    0:00:50     733.1      0.04       2.4      17.5 s1_mb_aligned_reg[12]/D        0.00  
    0:00:51     737.5      0.04       2.2      17.5 s1_mb_aligned_reg[12]/D        0.00  
    0:00:51     740.2      0.03       1.9      17.5 s3_ed_reg[6]/D                 0.00  
    0:00:52     744.7      0.03       1.8      17.5 s2_zero_reg/D                  0.00  
    0:00:53     745.5      0.03       1.8      17.5 s2_zero_reg/D                  0.00  
    0:00:54     748.3      0.03       1.8      17.5 s3_ed_reg[6]/D                 0.00  
    0:00:54     751.5      0.03       1.7      17.5 s1_mb_aligned_reg[12]/D        0.00  
    0:00:54     751.6      0.03       1.7      17.5                                0.00  



  Beginning Delay Optimization Phase
  ----------------------------------

                                  TOTAL                                                  
   ELAPSED            WORST NEG   SETUP    DESIGN                              MIN DELAY 
    TIME      AREA      SLACK     COST    RULE COST         ENDPOINT             COST    
  --------- --------- --------- --------- --------- ------------------------- -----------
    0:00:54     751.6      0.03       1.7      17.5                                0.00  
    0:00:54     750.9      0.03       1.4      17.5 s1_mb_aligned_reg[12]/D        0.00  
    0:00:55     751.2      0.03       1.3      17.5 s2_zero_reg/D                  0.00  
    0:00:55     753.2      0.02       1.3      17.5 s3_md_norm_reg[22]/D           0.00  
    0:00:56     753.5      0.02       1.3      17.5 s3_md_norm_reg[21]/D           0.00  
    0:00:56     755.2      0.02       1.2      17.5 s3_md_norm_reg[18]/D           0.00  
    0:00:56     755.6      0.02       1.2      17.5 s2_zero_reg/D                  0.00  
    0:00:56     758.2      0.02       1.2      17.5 s3_ed_reg[6]/D                 0.00  
    0:00:56     759.1      0.02       1.2      17.5 s2_zero_reg/D                  0.00  
    0:00:57     761.2      0.02       1.2      17.5 s1_mb_aligned_reg[12]/D        0.00  
    0:00:57     763.4      0.02       1.1      17.5 s2_zero_reg/D                  0.00  
    0:00:57     764.2      0.02       1.1      17.5 s2_zero_reg/D                  0.00  
    0:00:58     765.2      0.02       1.1      17.5 s1_mb_aligned_reg[12]/D        0.00  
    0:00:58     766.1      0.02       1.0      17.5 s3_ed_reg[6]/D                 0.00  
    0:00:58     767.6      0.02       1.0      17.5 s2_zero_reg/D                  0.00  
    0:00:59     769.5      0.02       1.0      17.5 s2_zero_reg/D                  0.00  
    0:00:59     770.3      0.02       0.9      17.5 s3_ed_reg[6]/D                 0.00  
    0:00:59     774.7      0.02       0.9      17.5 s2_zero_reg/D                  0.00  
    0:00:59     775.6      0.02       0.9      17.5 s2_zero_reg/D                  0.00  
    0:01:00     775.7      0.02       0.9      17.5 s2_zero_reg/D                  0.00  
    0:01:00     775.8      0.02       0.9      17.5 s2_zero_reg/D                  0.00  
    0:01:00     775.8      0.02       0.9      17.5 s1_mb_aligned_reg[12]/D        0.00  
    0:01:00     777.3      0.02       0.9      17.5 s3_ed_reg[6]/D                 0.00  
    0:01:01     781.2      0.02       0.9      17.5 s2_zero_reg/D                  0.00  
    0:01:01     781.3      0.02       0.9      17.5 s2_zero_reg/D                  0.00  
    0:01:01     783.3      0.02       0.9      17.5 s1_mb_aligned_reg[4]/D         0.00  
    0:01:02     783.6      0.02       0.9      17.5 s1_mb_aligned_reg[4]/D         0.00  
    0:01:02     784.5      0.02       0.8      17.5 s1_mb_aligned_reg[12]/D        0.00  
    0:01:02     784.2      0.02       0.7      17.5 s2_zero_reg/D                  0.00  
    0:01:02     785.5      0.01       0.6      17.5 s2_zero_reg/D                  0.00  
    0:01:02     786.5      0.01       0.6      17.5 s1_mb_aligned_reg[12]/D        0.00  
    0:01:02     786.9      0.01       0.6      17.5 s2_zero_reg/D                  0.00  
    0:01:03     787.5      0.01       0.6      17.5 s2_zero_reg/D                  0.00  
    0:01:03     788.9      0.01       0.6      17.5 s2_zero_reg/D                  0.00  
    0:01:03     789.7      0.01       0.5      17.5 s3_md_norm_reg[21]/D           0.00  
    0:01:03     789.9      0.01       0.5      17.5 s3_md_norm_reg[9]/D            0.00  
    0:01:03     790.1      0.01       0.5      17.5 s1_mb_aligned_reg[12]/D        0.00  
    0:01:04     790.6      0.01       0.5      17.5 s2_zero_reg/D                  0.00  
    0:01:04     790.8      0.01       0.5      17.5 s1_mb_aligned_reg[12]/D        0.00  
    0:01:04     791.1      0.01       0.5      17.5 s3_md_norm_reg[19]/D           0.00  
    0:01:06     790.8      0.01       0.5      17.5 s2_zero_reg/D                  0.00  
    0:01:07     791.2      0.01       0.4      17.5                                0.00  
    0:01:07     791.2      0.01       0.4      17.5                                0.00  


  Beginning Design Rule Fixing  (min_path)  (min_capacitance)
  ----------------------------

                                  TOTAL                                                  
   ELAPSED            WORST NEG   SETUP    DESIGN                              MIN DELAY 
    TIME      AREA      SLACK     COST    RULE COST         ENDPOINT             COST    
  --------- --------- --------- --------- --------- ------------------------- -----------
    0:01:07     791.2      0.01       0.4      17.5                               -0.03  
    0:01:08     791.2      0.01       0.4      17.5 s2_zero_reg/D                 -0.03  
    0:01:08     792.4      0.01       0.4      17.5 s3_md_norm_reg[20]/D          -0.03  
    0:01:08     793.4      0.01       0.4      17.5 s3_md_norm_reg[16]/D          -0.03  
    0:01:08     794.2      0.01       0.4      17.5 s2_zero_reg/D                 -0.03  
    0:01:09     797.1      0.01       0.4      17.5 s2_zero_reg/D                 -0.03  
    0:01:09     797.4      0.01       0.4      17.5 s3_ed_reg[6]/D                -0.03  
    0:01:09     798.1      0.01       0.4      17.5 s1_mb_aligned_reg[11]/D       -0.03  
    0:01:10     799.3      0.01       0.4      17.5 s3_ed_reg[6]/D                -0.03  
    0:01:10     801.7      0.01       0.4      17.5 s1_mb_aligned_reg[14]/D       -0.03  
    0:01:10     803.7      0.01       0.3      17.5 s3_ed_reg[6]/D                -0.03  
    0:01:11     803.9      0.01       0.3      17.5                               -0.03  
    0:01:11     804.3      0.01       0.3      17.5                               -0.03  
    0:01:11     804.8      0.01       0.3      17.5                               -0.03  
    0:01:12     806.1      0.01       0.3      17.5                               -0.03  
    0:01:12     806.5      0.01       0.2      17.5                               -0.03  
    0:01:13     807.1      0.01       0.2      17.5                               -0.03  


  Beginning Area-Recovery Phase  (max_area 0)
  -----------------------------

                                  TOTAL                                                  
   ELAPSED            WORST NEG   SETUP    DESIGN                              MIN DELAY 
    TIME      AREA      SLACK     COST    RULE COST         ENDPOINT             COST    
  --------- --------- --------- --------- --------- ------------------------- -----------
    0:01:13     807.1      0.01       0.2      17.5                               -0.03  
    0:01:13     807.1      0.01       0.2      17.5                               -0.03  
    0:01:13     799.8      0.01       0.3      17.5                               -0.03  
    0:01:13     798.6      0.01       0.3      17.5                               -0.03  
    0:01:13     798.3      0.01       0.3      17.5                               -0.03  
    0:01:13     798.3      0.01       0.3      17.5                               -0.03  
    0:01:13     798.3      0.01       0.3      17.5                               -0.03  
    0:01:13     798.3      0.01       0.3      17.5                               -0.03  
    0:01:13     799.0      0.01       0.3      17.5                               -0.03  
    0:01:14     800.1      0.01       0.3      17.5                               -0.03  
    0:01:14     801.2      0.01       0.3      17.5                               -0.03  
    0:01:14     801.6      0.01       0.3      17.5                               -0.03  
    0:01:14     802.9      0.01       0.2      17.5                               -0.03  
    0:01:15     794.0      0.02       0.4      17.5                               -0.03  
    0:01:15     789.4      0.02       0.5      17.5                               -0.03  
    0:01:15     789.3      0.02       0.5      17.5                               -0.03  
    0:01:15     789.3      0.02       0.5      17.5                               -0.03  
    0:01:15     789.3      0.02       0.5      17.5                               -0.03  
    0:01:15     789.3      0.02       0.5      17.5                               -0.03  
    0:01:15     789.3      0.02       0.5      17.5                               -0.03  
    0:01:15     789.3      0.02       0.5      17.5                               -0.03  
    0:01:16     790.6      0.01       0.3      17.5 s3_ed_reg[6]/D                -0.03  
    0:01:16     791.8      0.01       0.2      17.5                               -0.03  
    0:01:17     792.4      0.01       0.2      17.5                               -0.03  
    0:01:17     793.0      0.01       0.2      17.5 s3_ed_reg[6]/D                -0.03  
    0:01:18     795.5      0.01       0.2      17.5 s2_zero_reg/D                 -0.03  
    0:01:18     796.2      0.01       0.2      17.5 s2_zero_reg/D                 -0.03  
    0:01:18     797.7      0.01       0.2      17.5 s2_zero_reg/D                 -0.03  
    0:01:19     799.7      0.01       0.2      17.5 s2_zero_reg/D                 -0.03  
    0:01:19     800.3      0.01       0.2      17.5 s2_zero_reg/D                 -0.03  
    0:01:19     804.2      0.01       0.2      17.5 s1_mb_aligned_reg[8]/D        -0.03  
    0:01:20     803.7      0.01       0.2      17.5                               -0.03  
    0:01:20     799.7      0.01       0.2      17.5                               -0.03  
    0:01:20     798.3      0.01       0.2      17.5                               -0.03  
    0:01:21     798.3      0.01       0.2      17.5                               -0.03  
    0:01:21     789.8      0.02       0.3      17.5                               -0.03  
    0:01:21     788.5      0.02       0.3      17.5                               -0.03  
    0:01:21     788.5      0.02       0.3      17.5                               -0.03  
    0:01:21     788.5      0.02       0.3      17.5                               -0.03  
    0:01:21     788.5      0.02       0.3      17.5                               -0.03  
    0:01:21     788.5      0.02       0.3      17.5                               -0.03  
    0:01:21     788.5      0.02       0.3      17.5                               -0.03  
    0:01:22     791.4      0.01       0.2      17.5 s1_mb_aligned_reg[18]/D       -0.03  
    0:01:22     793.2      0.01       0.2      17.5 s2_zero_reg/D                 -0.03  
    0:01:23     793.2      0.01       0.2      17.5 s2_zero_reg/D                 -0.03  
    0:01:23     793.3      0.01       0.2      17.5 s2_zero_reg/D                 -0.03  
    0:01:23     793.0      0.01       0.2      17.5                               -0.03  
    0:01:23     792.8      0.01       0.2      17.5                                0.00  
    0:01:24     793.3      0.01       0.2      17.5                                0.00  
    0:01:24     793.8      0.01       0.1      17.5                                0.00  
    0:01:24     794.1      0.01       0.1      17.5 s2_zero_reg/D                  0.00  
    0:01:25     795.2      0.01       0.1      17.5 s2_zero_reg/D                  0.00  
    0:01:25     796.6      0.01       0.1      17.5 s3_ed_reg[6]/D                 0.00  
    0:01:25     792.0      0.01       0.1      17.5                                0.00  


Note: Symbol # after min delay cost means estimated hold TNS across all active scenarios 


  Optimization Complete
  ---------------------
Warning: The specified replacement character (_) is conflicting with the specified allowed or restricted character.   (UCN-4)
Warning: In the design FLP_adder_DW01_sub_17, net 'B[0]' is connecting multiple ports. (UCN-1)
Warning: In the design FLP_adder_DW01_sub_17, net 'B[0]' is connecting multiple ports. (UCN-1)
Removing port 'A[1]' from design 'FLP_adder_DW01_add_10'
Removing port 'A[0]' from design 'FLP_adder_DW01_add_10'
Removing port 'CI' from design 'FLP_adder_DW01_add_10'
Removing port 'CO' from design 'FLP_adder_DW01_add_10'
Removing port 'A[27]' from design 'FLP_adder_DW01_sub_26'
Removing port 'A[26]' from design 'FLP_adder_DW01_sub_26'
Removing port 'A[25]' from design 'FLP_adder_DW01_sub_26'
Removing port 'A[24]' from design 'FLP_adder_DW01_sub_26'
Removing port 'A[23]' from design 'FLP_adder_DW01_sub_26'
Removing port 'A[22]' from design 'FLP_adder_DW01_sub_26'
Removing port 'A[21]' from design 'FLP_adder_DW01_sub_26'
Removing port 'A[20]' from design 'FLP_adder_DW01_sub_26'
Removing port 'A[19]' from design 'FLP_adder_DW01_sub_26'
Removing port 'A[18]' from design 'FLP_adder_DW01_sub_26'
Removing port 'A[17]' from design 'FLP_adder_DW01_sub_26'
Removing port 'A[16]' from design 'FLP_adder_DW01_sub_26'
Removing port 'A[15]' from design 'FLP_adder_DW01_sub_26'
Removing port 'A[14]' from design 'FLP_adder_DW01_sub_26'
Removing port 'A[13]' from design 'FLP_adder_DW01_sub_26'
Removing port 'A[12]' from design 'FLP_adder_DW01_sub_26'
Removing port 'A[11]' from design 'FLP_adder_DW01_sub_26'
Removing port 'A[10]' from design 'FLP_adder_DW01_sub_26'
Removing port 'A[9]' from design 'FLP_adder_DW01_sub_26'
Removing port 'A[8]' from design 'FLP_adder_DW01_sub_26'
Removing port 'A[7]' from design 'FLP_adder_DW01_sub_26'
Removing port 'A[6]' from design 'FLP_adder_DW01_sub_26'
Removing port 'A[5]' from design 'FLP_adder_DW01_sub_26'
Removing port 'A[4]' from design 'FLP_adder_DW01_sub_26'
Removing port 'A[3]' from design 'FLP_adder_DW01_sub_26'
Removing port 'A[2]' from design 'FLP_adder_DW01_sub_26'
Removing port 'A[1]' from design 'FLP_adder_DW01_sub_26'
Removing port 'A[0]' from design 'FLP_adder_DW01_sub_26'
Removing port 'B[27]' from design 'FLP_adder_DW01_sub_26'
Removing port 'B[26]' from design 'FLP_adder_DW01_sub_26'
Removing port 'B[25]' from design 'FLP_adder_DW01_sub_26'
Removing port 'B[1]' from design 'FLP_adder_DW01_sub_26'
Removing port 'B[0]' from design 'FLP_adder_DW01_sub_26'
Removing port 'CI' from design 'FLP_adder_DW01_sub_26'
Removing port 'DIFF[27]' from design 'FLP_adder_DW01_sub_26'
Removing port 'DIFF[26]' from design 'FLP_adder_DW01_sub_26'
Removing port 'DIFF[1]' from design 'FLP_adder_DW01_sub_26'
Removing port 'DIFF[0]' from design 'FLP_adder_DW01_sub_26'
Removing port 'CO' from design 'FLP_adder_DW01_sub_26'
Removing port 'CI' from design 'FLP_adder_DW01_sub_23'
Removing port 'CO' from design 'FLP_adder_DW01_sub_23'
Removing port 'CI' from design 'FLP_adder_DW01_sub_22'
Removing port 'CO' from design 'FLP_adder_DW01_sub_22'
Removing port 'A[27]' from design 'FLP_adder_DW01_sub_17'
Removing port 'A[26]' from design 'FLP_adder_DW01_sub_17'
Removing port 'A[25]' from design 'FLP_adder_DW01_sub_17'
Removing port 'A[24]' from design 'FLP_adder_DW01_sub_17'
Removing port 'A[23]' from design 'FLP_adder_DW01_sub_17'
Removing port 'A[22]' from design 'FLP_adder_DW01_sub_17'
Removing port 'A[21]' from design 'FLP_adder_DW01_sub_17'
Removing port 'A[20]' from design 'FLP_adder_DW01_sub_17'
Removing port 'A[19]' from design 'FLP_adder_DW01_sub_17'
Removing port 'A[18]' from design 'FLP_adder_DW01_sub_17'
Removing port 'A[17]' from design 'FLP_adder_DW01_sub_17'
Removing port 'A[16]' from design 'FLP_adder_DW01_sub_17'
Removing port 'A[15]' from design 'FLP_adder_DW01_sub_17'
Removing port 'A[14]' from design 'FLP_adder_DW01_sub_17'
Removing port 'A[13]' from design 'FLP_adder_DW01_sub_17'
Removing port 'A[12]' from design 'FLP_adder_DW01_sub_17'
Removing port 'A[11]' from design 'FLP_adder_DW01_sub_17'
Removing port 'A[10]' from design 'FLP_adder_DW01_sub_17'
Removing port 'A[9]' from design 'FLP_adder_DW01_sub_17'
Removing port 'A[8]' from design 'FLP_adder_DW01_sub_17'
Removing port 'A[7]' from design 'FLP_adder_DW01_sub_17'
Removing port 'A[6]' from design 'FLP_adder_DW01_sub_17'
Removing port 'A[5]' from design 'FLP_adder_DW01_sub_17'
Removing port 'A[4]' from design 'FLP_adder_DW01_sub_17'
Removing port 'A[3]' from design 'FLP_adder_DW01_sub_17'
Removing port 'A[2]' from design 'FLP_adder_DW01_sub_17'
Removing port 'A[1]' from design 'FLP_adder_DW01_sub_17'
Removing port 'A[0]' from design 'FLP_adder_DW01_sub_17'
Removing port 'CI' from design 'FLP_adder_DW01_sub_17'
Removing port 'CO' from design 'FLP_adder_DW01_sub_17'
Removing port 'A[9]' from design 'FLP_adder_DW01_sub_11'
Removing port 'A[8]' from design 'FLP_adder_DW01_sub_11'
Removing port 'B[9]' from design 'FLP_adder_DW01_sub_11'
Removing port 'B[8]' from design 'FLP_adder_DW01_sub_11'
Removing port 'B[7]' from design 'FLP_adder_DW01_sub_11'
Removing port 'B[6]' from design 'FLP_adder_DW01_sub_11'
Removing port 'CI' from design 'FLP_adder_DW01_sub_11'
Removing port 'DIFF[9]' from design 'FLP_adder_DW01_sub_11'
Removing port 'DIFF[8]' from design 'FLP_adder_DW01_sub_11'
Removing port 'CO' from design 'FLP_adder_DW01_sub_11'
Removing port 'A[27]' from design 'FLP_adder_DW01_sub_10'
Removing port 'A[26]' from design 'FLP_adder_DW01_sub_10'
Removing port 'A[25]' from design 'FLP_adder_DW01_sub_10'
Removing port 'A[24]' from design 'FLP_adder_DW01_sub_10'
Removing port 'A[23]' from design 'FLP_adder_DW01_sub_10'
Removing port 'A[22]' from design 'FLP_adder_DW01_sub_10'
Removing port 'A[21]' from design 'FLP_adder_DW01_sub_10'
Removing port 'A[20]' from design 'FLP_adder_DW01_sub_10'
Removing port 'A[19]' from design 'FLP_adder_DW01_sub_10'
Removing port 'A[18]' from design 'FLP_adder_DW01_sub_10'
Removing port 'A[17]' from design 'FLP_adder_DW01_sub_10'
Removing port 'A[16]' from design 'FLP_adder_DW01_sub_10'
Removing port 'A[15]' from design 'FLP_adder_DW01_sub_10'
Removing port 'A[14]' from design 'FLP_adder_DW01_sub_10'
Removing port 'A[13]' from design 'FLP_adder_DW01_sub_10'
Removing port 'A[12]' from design 'FLP_adder_DW01_sub_10'
Removing port 'A[11]' from design 'FLP_adder_DW01_sub_10'
Removing port 'A[10]' from design 'FLP_adder_DW01_sub_10'
Removing port 'A[9]' from design 'FLP_adder_DW01_sub_10'
Removing port 'A[8]' from design 'FLP_adder_DW01_sub_10'
Removing port 'A[7]' from design 'FLP_adder_DW01_sub_10'
Removing port 'A[6]' from design 'FLP_adder_DW01_sub_10'
Removing port 'A[5]' from design 'FLP_adder_DW01_sub_10'
Removing port 'A[4]' from design 'FLP_adder_DW01_sub_10'
Removing port 'A[3]' from design 'FLP_adder_DW01_sub_10'
Removing port 'A[2]' from design 'FLP_adder_DW01_sub_10'
Removing port 'A[1]' from design 'FLP_adder_DW01_sub_10'
Removing port 'A[0]' from design 'FLP_adder_DW01_sub_10'
Removing port 'B[27]' from design 'FLP_adder_DW01_sub_10'
Removing port 'B[26]' from design 'FLP_adder_DW01_sub_10'
Removing port 'B[25]' from design 'FLP_adder_DW01_sub_10'
Removing port 'B[1]' from design 'FLP_adder_DW01_sub_10'
Removing port 'B[0]' from design 'FLP_adder_DW01_sub_10'
Removing port 'CI' from design 'FLP_adder_DW01_sub_10'
Removing port 'DIFF[27]' from design 'FLP_adder_DW01_sub_10'
Removing port 'DIFF[26]' from design 'FLP_adder_DW01_sub_10'
Removing port 'DIFF[2]' from design 'FLP_adder_DW01_sub_10'
Removing port 'DIFF[1]' from design 'FLP_adder_DW01_sub_10'
Removing port 'DIFF[0]' from design 'FLP_adder_DW01_sub_10'
Removing port 'CO' from design 'FLP_adder_DW01_sub_10'
Removing port 'A[1]' from design 'FLP_adder_DW01_add_4'
Removing port 'A[0]' from design 'FLP_adder_DW01_add_4'
Removing port 'B[26]' from design 'FLP_adder_DW01_add_4'
Removing port 'B[25]' from design 'FLP_adder_DW01_add_4'
Removing port 'B[24]' from design 'FLP_adder_DW01_add_4'
Removing port 'B[23]' from design 'FLP_adder_DW01_add_4'
Removing port 'B[22]' from design 'FLP_adder_DW01_add_4'
Removing port 'B[21]' from design 'FLP_adder_DW01_add_4'
Removing port 'B[20]' from design 'FLP_adder_DW01_add_4'
Removing port 'B[19]' from design 'FLP_adder_DW01_add_4'
Removing port 'B[18]' from design 'FLP_adder_DW01_add_4'
Removing port 'B[17]' from design 'FLP_adder_DW01_add_4'
Removing port 'B[16]' from design 'FLP_adder_DW01_add_4'
Removing port 'B[15]' from design 'FLP_adder_DW01_add_4'
Removing port 'B[14]' from design 'FLP_adder_DW01_add_4'
Removing port 'B[13]' from design 'FLP_adder_DW01_add_4'
Removing port 'B[12]' from design 'FLP_adder_DW01_add_4'
Removing port 'B[11]' from design 'FLP_adder_DW01_add_4'
Removing port 'B[10]' from design 'FLP_adder_DW01_add_4'
Removing port 'B[9]' from design 'FLP_adder_DW01_add_4'
Removing port 'B[8]' from design 'FLP_adder_DW01_add_4'
Removing port 'B[7]' from design 'FLP_adder_DW01_add_4'
Removing port 'B[6]' from design 'FLP_adder_DW01_add_4'
Removing port 'B[5]' from design 'FLP_adder_DW01_add_4'
Removing port 'B[4]' from design 'FLP_adder_DW01_add_4'
Removing port 'B[3]' from design 'FLP_adder_DW01_add_4'
Removing port 'B[2]' from design 'FLP_adder_DW01_add_4'
Removing port 'B[1]' from design 'FLP_adder_DW01_add_4'
Removing port 'B[0]' from design 'FLP_adder_DW01_add_4'
Removing port 'CI' from design 'FLP_adder_DW01_add_4'
Removing port 'SUM[1]' from design 'FLP_adder_DW01_add_4'
Removing port 'SUM[0]' from design 'FLP_adder_DW01_add_4'
Removing port 'CO' from design 'FLP_adder_DW01_add_4'
Information: Updating design information... (UID-85)

Information: Checking generated_clocks...

Information: Checking loops...

Information: Checking no_input_delay...

Information: Checking unconstrained_endpoints...

Information: Checking pulse_clock_cell_type...

Information: Checking no_driving_cell...

Information: Checking partial_input_delay...
1

 
****************************************
Report : timing
        -path full
        -delay max
        -max_paths 1
        -sort_by group
Design : FLP_adder
Version: T-2022.03
Date   : Mon Oct  5 20:42:02 2026
****************************************

Operating Conditions: ss0p72vm40c   Library: N16ADFP_StdCellss0p72vm40c_ccs
Wire Load Model Mode: top

  Startpoint: s2_md_reg_16_
              (rising edge-triggered flip-flop clocked by clk)
  Endpoint: s3_ed_reg_6_
            (rising edge-triggered flip-flop clocked by clk)
  Path Group: clk
  Path Type: max

  Des/Clust/Port     Wire Load Model       Library
  ------------------------------------------------
  FLP_adder          ZeroWireload          N16ADFP_StdCellss0p72vm40c_ccs

  Point                                                   Incr       Path
  --------------------------------------------------------------------------
  clock clk (rise edge)                               0.000000   0.000000
  clock network delay (ideal)                         0.000000   0.000000
  s2_md_reg_16_/CP (DFQD2BWP16P90LVT)                 0.000000   0.000000 r
  s2_md_reg_16_/Q (DFQD2BWP16P90LVT)                  0.042614   0.042614 f
  U581/ZN (CKND2BWP16P90LVT)                          0.007777   0.050391 r
  U576/Z (AN2D1BWP16P90LVT)                           0.015416   0.065807 r
  U762/Z (AN4D4BWP16P90LVT)                           0.021755   0.087562 r
  U956/Z (AN2D4BWP16P90LVT)                           0.016531   0.104092 r
  U620/ZN (ND3D2BWP16P90LVT)                          0.010162   0.114254 f
  U643/Z (AN2D2BWP16P90LVT)                           0.015539   0.129793 f
  U799/Z (AN2D2BWP16P90LVT)                           0.012453   0.142246 f
  U973/ZN (ND2D2BWP16P90LVT)                          0.006426   0.148672 r
  U787/ZN (CKND2BWP16P90LVT)                          0.007477   0.156150 f
  U646/ZN (OAI32D4BWP16P90LVT)                        0.015469   0.171618 r
  sub_110/B[3] (FLP_adder_DW01_sub_11)                0.000000   0.171618 r
  sub_110/U77/ZN (CKND2BWP16P90LVT)                   0.008720   0.180338 f
  sub_110/U76/ZN (ND2D2BWP16P90LVT)                   0.005881   0.186219 r
  sub_110/U97/ZN (OAI21D2BWP16P90LVT)                 0.008865   0.195084 f
  sub_110/U115/ZN (AOI21D2BWP16P90LVT)                0.008228   0.203312 r
  sub_110/U119/ZN (OAI21D1BWP16P90LVT)                0.011293   0.214605 f
  sub_110/U86/ZN (XNR2D1BWP16P90LVT)                  0.017715   0.232320 r
  sub_110/DIFF[6] (FLP_adder_DW01_sub_11)             0.000000   0.232320 r
  U1828/Z (AN2D1BWP16P90LVT)                          0.012024   0.244345 r
  s3_ed_reg_6_/D (DFQD2BWP16P90LVT)                   0.000000   0.244345 r
  data arrival time                                              0.244345

  clock clk (rise edge)                               0.253000   0.253000
  clock network delay (ideal)                         0.000000   0.253000
  s3_ed_reg_6_/CP (DFQD2BWP16P90LVT)                  0.000000   0.253000 r
  library setup time                                  -0.013689  0.239311
  data required time                                             0.239311
  --------------------------------------------------------------------------
  data required time                                             0.239311
  data arrival time                                              -0.244345
  --------------------------------------------------------------------------
  slack (VIOLATED)                                               -0.005034


Writing ddc file '/MasterClass/M143010027_ALU/Hws/HW1/gate_level/FLP_adder_4/Delay/round2/design.ddc'.
Writing verilog file '/MasterClass/M143010027_ALU/Hws/HW1/gate_level/FLP_adder_4/Delay/round2/netlist.v'.
Warning: Verilog 'assign' or 'tran' statements are written out. (VO-4)
Information: Annotated 'cell' delays are assumed to include load delay. (UID-282)
Information: Writing timing information to file '/MasterClass/M143010027_ALU/Hws/HW1/gate_level/FLP_adder_4/Delay/round2/timing.sdf'. (WT-3)
HW1_DC_COMPLETE: FLP_adder_4 Delay period=0.253 ns
exit 0

Memory usage for this session 1667 Mbytes.
Memory usage for this session including child processes 1667 Mbytes.
CPU usage for this session 180 seconds ( 0.05 hours ).
Elapsed time for this session 186 seconds ( 0.05 hours ).

Thank you...
