
   ***   $sdf_annotate() version 1.2R
   ***    SDF file: "/MasterClass/M143010027_ALU/Hws/HW1/gate_level/FLP_adder_7/Area/round6/timing.sdf"
   ***    Annotation scope: testbench.test_module
   ***    SDF Annotator log file: "sdf_annotation.log"
   ***    MTM selection: "MAXIMUM"
   ***    No SCALE FACTORS argument specified
   ***    No SCALE TYPE argument specified
   ***    SCALE FACTORS defaulted to "1.0:1.0:1.0":
   ***    SCALE TYPE defaulted to: "FROM_MTM"
   ***    Turnoff delay: "FROM_FILE"
   ***    Approximation (mipd) policy: "MAXIMUM"

   ***    SDF annotation begin: Mon Oct  5 20:46:11 2026


SDF Info: +pulse_r/100, +pulse_e/100 in effect

Warning-[SDFCOM_IWSBA] INTERCONNECT will still be annotated
/MasterClass/M143010027_ALU/Hws/HW1/gate_level/FLP_adder_7/Area/round6/timing.sdf, 1117
module: XOR2D1BWP16P90LVT, "instance: testbench.test_module.add_127.U28"
  SDF Warning: INTERCONNECT from add_127.U28.Z to U866.I has Instance at 
  /MasterClass/M143010027_ALU/Hws/HW1/gate_level/FLP_adder_7/Area/round6/netlist.v:1650,
  delay will still be annotated.


Warning-[SDFCOM_IWSBA] INTERCONNECT will still be annotated
/MasterClass/M143010027_ALU/Hws/HW1/gate_level/FLP_adder_7/Area/round6/timing.sdf, 1120
module: XOR2D1BWP16P90LVT, "instance: testbench.test_module.add_127.U29"
  SDF Warning: INTERCONNECT from add_127.U29.Z to U865.B1 has Instance at 
  /MasterClass/M143010027_ALU/Hws/HW1/gate_level/FLP_adder_7/Area/round6/netlist.v:1650,
  delay will still be annotated.


Warning-[SDFCOM_IWSBA] INTERCONNECT will still be annotated
/MasterClass/M143010027_ALU/Hws/HW1/gate_level/FLP_adder_7/Area/round6/timing.sdf, 1130
module: XOR2D1BWP16P90LVT, "instance: testbench.test_module.add_127.U30"
  SDF Warning: INTERCONNECT from add_127.U30.Z to U863.B2 has Instance at 
  /MasterClass/M143010027_ALU/Hws/HW1/gate_level/FLP_adder_7/Area/round6/netlist.v:1650,
  delay will still be annotated.


Warning-[SDFCOM_IWSBA] INTERCONNECT will still be annotated
/MasterClass/M143010027_ALU/Hws/HW1/gate_level/FLP_adder_7/Area/round6/timing.sdf, 1136
module: XOR2D1BWP16P90LVT, "instance: testbench.test_module.add_127.U31"
  SDF Warning: INTERCONNECT from add_127.U31.Z to U861.B2 has Instance at 
  /MasterClass/M143010027_ALU/Hws/HW1/gate_level/FLP_adder_7/Area/round6/netlist.v:1650,
  delay will still be annotated.


Warning-[SDFCOM_IWSBA] INTERCONNECT will still be annotated
/MasterClass/M143010027_ALU/Hws/HW1/gate_level/FLP_adder_7/Area/round6/timing.sdf, 1142
module: XOR2D1BWP16P90LVT, "instance: testbench.test_module.add_127.U32"
  SDF Warning: INTERCONNECT from add_127.U32.Z to U859.B2 has Instance at 
  /MasterClass/M143010027_ALU/Hws/HW1/gate_level/FLP_adder_7/Area/round6/netlist.v:1650,
  delay will still be annotated.


Warning-[SDFCOM_IWSBA] INTERCONNECT will still be annotated
/MasterClass/M143010027_ALU/Hws/HW1/gate_level/FLP_adder_7/Area/round6/timing.sdf, 1148
module: XOR2D1BWP16P90LVT, "instance: testbench.test_module.add_127.U33"
  SDF Warning: INTERCONNECT from add_127.U33.Z to U857.B2 has Instance at 
  /MasterClass/M143010027_ALU/Hws/HW1/gate_level/FLP_adder_7/Area/round6/netlist.v:1650,
  delay will still be annotated.


Warning-[SDFCOM_IWSBA] INTERCONNECT will still be annotated
/MasterClass/M143010027_ALU/Hws/HW1/gate_level/FLP_adder_7/Area/round6/timing.sdf, 1154
module: XOR2D1BWP16P90LVT, "instance: testbench.test_module.add_127.U34"
  SDF Warning: INTERCONNECT from add_127.U34.Z to U855.B2 has Instance at 
  /MasterClass/M143010027_ALU/Hws/HW1/gate_level/FLP_adder_7/Area/round6/netlist.v:1650,
  delay will still be annotated.


Warning-[SDFCOM_IWSBA] INTERCONNECT will still be annotated
/MasterClass/M143010027_ALU/Hws/HW1/gate_level/FLP_adder_7/Area/round6/timing.sdf, 1160
module: XOR2D1BWP16P90LVT, "instance: testbench.test_module.add_127.U35"
  SDF Warning: INTERCONNECT from add_127.U35.Z to U853.B2 has Instance at 
  /MasterClass/M143010027_ALU/Hws/HW1/gate_level/FLP_adder_7/Area/round6/netlist.v:1650,
  delay will still be annotated.


Warning-[SDFCOM_IWSBA] INTERCONNECT will still be annotated
/MasterClass/M143010027_ALU/Hws/HW1/gate_level/FLP_adder_7/Area/round6/timing.sdf, 1166
module: XOR2D1BWP16P90LVT, "instance: testbench.test_module.add_127.U36"
  SDF Warning: INTERCONNECT from add_127.U36.Z to U851.B2 has Instance at 
  /MasterClass/M143010027_ALU/Hws/HW1/gate_level/FLP_adder_7/Area/round6/netlist.v:1650,
  delay will still be annotated.


Warning-[SDFCOM_IWSBA] INTERCONNECT will still be annotated
/MasterClass/M143010027_ALU/Hws/HW1/gate_level/FLP_adder_7/Area/round6/timing.sdf, 1172
module: XOR2D1BWP16P90LVT, "instance: testbench.test_module.add_127.U37"
  SDF Warning: INTERCONNECT from add_127.U37.Z to U849.B2 has Instance at 
  /MasterClass/M143010027_ALU/Hws/HW1/gate_level/FLP_adder_7/Area/round6/netlist.v:1650,
  delay will still be annotated.


Warning-[SDFCOM_IWSBA] INTERCONNECT will still be annotated
/MasterClass/M143010027_ALU/Hws/HW1/gate_level/FLP_adder_7/Area/round6/timing.sdf, 1178
module: XOR2D1BWP16P90LVT, "instance: testbench.test_module.add_127.U38"
  SDF Warning: INTERCONNECT from add_127.U38.Z to U847.B2 has Instance at 
  /MasterClass/M143010027_ALU/Hws/HW1/gate_level/FLP_adder_7/Area/round6/netlist.v:1650,
  delay will still be annotated.


Warning-[SDFCOM_IWSBA] INTERCONNECT will still be annotated
/MasterClass/M143010027_ALU/Hws/HW1/gate_level/FLP_adder_7/Area/round6/timing.sdf, 1184
module: XOR2D1BWP16P90LVT, "instance: testbench.test_module.add_127.U39"
  SDF Warning: INTERCONNECT from add_127.U39.Z to U845.B2 has Instance at 
  /MasterClass/M143010027_ALU/Hws/HW1/gate_level/FLP_adder_7/Area/round6/netlist.v:1650,
  delay will still be annotated.


Warning-[SDFCOM_IWSBA] INTERCONNECT will still be annotated
/MasterClass/M143010027_ALU/Hws/HW1/gate_level/FLP_adder_7/Area/round6/timing.sdf, 1190
module: XOR2D1BWP16P90LVT, "instance: testbench.test_module.add_127.U40"
  SDF Warning: INTERCONNECT from add_127.U40.Z to U843.B2 has Instance at 
  /MasterClass/M143010027_ALU/Hws/HW1/gate_level/FLP_adder_7/Area/round6/netlist.v:1650,
  delay will still be annotated.


Warning-[SDFCOM_IWSBA] INTERCONNECT will still be annotated
/MasterClass/M143010027_ALU/Hws/HW1/gate_level/FLP_adder_7/Area/round6/timing.sdf, 1196
module: XOR2D1BWP16P90LVT, "instance: testbench.test_module.add_127.U41"
  SDF Warning: INTERCONNECT from add_127.U41.Z to U841.B2 has Instance at 
  /MasterClass/M143010027_ALU/Hws/HW1/gate_level/FLP_adder_7/Area/round6/netlist.v:1650,
  delay will still be annotated.


Warning-[SDFCOM_IWSBA] INTERCONNECT will still be annotated
/MasterClass/M143010027_ALU/Hws/HW1/gate_level/FLP_adder_7/Area/round6/timing.sdf, 1202
module: XOR2D1BWP16P90LVT, "instance: testbench.test_module.add_127.U42"
  SDF Warning: INTERCONNECT from add_127.U42.Z to U839.B2 has Instance at 
  /MasterClass/M143010027_ALU/Hws/HW1/gate_level/FLP_adder_7/Area/round6/netlist.v:1650,
  delay will still be annotated.


Warning-[SDFCOM_IWSBA] INTERCONNECT will still be annotated
/MasterClass/M143010027_ALU/Hws/HW1/gate_level/FLP_adder_7/Area/round6/timing.sdf, 1208
module: XOR2D1BWP16P90LVT, "instance: testbench.test_module.add_127.U43"
  SDF Warning: INTERCONNECT from add_127.U43.Z to U837.B2 has Instance at 
  /MasterClass/M143010027_ALU/Hws/HW1/gate_level/FLP_adder_7/Area/round6/netlist.v:1650,
  delay will still be annotated.


Warning-[SDFCOM_IWSBA] INTERCONNECT will still be annotated
/MasterClass/M143010027_ALU/Hws/HW1/gate_level/FLP_adder_7/Area/round6/timing.sdf, 1214
module: XOR2D1BWP16P90LVT, "instance: testbench.test_module.add_127.U44"
  SDF Warning: INTERCONNECT from add_127.U44.Z to U835.B2 has Instance at 
  /MasterClass/M143010027_ALU/Hws/HW1/gate_level/FLP_adder_7/Area/round6/netlist.v:1650,
  delay will still be annotated.


Warning-[SDFCOM_IWSBA] INTERCONNECT will still be annotated
/MasterClass/M143010027_ALU/Hws/HW1/gate_level/FLP_adder_7/Area/round6/timing.sdf, 1220
module: XOR2D1BWP16P90LVT, "instance: testbench.test_module.add_127.U45"
  SDF Warning: INTERCONNECT from add_127.U45.Z to U833.B2 has Instance at 
  /MasterClass/M143010027_ALU/Hws/HW1/gate_level/FLP_adder_7/Area/round6/netlist.v:1650,
  delay will still be annotated.


Warning-[SDFCOM_IWSBA] INTERCONNECT will still be annotated
/MasterClass/M143010027_ALU/Hws/HW1/gate_level/FLP_adder_7/Area/round6/timing.sdf, 1226
module: XOR2D1BWP16P90LVT, "instance: testbench.test_module.add_127.U46"
  SDF Warning: INTERCONNECT from add_127.U46.Z to U831.B2 has Instance at 
  /MasterClass/M143010027_ALU/Hws/HW1/gate_level/FLP_adder_7/Area/round6/netlist.v:1650,
  delay will still be annotated.


Warning-[SDFCOM_IWSBA] INTERCONNECT will still be annotated
/MasterClass/M143010027_ALU/Hws/HW1/gate_level/FLP_adder_7/Area/round6/timing.sdf, 1232
module: XOR2D1BWP16P90LVT, "instance: testbench.test_module.add_127.U47"
  SDF Warning: INTERCONNECT from add_127.U47.Z to U829.B2 has Instance at 
  /MasterClass/M143010027_ALU/Hws/HW1/gate_level/FLP_adder_7/Area/round6/netlist.v:1650,
  delay will still be annotated.


Warning-[SDFCOM_IWSBA] INTERCONNECT will still be annotated
/MasterClass/M143010027_ALU/Hws/HW1/gate_level/FLP_adder_7/Area/round6/timing.sdf, 1238
module: XOR2D1BWP16P90LVT, "instance: testbench.test_module.add_127.U48"
  SDF Warning: INTERCONNECT from add_127.U48.Z to U827.B2 has Instance at 
  /MasterClass/M143010027_ALU/Hws/HW1/gate_level/FLP_adder_7/Area/round6/netlist.v:1650,
  delay will still be annotated.


Warning-[SDFCOM_IWSBA] INTERCONNECT will still be annotated
/MasterClass/M143010027_ALU/Hws/HW1/gate_level/FLP_adder_7/Area/round6/timing.sdf, 1244
module: XOR2D1BWP16P90LVT, "instance: testbench.test_module.add_127.U29"
  SDF Warning: INTERCONNECT from add_127.U29.Z to U825.B2 has Instance at 
  /MasterClass/M143010027_ALU/Hws/HW1/gate_level/FLP_adder_7/Area/round6/netlist.v:1650,
  delay will still be annotated.


Warning-[SDFCOM_IWSBA] INTERCONNECT will still be annotated
/MasterClass/M143010027_ALU/Hws/HW1/gate_level/FLP_adder_7/Area/round6/timing.sdf, 1251
module: XOR2D1BWP16P90LVT, "instance: testbench.test_module.add_127.U27"
  SDF Warning: INTERCONNECT from add_127.U27.Z to U822.B2 has Instance at 
  /MasterClass/M143010027_ALU/Hws/HW1/gate_level/FLP_adder_7/Area/round6/netlist.v:1650,
  delay will still be annotated.


Warning-[SDFCOM_IWSBA] INTERCONNECT will still be annotated
/MasterClass/M143010027_ALU/Hws/HW1/gate_level/FLP_adder_7/Area/round6/timing.sdf, 1261
module: XOR2D1BWP16P90LVT, "instance: testbench.test_module.add_127.U27"
  SDF Warning: INTERCONNECT from add_127.U27.Z to U819.B2 has Instance at 
  /MasterClass/M143010027_ALU/Hws/HW1/gate_level/FLP_adder_7/Area/round6/netlist.v:1650,
  delay will still be annotated.


Warning-[SDFCOM_IWSBA] INTERCONNECT will still be annotated
/MasterClass/M143010027_ALU/Hws/HW1/gate_level/FLP_adder_7/Area/round6/timing.sdf, 1292
module: DFQD2BWP16P90LVT, "instance: testbench.test_module.s3_md_signed_reg_0_"
  SDF Warning: INTERCONNECT from s3_md_signed_reg_0_.Q to U810.B3 has Instance
  at 
  /MasterClass/M143010027_ALU/Hws/HW1/gate_level/FLP_adder_7/Area/round6/netlist.v:1675,
  delay will still be annotated.


Warning-[SDFCOM_IWSBA] INTERCONNECT will still be annotated
/MasterClass/M143010027_ALU/Hws/HW1/gate_level/FLP_adder_7/Area/round6/timing.sdf, 1306
module: XOR2D1BWP16P90LVT, "instance: testbench.test_module.add_127.U24"
  SDF Warning: INTERCONNECT from add_127.U24.Z to U802.B2 has Instance at 
  /MasterClass/M143010027_ALU/Hws/HW1/gate_level/FLP_adder_7/Area/round6/netlist.v:1650,
  delay will still be annotated.


Warning-[SDFCOM_SWC] Simple Wire Connection
/MasterClass/M143010027_ALU/Hws/HW1/gate_level/FLP_adder_7/Area/round6/timing.sdf, 1939
module: OAI22D1BWP16P90LVT, "instance: testbench.test_module.U733"
  SDF Warning: The path from U733.ZN to sub_85.U45.I doesn't have a simple 
  wire connection, delay will still be annotated.


Warning-[SDFCOM_SWC] Simple Wire Connection
/MasterClass/M143010027_ALU/Hws/HW1/gate_level/FLP_adder_7/Area/round6/timing.sdf, 1940
module: OAI22D1BWP16P90LVT, "instance: testbench.test_module.U731"
  SDF Warning: The path from U731.ZN to sub_85.U44.I doesn't have a simple 
  wire connection, delay will still be annotated.


Warning-[SDFCOM_SWC] Simple Wire Connection
/MasterClass/M143010027_ALU/Hws/HW1/gate_level/FLP_adder_7/Area/round6/timing.sdf, 1941
module: OAI22D1BWP16P90LVT, "instance: testbench.test_module.U729"
  SDF Warning: The path from U729.ZN to sub_85.U43.I doesn't have a simple 
  wire connection, delay will still be annotated.


Warning-[SDFCOM_SWC] Simple Wire Connection
/MasterClass/M143010027_ALU/Hws/HW1/gate_level/FLP_adder_7/Area/round6/timing.sdf, 1942
module: OAI22D1BWP16P90LVT, "instance: testbench.test_module.U727"
  SDF Warning: The path from U727.ZN to sub_85.U42.I doesn't have a simple 
  wire connection, delay will still be annotated.


Warning-[SDFCOM_SWC] Simple Wire Connection
/MasterClass/M143010027_ALU/Hws/HW1/gate_level/FLP_adder_7/Area/round6/timing.sdf, 1943
module: OAI22D1BWP16P90LVT, "instance: testbench.test_module.U725"
  SDF Warning: The path from U725.ZN to sub_85.U41.I doesn't have a simple 
  wire connection, delay will still be annotated.


Warning-[SDFCOM_SWC] Simple Wire Connection
/MasterClass/M143010027_ALU/Hws/HW1/gate_level/FLP_adder_7/Area/round6/timing.sdf, 1944
module: OAI22D1BWP16P90LVT, "instance: testbench.test_module.U723"
  SDF Warning: The path from U723.ZN to sub_85.U40.I doesn't have a simple 
  wire connection, delay will still be annotated.


Warning-[SDFCOM_SWC] Simple Wire Connection
/MasterClass/M143010027_ALU/Hws/HW1/gate_level/FLP_adder_7/Area/round6/timing.sdf, 1945
module: OAI22D1BWP16P90LVT, "instance: testbench.test_module.U721"
  SDF Warning: The path from U721.ZN to sub_85.U39.I doesn't have a simple 
  wire connection, delay will still be annotated.


Warning-[SDFCOM_SWC] Simple Wire Connection
/MasterClass/M143010027_ALU/Hws/HW1/gate_level/FLP_adder_7/Area/round6/timing.sdf, 1946
module: OAI22D1BWP16P90LVT, "instance: testbench.test_module.U719"
  SDF Warning: The path from U719.ZN to sub_85.U38.I doesn't have a simple 
  wire connection, delay will still be annotated.


Warning-[SDFCOM_SWC] Simple Wire Connection
/MasterClass/M143010027_ALU/Hws/HW1/gate_level/FLP_adder_7/Area/round6/timing.sdf, 1947
module: OAI22D1BWP16P90LVT, "instance: testbench.test_module.U717"
  SDF Warning: The path from U717.ZN to sub_85.U37.I doesn't have a simple 
  wire connection, delay will still be annotated.


Warning-[SDFCOM_SWC] Simple Wire Connection
/MasterClass/M143010027_ALU/Hws/HW1/gate_level/FLP_adder_7/Area/round6/timing.sdf, 1948
module: OAI22D1BWP16P90LVT, "instance: testbench.test_module.U714"
  SDF Warning: The path from U714.ZN to sub_85.U36.I doesn't have a simple 
  wire connection, delay will still be annotated.


Warning-[SDFCOM_SWC] Simple Wire Connection
/MasterClass/M143010027_ALU/Hws/HW1/gate_level/FLP_adder_7/Area/round6/timing.sdf, 1949
module: OAI22D1BWP16P90LVT, "instance: testbench.test_module.U712"
  SDF Warning: The path from U712.ZN to sub_85.U35.I doesn't have a simple 
  wire connection, delay will still be annotated.


Warning-[SDFCOM_SWC] Simple Wire Connection
/MasterClass/M143010027_ALU/Hws/HW1/gate_level/FLP_adder_7/Area/round6/timing.sdf, 1950
module: OAI22D1BWP16P90LVT, "instance: testbench.test_module.U710"
  SDF Warning: The path from U710.ZN to sub_85.U34.I doesn't have a simple 
  wire connection, delay will still be annotated.


Warning-[SDFCOM_SWC] Simple Wire Connection
/MasterClass/M143010027_ALU/Hws/HW1/gate_level/FLP_adder_7/Area/round6/timing.sdf, 1951
module: OAI22D1BWP16P90LVT, "instance: testbench.test_module.U708"
  SDF Warning: The path from U708.ZN to sub_85.U33.I doesn't have a simple 
  wire connection, delay will still be annotated.


Warning-[SDFCOM_SWC] Simple Wire Connection
/MasterClass/M143010027_ALU/Hws/HW1/gate_level/FLP_adder_7/Area/round6/timing.sdf, 1952
module: OAI22D1BWP16P90LVT, "instance: testbench.test_module.U706"
  SDF Warning: The path from U706.ZN to sub_85.U32.I doesn't have a simple 
  wire connection, delay will still be annotated.


Warning-[SDFCOM_SWC] Simple Wire Connection
/MasterClass/M143010027_ALU/Hws/HW1/gate_level/FLP_adder_7/Area/round6/timing.sdf, 1953
module: OAI22D1BWP16P90LVT, "instance: testbench.test_module.U704"
  SDF Warning: The path from U704.ZN to sub_85.U31.I doesn't have a simple 
  wire connection, delay will still be annotated.


Warning-[SDFCOM_SWC] Simple Wire Connection
/MasterClass/M143010027_ALU/Hws/HW1/gate_level/FLP_adder_7/Area/round6/timing.sdf, 1954
module: OAI22D1BWP16P90LVT, "instance: testbench.test_module.U702"
  SDF Warning: The path from U702.ZN to sub_85.U30.I doesn't have a simple 
  wire connection, delay will still be annotated.


Warning-[SDFCOM_SWC] Simple Wire Connection
/MasterClass/M143010027_ALU/Hws/HW1/gate_level/FLP_adder_7/Area/round6/timing.sdf, 1955
module: OAI22D1BWP16P90LVT, "instance: testbench.test_module.U700"
  SDF Warning: The path from U700.ZN to sub_85.U29.I doesn't have a simple 
  wire connection, delay will still be annotated.


Warning-[SDFCOM_SWC] Simple Wire Connection
/MasterClass/M143010027_ALU/Hws/HW1/gate_level/FLP_adder_7/Area/round6/timing.sdf, 1956
module: OAI22D1BWP16P90LVT, "instance: testbench.test_module.U697"
  SDF Warning: The path from U697.ZN to sub_85.U28.I doesn't have a simple 
  wire connection, delay will still be annotated.


Warning-[SDFCOM_SWC] Simple Wire Connection
/MasterClass/M143010027_ALU/Hws/HW1/gate_level/FLP_adder_7/Area/round6/timing.sdf, 1957
module: OAI22D1BWP16P90LVT, "instance: testbench.test_module.U693"
  SDF Warning: The path from U693.ZN to sub_85.U27.I doesn't have a simple 
  wire connection, delay will still be annotated.


Warning-[SDFCOM_SWC] Simple Wire Connection
/MasterClass/M143010027_ALU/Hws/HW1/gate_level/FLP_adder_7/Area/round6/timing.sdf, 1958
module: OAI22D1BWP16P90LVT, "instance: testbench.test_module.U689"
  SDF Warning: The path from U689.ZN to sub_85.U26.I doesn't have a simple 
  wire connection, delay will still be annotated.


Warning-[SDFCOM_SWC] Simple Wire Connection
/MasterClass/M143010027_ALU/Hws/HW1/gate_level/FLP_adder_7/Area/round6/timing.sdf, 1959
module: OAI22D1BWP16P90LVT, "instance: testbench.test_module.U686"
  SDF Warning: The path from U686.ZN to sub_85.U25.I doesn't have a simple 
  wire connection, delay will still be annotated.


Warning-[SDFCOM_SWC] Simple Wire Connection
/MasterClass/M143010027_ALU/Hws/HW1/gate_level/FLP_adder_7/Area/round6/timing.sdf, 1962
module: OAI22D1BWP16P90LVT, "instance: testbench.test_module.U684"
  SDF Warning: The path from U684.ZN to sub_85.U23.I doesn't have a simple 
  wire connection, delay will still be annotated.


Warning-[SDFCOM_SWC] Simple Wire Connection
/MasterClass/M143010027_ALU/Hws/HW1/gate_level/FLP_adder_7/Area/round6/timing.sdf, 1963
module: OAI22D1BWP16P90LVT, "instance: testbench.test_module.U682"
  SDF Warning: The path from U682.ZN to sub_85.U22.I doesn't have a simple 
  wire connection, delay will still be annotated.


Warning-[SDFCOM_SWC] Simple Wire Connection
/MasterClass/M143010027_ALU/Hws/HW1/gate_level/FLP_adder_7/Area/round6/timing.sdf, 2050
module: OAI22D1BWP16P90LVT, "instance: testbench.test_module.U732"
  SDF Warning: The path from U732.ZN to sub_86.U45.I doesn't have a simple 
  wire connection, delay will still be annotated.


Warning-[SDFCOM_SWC] Simple Wire Connection
/MasterClass/M143010027_ALU/Hws/HW1/gate_level/FLP_adder_7/Area/round6/timing.sdf, 2051
module: OAI22D1BWP16P90LVT, "instance: testbench.test_module.U730"
  SDF Warning: The path from U730.ZN to sub_86.U44.I doesn't have a simple 
  wire connection, delay will still be annotated.


Warning-[SDFCOM_SWC] Simple Wire Connection
/MasterClass/M143010027_ALU/Hws/HW1/gate_level/FLP_adder_7/Area/round6/timing.sdf, 2052
module: OAI22D1BWP16P90LVT, "instance: testbench.test_module.U728"
  SDF Warning: The path from U728.ZN to sub_86.U43.I doesn't have a simple 
  wire connection, delay will still be annotated.


Warning-[SDFCOM_SWC] Simple Wire Connection
/MasterClass/M143010027_ALU/Hws/HW1/gate_level/FLP_adder_7/Area/round6/timing.sdf, 2053
module: OAI22D1BWP16P90LVT, "instance: testbench.test_module.U726"
  SDF Warning: The path from U726.ZN to sub_86.U42.I doesn't have a simple 
  wire connection, delay will still be annotated.


Warning-[SDFCOM_SWC] Simple Wire Connection
/MasterClass/M143010027_ALU/Hws/HW1/gate_level/FLP_adder_7/Area/round6/timing.sdf, 2054
module: OAI22D1BWP16P90LVT, "instance: testbench.test_module.U724"
  SDF Warning: The path from U724.ZN to sub_86.U41.I doesn't have a simple 
  wire connection, delay will still be annotated.


Warning-[SDFCOM_SWC] Simple Wire Connection
/MasterClass/M143010027_ALU/Hws/HW1/gate_level/FLP_adder_7/Area/round6/timing.sdf, 2055
module: OAI22D1BWP16P90LVT, "instance: testbench.test_module.U722"
  SDF Warning: The path from U722.ZN to sub_86.U40.I doesn't have a simple 
  wire connection, delay will still be annotated.


Warning-[SDFCOM_SWC] Simple Wire Connection
/MasterClass/M143010027_ALU/Hws/HW1/gate_level/FLP_adder_7/Area/round6/timing.sdf, 2056
module: OAI22D1BWP16P90LVT, "instance: testbench.test_module.U720"
  SDF Warning: The path from U720.ZN to sub_86.U39.I doesn't have a simple 
  wire connection, delay will still be annotated.


Warning-[SDFCOM_SWC] Simple Wire Connection
/MasterClass/M143010027_ALU/Hws/HW1/gate_level/FLP_adder_7/Area/round6/timing.sdf, 2057
module: OAI22D1BWP16P90LVT, "instance: testbench.test_module.U718"
  SDF Warning: The path from U718.ZN to sub_86.U38.I doesn't have a simple 
  wire connection, delay will still be annotated.


Warning-[SDFCOM_SWC] Simple Wire Connection
/MasterClass/M143010027_ALU/Hws/HW1/gate_level/FLP_adder_7/Area/round6/timing.sdf, 2058
module: OAI22D1BWP16P90LVT, "instance: testbench.test_module.U716"
  SDF Warning: The path from U716.ZN to sub_86.U37.I doesn't have a simple 
  wire connection, delay will still be annotated.


Warning-[SDFCOM_SWC] Simple Wire Connection
/MasterClass/M143010027_ALU/Hws/HW1/gate_level/FLP_adder_7/Area/round6/timing.sdf, 2059
module: OAI22D1BWP16P90LVT, "instance: testbench.test_module.U713"
  SDF Warning: The path from U713.ZN to sub_86.U36.I doesn't have a simple 
  wire connection, delay will still be annotated.


Warning-[SDFCOM_SWC] Simple Wire Connection
/MasterClass/M143010027_ALU/Hws/HW1/gate_level/FLP_adder_7/Area/round6/timing.sdf, 2060
module: OAI22D1BWP16P90LVT, "instance: testbench.test_module.U711"
  SDF Warning: The path from U711.ZN to sub_86.U35.I doesn't have a simple 
  wire connection, delay will still be annotated.


Warning-[SDFCOM_SWC] Simple Wire Connection
/MasterClass/M143010027_ALU/Hws/HW1/gate_level/FLP_adder_7/Area/round6/timing.sdf, 2061
module: OAI22D1BWP16P90LVT, "instance: testbench.test_module.U709"
  SDF Warning: The path from U709.ZN to sub_86.U34.I doesn't have a simple 
  wire connection, delay will still be annotated.


Warning-[SDFCOM_SWC] Simple Wire Connection
/MasterClass/M143010027_ALU/Hws/HW1/gate_level/FLP_adder_7/Area/round6/timing.sdf, 2062
module: OAI22D1BWP16P90LVT, "instance: testbench.test_module.U707"
  SDF Warning: The path from U707.ZN to sub_86.U33.I doesn't have a simple 
  wire connection, delay will still be annotated.


Warning-[SDFCOM_SWC] Simple Wire Connection
/MasterClass/M143010027_ALU/Hws/HW1/gate_level/FLP_adder_7/Area/round6/timing.sdf, 2063
module: OAI22D1BWP16P90LVT, "instance: testbench.test_module.U705"
  SDF Warning: The path from U705.ZN to sub_86.U32.I doesn't have a simple 
  wire connection, delay will still be annotated.


Warning-[SDFCOM_SWC] Simple Wire Connection
/MasterClass/M143010027_ALU/Hws/HW1/gate_level/FLP_adder_7/Area/round6/timing.sdf, 2064
module: OAI22D1BWP16P90LVT, "instance: testbench.test_module.U703"
  SDF Warning: The path from U703.ZN to sub_86.U31.I doesn't have a simple 
  wire connection, delay will still be annotated.


Warning-[SDFCOM_SWC] Simple Wire Connection
/MasterClass/M143010027_ALU/Hws/HW1/gate_level/FLP_adder_7/Area/round6/timing.sdf, 2065
module: OAI22D1BWP16P90LVT, "instance: testbench.test_module.U701"
  SDF Warning: The path from U701.ZN to sub_86.U30.I doesn't have a simple 
  wire connection, delay will still be annotated.


Warning-[SDFCOM_SWC] Simple Wire Connection
/MasterClass/M143010027_ALU/Hws/HW1/gate_level/FLP_adder_7/Area/round6/timing.sdf, 2066
module: OAI22D1BWP16P90LVT, "instance: testbench.test_module.U699"
  SDF Warning: The path from U699.ZN to sub_86.U29.I doesn't have a simple 
  wire connection, delay will still be annotated.


Warning-[SDFCOM_SWC] Simple Wire Connection
/MasterClass/M143010027_ALU/Hws/HW1/gate_level/FLP_adder_7/Area/round6/timing.sdf, 2067
module: OAI22D1BWP16P90LVT, "instance: testbench.test_module.U696"
  SDF Warning: The path from U696.ZN to sub_86.U28.I doesn't have a simple 
  wire connection, delay will still be annotated.


Warning-[SDFCOM_SWC] Simple Wire Connection
/MasterClass/M143010027_ALU/Hws/HW1/gate_level/FLP_adder_7/Area/round6/timing.sdf, 2068
module: OAI22D1BWP16P90LVT, "instance: testbench.test_module.U692"
  SDF Warning: The path from U692.ZN to sub_86.U27.I doesn't have a simple 
  wire connection, delay will still be annotated.


Warning-[SDFCOM_SWC] Simple Wire Connection
/MasterClass/M143010027_ALU/Hws/HW1/gate_level/FLP_adder_7/Area/round6/timing.sdf, 2069
module: OAI22D1BWP16P90LVT, "instance: testbench.test_module.U688"
  SDF Warning: The path from U688.ZN to sub_86.U26.I doesn't have a simple 
  wire connection, delay will still be annotated.


Warning-[SDFCOM_SWC] Simple Wire Connection
/MasterClass/M143010027_ALU/Hws/HW1/gate_level/FLP_adder_7/Area/round6/timing.sdf, 2070
module: OAI22D1BWP16P90LVT, "instance: testbench.test_module.U685"
  SDF Warning: The path from U685.ZN to sub_86.U25.I doesn't have a simple 
  wire connection, delay will still be annotated.


Warning-[SDFCOM_SWC] Simple Wire Connection
/MasterClass/M143010027_ALU/Hws/HW1/gate_level/FLP_adder_7/Area/round6/timing.sdf, 2073
module: OAI22D1BWP16P90LVT, "instance: testbench.test_module.U683"
  SDF Warning: The path from U683.ZN to sub_86.U23.I doesn't have a simple 
  wire connection, delay will still be annotated.


Warning-[SDFCOM_SWC] Simple Wire Connection
/MasterClass/M143010027_ALU/Hws/HW1/gate_level/FLP_adder_7/Area/round6/timing.sdf, 2074
module: OAI22D1BWP16P90LVT, "instance: testbench.test_module.U680"
  SDF Warning: The path from U680.ZN to sub_86.U22.I doesn't have a simple 
  wire connection, delay will still be annotated.


Warning-[SDFCOM_IWSBA] INTERCONNECT will still be annotated
/MasterClass/M143010027_ALU/Hws/HW1/gate_level/FLP_adder_7/Area/round6/timing.sdf, 2457
module: OAI22D1BWP16P90LVT, "instance: testbench.test_module.U682"
  SDF Warning: INTERCONNECT from U682.ZN to U521.A1 has Instance at 
  /MasterClass/M143010027_ALU/Hws/HW1/gate_level/FLP_adder_7/Area/round6/netlist.v:1703,
  delay will still be annotated.


Warning-[SDFCOM_IWSBA] INTERCONNECT will still be annotated
/MasterClass/M143010027_ALU/Hws/HW1/gate_level/FLP_adder_7/Area/round6/timing.sdf, 2461
module: XOR2D1BWP16P90LVT, "instance: testbench.test_module.sub_85.U66"
  SDF Warning: INTERCONNECT from sub_85.U66.Z to U519.A1 has Instance at 
  /MasterClass/M143010027_ALU/Hws/HW1/gate_level/FLP_adder_7/Area/round6/netlist.v:1703,
  delay will still be annotated.


Warning-[SDFCOM_IWSBA] INTERCONNECT will still be annotated
/MasterClass/M143010027_ALU/Hws/HW1/gate_level/FLP_adder_7/Area/round6/timing.sdf, 2465
module: XOR2D1BWP16P90LVT, "instance: testbench.test_module.sub_85.U67"
  SDF Warning: INTERCONNECT from sub_85.U67.Z to U517.A1 has Instance at 
  /MasterClass/M143010027_ALU/Hws/HW1/gate_level/FLP_adder_7/Area/round6/netlist.v:1703,
  delay will still be annotated.


Warning-[SDFCOM_IWSBA] INTERCONNECT will still be annotated
/MasterClass/M143010027_ALU/Hws/HW1/gate_level/FLP_adder_7/Area/round6/timing.sdf, 2469
module: XOR2D1BWP16P90LVT, "instance: testbench.test_module.sub_85.U65"
  SDF Warning: INTERCONNECT from sub_85.U65.Z to U515.A1 has Instance at 
  /MasterClass/M143010027_ALU/Hws/HW1/gate_level/FLP_adder_7/Area/round6/netlist.v:1703,
  delay will still be annotated.


Warning-[SDFCOM_IWSBA] INTERCONNECT will still be annotated
/MasterClass/M143010027_ALU/Hws/HW1/gate_level/FLP_adder_7/Area/round6/timing.sdf, 2473
module: XOR2D1BWP16P90LVT, "instance: testbench.test_module.sub_85.U64"
  SDF Warning: INTERCONNECT from sub_85.U64.Z to U513.A1 has Instance at 
  /MasterClass/M143010027_ALU/Hws/HW1/gate_level/FLP_adder_7/Area/round6/netlist.v:1703,
  delay will still be annotated.


Warning-[SDFCOM_IWSBA] INTERCONNECT will still be annotated
/MasterClass/M143010027_ALU/Hws/HW1/gate_level/FLP_adder_7/Area/round6/timing.sdf, 2477
module: XOR2D1BWP16P90LVT, "instance: testbench.test_module.sub_85.U63"
  SDF Warning: INTERCONNECT from sub_85.U63.Z to U511.A1 has Instance at 
  /MasterClass/M143010027_ALU/Hws/HW1/gate_level/FLP_adder_7/Area/round6/netlist.v:1703,
  delay will still be annotated.


Warning-[SDFCOM_IWSBA] INTERCONNECT will still be annotated
/MasterClass/M143010027_ALU/Hws/HW1/gate_level/FLP_adder_7/Area/round6/timing.sdf, 2481
module: XOR2D1BWP16P90LVT, "instance: testbench.test_module.sub_85.U62"
  SDF Warning: INTERCONNECT from sub_85.U62.Z to U509.A1 has Instance at 
  /MasterClass/M143010027_ALU/Hws/HW1/gate_level/FLP_adder_7/Area/round6/netlist.v:1703,
  delay will still be annotated.


Warning-[SDFCOM_IWSBA] INTERCONNECT will still be annotated
/MasterClass/M143010027_ALU/Hws/HW1/gate_level/FLP_adder_7/Area/round6/timing.sdf, 2485
module: XOR2D1BWP16P90LVT, "instance: testbench.test_module.sub_85.U61"
  SDF Warning: INTERCONNECT from sub_85.U61.Z to U507.A1 has Instance at 
  /MasterClass/M143010027_ALU/Hws/HW1/gate_level/FLP_adder_7/Area/round6/netlist.v:1703,
  delay will still be annotated.


Warning-[SDFCOM_IWSBA] INTERCONNECT will still be annotated
/MasterClass/M143010027_ALU/Hws/HW1/gate_level/FLP_adder_7/Area/round6/timing.sdf, 2489
module: XOR2D1BWP16P90LVT, "instance: testbench.test_module.sub_85.U60"
  SDF Warning: INTERCONNECT from sub_85.U60.Z to U505.A1 has Instance at 
  /MasterClass/M143010027_ALU/Hws/HW1/gate_level/FLP_adder_7/Area/round6/netlist.v:1703,
  delay will still be annotated.


Warning-[SDFCOM_IWSBA] INTERCONNECT will still be annotated
/MasterClass/M143010027_ALU/Hws/HW1/gate_level/FLP_adder_7/Area/round6/timing.sdf, 2493
module: XOR2D1BWP16P90LVT, "instance: testbench.test_module.sub_85.U59"
  SDF Warning: INTERCONNECT from sub_85.U59.Z to U503.A1 has Instance at 
  /MasterClass/M143010027_ALU/Hws/HW1/gate_level/FLP_adder_7/Area/round6/netlist.v:1703,
  delay will still be annotated.


Warning-[SDFCOM_IWSBA] INTERCONNECT will still be annotated
/MasterClass/M143010027_ALU/Hws/HW1/gate_level/FLP_adder_7/Area/round6/timing.sdf, 2497
module: XOR2D1BWP16P90LVT, "instance: testbench.test_module.sub_85.U58"
  SDF Warning: INTERCONNECT from sub_85.U58.Z to U501.A1 has Instance at 
  /MasterClass/M143010027_ALU/Hws/HW1/gate_level/FLP_adder_7/Area/round6/netlist.v:1703,
  delay will still be annotated.


Warning-[SDFCOM_IWSBA] INTERCONNECT will still be annotated
/MasterClass/M143010027_ALU/Hws/HW1/gate_level/FLP_adder_7/Area/round6/timing.sdf, 2501
module: XOR2D1BWP16P90LVT, "instance: testbench.test_module.sub_85.U57"
  SDF Warning: INTERCONNECT from sub_85.U57.Z to U499.A1 has Instance at 
  /MasterClass/M143010027_ALU/Hws/HW1/gate_level/FLP_adder_7/Area/round6/netlist.v:1703,
  delay will still be annotated.


Warning-[SDFCOM_IWSBA] INTERCONNECT will still be annotated
/MasterClass/M143010027_ALU/Hws/HW1/gate_level/FLP_adder_7/Area/round6/timing.sdf, 2505
module: XOR2D1BWP16P90LVT, "instance: testbench.test_module.sub_85.U56"
  SDF Warning: INTERCONNECT from sub_85.U56.Z to U497.A1 has Instance at 
  /MasterClass/M143010027_ALU/Hws/HW1/gate_level/FLP_adder_7/Area/round6/netlist.v:1703,
  delay will still be annotated.


Warning-[SDFCOM_IWSBA] INTERCONNECT will still be annotated
/MasterClass/M143010027_ALU/Hws/HW1/gate_level/FLP_adder_7/Area/round6/timing.sdf, 2509
module: XOR2D1BWP16P90LVT, "instance: testbench.test_module.sub_85.U55"
  SDF Warning: INTERCONNECT from sub_85.U55.Z to U495.A1 has Instance at 
  /MasterClass/M143010027_ALU/Hws/HW1/gate_level/FLP_adder_7/Area/round6/netlist.v:1703,
  delay will still be annotated.


Warning-[SDFCOM_IWSBA] INTERCONNECT will still be annotated
/MasterClass/M143010027_ALU/Hws/HW1/gate_level/FLP_adder_7/Area/round6/timing.sdf, 2513
module: XOR2D1BWP16P90LVT, "instance: testbench.test_module.sub_85.U54"
  SDF Warning: INTERCONNECT from sub_85.U54.Z to U493.A1 has Instance at 
  /MasterClass/M143010027_ALU/Hws/HW1/gate_level/FLP_adder_7/Area/round6/netlist.v:1703,
  delay will still be annotated.


Warning-[SDFCOM_IWSBA] INTERCONNECT will still be annotated
/MasterClass/M143010027_ALU/Hws/HW1/gate_level/FLP_adder_7/Area/round6/timing.sdf, 2517
module: XOR2D1BWP16P90LVT, "instance: testbench.test_module.sub_85.U53"
  SDF Warning: INTERCONNECT from sub_85.U53.Z to U491.A1 has Instance at 
  /MasterClass/M143010027_ALU/Hws/HW1/gate_level/FLP_adder_7/Area/round6/netlist.v:1703,
  delay will still be annotated.


Warning-[SDFCOM_IWSBA] INTERCONNECT will still be annotated
/MasterClass/M143010027_ALU/Hws/HW1/gate_level/FLP_adder_7/Area/round6/timing.sdf, 2521
module: XOR2D1BWP16P90LVT, "instance: testbench.test_module.sub_85.U52"
  SDF Warning: INTERCONNECT from sub_85.U52.Z to U489.A1 has Instance at 
  /MasterClass/M143010027_ALU/Hws/HW1/gate_level/FLP_adder_7/Area/round6/netlist.v:1703,
  delay will still be annotated.


Warning-[SDFCOM_IWSBA] INTERCONNECT will still be annotated
/MasterClass/M143010027_ALU/Hws/HW1/gate_level/FLP_adder_7/Area/round6/timing.sdf, 2525
module: XOR2D1BWP16P90LVT, "instance: testbench.test_module.sub_85.U51"
  SDF Warning: INTERCONNECT from sub_85.U51.Z to U487.A1 has Instance at 
  /MasterClass/M143010027_ALU/Hws/HW1/gate_level/FLP_adder_7/Area/round6/netlist.v:1703,
  delay will still be annotated.


Warning-[SDFCOM_IWSBA] INTERCONNECT will still be annotated
/MasterClass/M143010027_ALU/Hws/HW1/gate_level/FLP_adder_7/Area/round6/timing.sdf, 2529
module: XOR2D1BWP16P90LVT, "instance: testbench.test_module.sub_85.U50"
  SDF Warning: INTERCONNECT from sub_85.U50.Z to U485.A1 has Instance at 
  /MasterClass/M143010027_ALU/Hws/HW1/gate_level/FLP_adder_7/Area/round6/netlist.v:1703,
  delay will still be annotated.


Warning-[SDFCOM_IWSBA] INTERCONNECT will still be annotated
/MasterClass/M143010027_ALU/Hws/HW1/gate_level/FLP_adder_7/Area/round6/timing.sdf, 2533
module: XOR2D1BWP16P90LVT, "instance: testbench.test_module.sub_85.U49"
  SDF Warning: INTERCONNECT from sub_85.U49.Z to U483.A1 has Instance at 
  /MasterClass/M143010027_ALU/Hws/HW1/gate_level/FLP_adder_7/Area/round6/netlist.v:1703,
  delay will still be annotated.


Warning-[SDFCOM_IWSBA] INTERCONNECT will still be annotated
/MasterClass/M143010027_ALU/Hws/HW1/gate_level/FLP_adder_7/Area/round6/timing.sdf, 2537
module: XOR2D1BWP16P90LVT, "instance: testbench.test_module.sub_85.U48"
  SDF Warning: INTERCONNECT from sub_85.U48.Z to U481.A1 has Instance at 
  /MasterClass/M143010027_ALU/Hws/HW1/gate_level/FLP_adder_7/Area/round6/netlist.v:1703,
  delay will still be annotated.


Warning-[SDFCOM_IWSBA] INTERCONNECT will still be annotated
/MasterClass/M143010027_ALU/Hws/HW1/gate_level/FLP_adder_7/Area/round6/timing.sdf, 2541
module: XOR2D1BWP16P90LVT, "instance: testbench.test_module.sub_85.U47"
  SDF Warning: INTERCONNECT from sub_85.U47.Z to U479.A1 has Instance at 
  /MasterClass/M143010027_ALU/Hws/HW1/gate_level/FLP_adder_7/Area/round6/netlist.v:1703,
  delay will still be annotated.


Warning-[SDFCOM_IWSBA] INTERCONNECT will still be annotated
/MasterClass/M143010027_ALU/Hws/HW1/gate_level/FLP_adder_7/Area/round6/timing.sdf, 2545
module: XOR2D1BWP16P90LVT, "instance: testbench.test_module.sub_85.U46"
  SDF Warning: INTERCONNECT from sub_85.U46.Z to U477.A1 has Instance at 
  /MasterClass/M143010027_ALU/Hws/HW1/gate_level/FLP_adder_7/Area/round6/netlist.v:1703,
  delay will still be annotated.


Warning-[SDFCOM_IWSBA] INTERCONNECT will still be annotated
/MasterClass/M143010027_ALU/Hws/HW1/gate_level/FLP_adder_7/Area/round6/timing.sdf, 2549
module: AN2D1BWP16P90LVT, "instance: testbench.test_module.sub_85.U24"
  SDF Warning: INTERCONNECT from sub_85.U24.Z to U476.A1 has Instance at 
  /MasterClass/M143010027_ALU/Hws/HW1/gate_level/FLP_adder_7/Area/round6/netlist.v:1703,
  delay will still be annotated.


Warning-[SDFCOM_IWSBA] INTERCONNECT will still be annotated
/MasterClass/M143010027_ALU/Hws/HW1/gate_level/FLP_adder_7/Area/round6/timing.sdf, 2558
module: OAI22D1BWP16P90LVT, "instance: testbench.test_module.U680"
  SDF Warning: INTERCONNECT from U680.ZN to U466.A1 has Instance at 
  /MasterClass/M143010027_ALU/Hws/HW1/gate_level/FLP_adder_7/Area/round6/netlist.v:1691,
  delay will still be annotated.


Warning-[SDFCOM_IWSBA] INTERCONNECT will still be annotated
/MasterClass/M143010027_ALU/Hws/HW1/gate_level/FLP_adder_7/Area/round6/timing.sdf, 2562
module: XOR2D1BWP16P90LVT, "instance: testbench.test_module.sub_86.U66"
  SDF Warning: INTERCONNECT from sub_86.U66.Z to U464.A1 has Instance at 
  /MasterClass/M143010027_ALU/Hws/HW1/gate_level/FLP_adder_7/Area/round6/netlist.v:1691,
  delay will still be annotated.


Warning-[SDFCOM_IWSBA] INTERCONNECT will still be annotated
/MasterClass/M143010027_ALU/Hws/HW1/gate_level/FLP_adder_7/Area/round6/timing.sdf, 2566
module: XOR2D1BWP16P90LVT, "instance: testbench.test_module.sub_86.U67"
  SDF Warning: INTERCONNECT from sub_86.U67.Z to U462.A1 has Instance at 
  /MasterClass/M143010027_ALU/Hws/HW1/gate_level/FLP_adder_7/Area/round6/netlist.v:1691,
  delay will still be annotated.


Warning-[SDFCOM_IWSBA] INTERCONNECT will still be annotated
/MasterClass/M143010027_ALU/Hws/HW1/gate_level/FLP_adder_7/Area/round6/timing.sdf, 2570
module: XOR2D1BWP16P90LVT, "instance: testbench.test_module.sub_86.U65"
  SDF Warning: INTERCONNECT from sub_86.U65.Z to U460.A1 has Instance at 
  /MasterClass/M143010027_ALU/Hws/HW1/gate_level/FLP_adder_7/Area/round6/netlist.v:1691,
  delay will still be annotated.


Warning-[SDFCOM_IWSBA] INTERCONNECT will still be annotated
/MasterClass/M143010027_ALU/Hws/HW1/gate_level/FLP_adder_7/Area/round6/timing.sdf, 2574
module: XOR2D1BWP16P90LVT, "instance: testbench.test_module.sub_86.U64"
  SDF Warning: INTERCONNECT from sub_86.U64.Z to U458.A1 has Instance at 
  /MasterClass/M143010027_ALU/Hws/HW1/gate_level/FLP_adder_7/Area/round6/netlist.v:1691,
  delay will still be annotated.


Warning-[SDFCOM_IWSBA] INTERCONNECT will still be annotated
/MasterClass/M143010027_ALU/Hws/HW1/gate_level/FLP_adder_7/Area/round6/timing.sdf, 2578
module: XOR2D1BWP16P90LVT, "instance: testbench.test_module.sub_86.U63"
  SDF Warning: INTERCONNECT from sub_86.U63.Z to U456.A1 has Instance at 
  /MasterClass/M143010027_ALU/Hws/HW1/gate_level/FLP_adder_7/Area/round6/netlist.v:1691,
  delay will still be annotated.


Warning-[SDFCOM_IWSBA] INTERCONNECT will still be annotated
/MasterClass/M143010027_ALU/Hws/HW1/gate_level/FLP_adder_7/Area/round6/timing.sdf, 2582
module: XOR2D1BWP16P90LVT, "instance: testbench.test_module.sub_86.U62"
  SDF Warning: INTERCONNECT from sub_86.U62.Z to U454.A1 has Instance at 
  /MasterClass/M143010027_ALU/Hws/HW1/gate_level/FLP_adder_7/Area/round6/netlist.v:1691,
  delay will still be annotated.


Warning-[SDFCOM_IWSBA] INTERCONNECT will still be annotated
/MasterClass/M143010027_ALU/Hws/HW1/gate_level/FLP_adder_7/Area/round6/timing.sdf, 2586
module: XOR2D1BWP16P90LVT, "instance: testbench.test_module.sub_86.U61"
  SDF Warning: INTERCONNECT from sub_86.U61.Z to U452.A1 has Instance at 
  /MasterClass/M143010027_ALU/Hws/HW1/gate_level/FLP_adder_7/Area/round6/netlist.v:1691,
  delay will still be annotated.


Warning-[SDFCOM_IWSBA] INTERCONNECT will still be annotated
/MasterClass/M143010027_ALU/Hws/HW1/gate_level/FLP_adder_7/Area/round6/timing.sdf, 2590
module: XOR2D1BWP16P90LVT, "instance: testbench.test_module.sub_86.U60"
  SDF Warning: INTERCONNECT from sub_86.U60.Z to U450.A1 has Instance at 
  /MasterClass/M143010027_ALU/Hws/HW1/gate_level/FLP_adder_7/Area/round6/netlist.v:1691,
  delay will still be annotated.


Warning-[SDFCOM_IWSBA] INTERCONNECT will still be annotated
/MasterClass/M143010027_ALU/Hws/HW1/gate_level/FLP_adder_7/Area/round6/timing.sdf, 2598
module: XOR2D1BWP16P90LVT, "instance: testbench.test_module.sub_86.U59"
  SDF Warning: INTERCONNECT from sub_86.U59.Z to U447.A1 has Instance at 
  /MasterClass/M143010027_ALU/Hws/HW1/gate_level/FLP_adder_7/Area/round6/netlist.v:1691,
  delay will still be annotated.


Warning-[SDFCOM_IWSBA] INTERCONNECT will still be annotated
/MasterClass/M143010027_ALU/Hws/HW1/gate_level/FLP_adder_7/Area/round6/timing.sdf, 2602
module: XOR2D1BWP16P90LVT, "instance: testbench.test_module.sub_86.U58"
  SDF Warning: INTERCONNECT from sub_86.U58.Z to U445.A1 has Instance at 
  /MasterClass/M143010027_ALU/Hws/HW1/gate_level/FLP_adder_7/Area/round6/netlist.v:1691,
  delay will still be annotated.


Warning-[SDFCOM_IWSBA] INTERCONNECT will still be annotated
/MasterClass/M143010027_ALU/Hws/HW1/gate_level/FLP_adder_7/Area/round6/timing.sdf, 2606
module: XOR2D1BWP16P90LVT, "instance: testbench.test_module.sub_86.U57"
  SDF Warning: INTERCONNECT from sub_86.U57.Z to U443.A1 has Instance at 
  /MasterClass/M143010027_ALU/Hws/HW1/gate_level/FLP_adder_7/Area/round6/netlist.v:1691,
  delay will still be annotated.


Warning-[SDFCOM_IWSBA] INTERCONNECT will still be annotated
/MasterClass/M143010027_ALU/Hws/HW1/gate_level/FLP_adder_7/Area/round6/timing.sdf, 2610
module: XOR2D1BWP16P90LVT, "instance: testbench.test_module.sub_86.U56"
  SDF Warning: INTERCONNECT from sub_86.U56.Z to U441.A1 has Instance at 
  /MasterClass/M143010027_ALU/Hws/HW1/gate_level/FLP_adder_7/Area/round6/netlist.v:1691,
  delay will still be annotated.


Warning-[SDFCOM_IWSBA] INTERCONNECT will still be annotated
/MasterClass/M143010027_ALU/Hws/HW1/gate_level/FLP_adder_7/Area/round6/timing.sdf, 2614
module: XOR2D1BWP16P90LVT, "instance: testbench.test_module.sub_86.U55"
  SDF Warning: INTERCONNECT from sub_86.U55.Z to U439.A1 has Instance at 
  /MasterClass/M143010027_ALU/Hws/HW1/gate_level/FLP_adder_7/Area/round6/netlist.v:1691,
  delay will still be annotated.


Warning-[SDFCOM_IWSBA] INTERCONNECT will still be annotated
/MasterClass/M143010027_ALU/Hws/HW1/gate_level/FLP_adder_7/Area/round6/timing.sdf, 2618
module: XOR2D1BWP16P90LVT, "instance: testbench.test_module.sub_86.U54"
  SDF Warning: INTERCONNECT from sub_86.U54.Z to U437.A1 has Instance at 
  /MasterClass/M143010027_ALU/Hws/HW1/gate_level/FLP_adder_7/Area/round6/netlist.v:1691,
  delay will still be annotated.


Warning-[SDFCOM_IWSBA] INTERCONNECT will still be annotated
/MasterClass/M143010027_ALU/Hws/HW1/gate_level/FLP_adder_7/Area/round6/timing.sdf, 2622
module: XOR2D1BWP16P90LVT, "instance: testbench.test_module.sub_86.U53"
  SDF Warning: INTERCONNECT from sub_86.U53.Z to U435.A1 has Instance at 
  /MasterClass/M143010027_ALU/Hws/HW1/gate_level/FLP_adder_7/Area/round6/netlist.v:1691,
  delay will still be annotated.


Warning-[SDFCOM_IWSBA] INTERCONNECT will still be annotated
/MasterClass/M143010027_ALU/Hws/HW1/gate_level/FLP_adder_7/Area/round6/timing.sdf, 2626
module: XOR2D1BWP16P90LVT, "instance: testbench.test_module.sub_86.U52"
  SDF Warning: INTERCONNECT from sub_86.U52.Z to U433.A1 has Instance at 
  /MasterClass/M143010027_ALU/Hws/HW1/gate_level/FLP_adder_7/Area/round6/netlist.v:1691,
  delay will still be annotated.


Warning-[SDFCOM_IWSBA] INTERCONNECT will still be annotated
/MasterClass/M143010027_ALU/Hws/HW1/gate_level/FLP_adder_7/Area/round6/timing.sdf, 2630
module: XOR2D1BWP16P90LVT, "instance: testbench.test_module.sub_86.U51"
  SDF Warning: INTERCONNECT from sub_86.U51.Z to U431.A1 has Instance at 
  /MasterClass/M143010027_ALU/Hws/HW1/gate_level/FLP_adder_7/Area/round6/netlist.v:1691,
  delay will still be annotated.


Warning-[SDFCOM_IWSBA] INTERCONNECT will still be annotated
/MasterClass/M143010027_ALU/Hws/HW1/gate_level/FLP_adder_7/Area/round6/timing.sdf, 2634
module: XOR2D1BWP16P90LVT, "instance: testbench.test_module.sub_86.U50"
  SDF Warning: INTERCONNECT from sub_86.U50.Z to U429.A1 has Instance at 
  /MasterClass/M143010027_ALU/Hws/HW1/gate_level/FLP_adder_7/Area/round6/netlist.v:1691,
  delay will still be annotated.


Warning-[SDFCOM_IWSBA] INTERCONNECT will still be annotated
/MasterClass/M143010027_ALU/Hws/HW1/gate_level/FLP_adder_7/Area/round6/timing.sdf, 2642
module: XOR2D1BWP16P90LVT, "instance: testbench.test_module.sub_86.U49"
  SDF Warning: INTERCONNECT from sub_86.U49.Z to U426.A1 has Instance at 
  /MasterClass/M143010027_ALU/Hws/HW1/gate_level/FLP_adder_7/Area/round6/netlist.v:1691,
  delay will still be annotated.


Warning-[SDFCOM_IWSBA] INTERCONNECT will still be annotated
/MasterClass/M143010027_ALU/Hws/HW1/gate_level/FLP_adder_7/Area/round6/timing.sdf, 2646
module: XOR2D1BWP16P90LVT, "instance: testbench.test_module.sub_86.U48"
  SDF Warning: INTERCONNECT from sub_86.U48.Z to U424.A1 has Instance at 
  /MasterClass/M143010027_ALU/Hws/HW1/gate_level/FLP_adder_7/Area/round6/netlist.v:1691,
  delay will still be annotated.


Warning-[SDFCOM_IWSBA] INTERCONNECT will still be annotated
/MasterClass/M143010027_ALU/Hws/HW1/gate_level/FLP_adder_7/Area/round6/timing.sdf, 2650
module: XOR2D1BWP16P90LVT, "instance: testbench.test_module.sub_86.U47"
  SDF Warning: INTERCONNECT from sub_86.U47.Z to U422.A1 has Instance at 
  /MasterClass/M143010027_ALU/Hws/HW1/gate_level/FLP_adder_7/Area/round6/netlist.v:1691,
  delay will still be annotated.


Warning-[SDFCOM_IWSBA] INTERCONNECT will still be annotated
/MasterClass/M143010027_ALU/Hws/HW1/gate_level/FLP_adder_7/Area/round6/timing.sdf, 2654
module: XOR2D1BWP16P90LVT, "instance: testbench.test_module.sub_86.U46"
  SDF Warning: INTERCONNECT from sub_86.U46.Z to U420.A1 has Instance at 
  /MasterClass/M143010027_ALU/Hws/HW1/gate_level/FLP_adder_7/Area/round6/netlist.v:1691,
  delay will still be annotated.


Warning-[SDFCOM_IWSBA] INTERCONNECT will still be annotated
/MasterClass/M143010027_ALU/Hws/HW1/gate_level/FLP_adder_7/Area/round6/timing.sdf, 2658
module: AN2D1BWP16P90LVT, "instance: testbench.test_module.sub_86.U24"
  SDF Warning: INTERCONNECT from sub_86.U24.Z to U419.A1 has Instance at 
  /MasterClass/M143010027_ALU/Hws/HW1/gate_level/FLP_adder_7/Area/round6/netlist.v:1691,
  delay will still be annotated.


Warning-[SDFCOM_SWC] Simple Wire Connection
/MasterClass/M143010027_ALU/Hws/HW1/gate_level/FLP_adder_7/Area/round6/timing.sdf, 2861
module: DFQD2BWP16P90LVT, "instance: testbench.test_module.s2_mb_aligned_reg_0_"
  SDF Warning: The path from s2_mb_aligned_reg_0_.Q to U325.A1 doesn't have a 
  simple wire connection, delay will still be annotated.


Warning-[SDFCOM_IWSBA] INTERCONNECT will still be annotated
/MasterClass/M143010027_ALU/Hws/HW1/gate_level/FLP_adder_7/Area/round6/timing.sdf, 2938
module: DFQD2BWP16P90LVT, "instance: testbench.test_module.s3_md_signed_reg_0_"
  SDF Warning: INTERCONNECT from s3_md_signed_reg_0_.Q to U285.A2 has Instance
  at 
  /MasterClass/M143010027_ALU/Hws/HW1/gate_level/FLP_adder_7/Area/round6/netlist.v:1675,
  delay will still be annotated.


Warning-[SDFCOM_SWC] Simple Wire Connection
/MasterClass/M143010027_ALU/Hws/HW1/gate_level/FLP_adder_7/Area/round6/timing.sdf, 3177
module: XNR2D1BWP16P90LVT, "instance: testbench.test_module.sub_123.U9"
  SDF Warning: The path from sub_123.U9.ZN to U188.A1 doesn't have a simple 
  wire connection, delay will still be annotated.


Warning-[SDFCOM_SWC] Simple Wire Connection
/MasterClass/M143010027_ALU/Hws/HW1/gate_level/FLP_adder_7/Area/round6/timing.sdf, 3179
module: FA1D1BWP16P90LVT, "instance: testbench.test_module.sub_123.U2_1"
  SDF Warning: The path from sub_123.U2_1.S to U187.A1 doesn't have a simple 
  wire connection, delay will still be annotated.


Warning-[SDFCOM_SWC] Simple Wire Connection
/MasterClass/M143010027_ALU/Hws/HW1/gate_level/FLP_adder_7/Area/round6/timing.sdf, 3181
module: FA1D2BWP16P90LVT, "instance: testbench.test_module.sub_123.U2_2"
  SDF Warning: The path from sub_123.U2_2.S to U186.A1 doesn't have a simple 
  wire connection, delay will still be annotated.


Warning-[SDFCOM_SWC] Simple Wire Connection
/MasterClass/M143010027_ALU/Hws/HW1/gate_level/FLP_adder_7/Area/round6/timing.sdf, 3183
module: FA1D1BWP16P90LVT, "instance: testbench.test_module.sub_123.U2_3"
  SDF Warning: The path from sub_123.U2_3.S to U185.A1 doesn't have a simple 
  wire connection, delay will still be annotated.


Warning-[SDFCOM_SWC] Simple Wire Connection
/MasterClass/M143010027_ALU/Hws/HW1/gate_level/FLP_adder_7/Area/round6/timing.sdf, 3185
module: FA1D1BWP16P90LVT, "instance: testbench.test_module.sub_123.U2_4"
  SDF Warning: The path from sub_123.U2_4.S to U184.A1 doesn't have a simple 
  wire connection, delay will still be annotated.


Warning-[SDFCOM_SWC] Simple Wire Connection
/MasterClass/M143010027_ALU/Hws/HW1/gate_level/FLP_adder_7/Area/round6/timing.sdf, 3187
module: FA1D1BWP16P90LVT, "instance: testbench.test_module.sub_123.U2_5"
  SDF Warning: The path from sub_123.U2_5.S to U183.A1 doesn't have a simple 
  wire connection, delay will still be annotated.


Warning-[SDFCOM_SWC] Simple Wire Connection
/MasterClass/M143010027_ALU/Hws/HW1/gate_level/FLP_adder_7/Area/round6/timing.sdf, 3189
module: FA1D1BWP16P90LVT, "instance: testbench.test_module.sub_123.U2_6"
  SDF Warning: The path from sub_123.U2_6.S to U182.A1 doesn't have a simple 
  wire connection, delay will still be annotated.


Warning-[SDFCOM_SWC] Simple Wire Connection
/MasterClass/M143010027_ALU/Hws/HW1/gate_level/FLP_adder_7/Area/round6/timing.sdf, 3191
module: XOR3D2BWP16P90LVT, "instance: testbench.test_module.sub_123.U2_7"
  SDF Warning: The path from sub_123.U2_7.Z to U181.A1 doesn't have a simple 
  wire connection, delay will still be annotated.


Warning-[SDFCOM_IWSBA] INTERCONNECT will still be annotated
/MasterClass/M143010027_ALU/Hws/HW1/gate_level/FLP_adder_7/Area/round6/timing.sdf, 3197
module: CKND1BWP16P90LVT, "instance: testbench.test_module.add_127.U26"
  SDF Warning: INTERCONNECT from add_127.U26.ZN to U169.B1 has Instance at 
  /MasterClass/M143010027_ALU/Hws/HW1/gate_level/FLP_adder_7/Area/round6/netlist.v:1650,
  delay will still be annotated.


Warning-[SDFCOM_IWSBA] INTERCONNECT will still be annotated
/MasterClass/M143010027_ALU/Hws/HW1/gate_level/FLP_adder_7/Area/round6/timing.sdf, 3201
module: XOR2D1BWP16P90LVT, "instance: testbench.test_module.add_127.U48"
  SDF Warning: INTERCONNECT from add_127.U48.Z to U167.B1 has Instance at 
  /MasterClass/M143010027_ALU/Hws/HW1/gate_level/FLP_adder_7/Area/round6/netlist.v:1650,
  delay will still be annotated.


Warning-[SDFCOM_IWSBA] INTERCONNECT will still be annotated
/MasterClass/M143010027_ALU/Hws/HW1/gate_level/FLP_adder_7/Area/round6/timing.sdf, 3205
module: XOR2D1BWP16P90LVT, "instance: testbench.test_module.add_127.U47"
  SDF Warning: INTERCONNECT from add_127.U47.Z to U165.B1 has Instance at 
  /MasterClass/M143010027_ALU/Hws/HW1/gate_level/FLP_adder_7/Area/round6/netlist.v:1650,
  delay will still be annotated.


Warning-[SDFCOM_IWSBA] INTERCONNECT will still be annotated
/MasterClass/M143010027_ALU/Hws/HW1/gate_level/FLP_adder_7/Area/round6/timing.sdf, 3209
module: XOR2D1BWP16P90LVT, "instance: testbench.test_module.add_127.U46"
  SDF Warning: INTERCONNECT from add_127.U46.Z to U163.B1 has Instance at 
  /MasterClass/M143010027_ALU/Hws/HW1/gate_level/FLP_adder_7/Area/round6/netlist.v:1650,
  delay will still be annotated.


Warning-[SDFCOM_IWSBA] INTERCONNECT will still be annotated
/MasterClass/M143010027_ALU/Hws/HW1/gate_level/FLP_adder_7/Area/round6/timing.sdf, 3213
module: XOR2D1BWP16P90LVT, "instance: testbench.test_module.add_127.U45"
  SDF Warning: INTERCONNECT from add_127.U45.Z to U161.B1 has Instance at 
  /MasterClass/M143010027_ALU/Hws/HW1/gate_level/FLP_adder_7/Area/round6/netlist.v:1650,
  delay will still be annotated.


Warning-[SDFCOM_IWSBA] INTERCONNECT will still be annotated
/MasterClass/M143010027_ALU/Hws/HW1/gate_level/FLP_adder_7/Area/round6/timing.sdf, 3217
module: XOR2D1BWP16P90LVT, "instance: testbench.test_module.add_127.U44"
  SDF Warning: INTERCONNECT from add_127.U44.Z to U159.B1 has Instance at 
  /MasterClass/M143010027_ALU/Hws/HW1/gate_level/FLP_adder_7/Area/round6/netlist.v:1650,
  delay will still be annotated.


Warning-[SDFCOM_IWSBA] INTERCONNECT will still be annotated
/MasterClass/M143010027_ALU/Hws/HW1/gate_level/FLP_adder_7/Area/round6/timing.sdf, 3221
module: XOR2D1BWP16P90LVT, "instance: testbench.test_module.add_127.U43"
  SDF Warning: INTERCONNECT from add_127.U43.Z to U157.B1 has Instance at 
  /MasterClass/M143010027_ALU/Hws/HW1/gate_level/FLP_adder_7/Area/round6/netlist.v:1650,
  delay will still be annotated.


Warning-[SDFCOM_IWSBA] INTERCONNECT will still be annotated
/MasterClass/M143010027_ALU/Hws/HW1/gate_level/FLP_adder_7/Area/round6/timing.sdf, 3225
module: XOR2D1BWP16P90LVT, "instance: testbench.test_module.add_127.U42"
  SDF Warning: INTERCONNECT from add_127.U42.Z to U155.B1 has Instance at 
  /MasterClass/M143010027_ALU/Hws/HW1/gate_level/FLP_adder_7/Area/round6/netlist.v:1650,
  delay will still be annotated.


Warning-[SDFCOM_IWSBA] INTERCONNECT will still be annotated
/MasterClass/M143010027_ALU/Hws/HW1/gate_level/FLP_adder_7/Area/round6/timing.sdf, 3229
module: XOR2D1BWP16P90LVT, "instance: testbench.test_module.add_127.U41"
  SDF Warning: INTERCONNECT from add_127.U41.Z to U153.B1 has Instance at 
  /MasterClass/M143010027_ALU/Hws/HW1/gate_level/FLP_adder_7/Area/round6/netlist.v:1650,
  delay will still be annotated.


Warning-[SDFCOM_IWSBA] INTERCONNECT will still be annotated
/MasterClass/M143010027_ALU/Hws/HW1/gate_level/FLP_adder_7/Area/round6/timing.sdf, 3233
module: XOR2D1BWP16P90LVT, "instance: testbench.test_module.add_127.U40"
  SDF Warning: INTERCONNECT from add_127.U40.Z to U151.B1 has Instance at 
  /MasterClass/M143010027_ALU/Hws/HW1/gate_level/FLP_adder_7/Area/round6/netlist.v:1650,
  delay will still be annotated.


Warning-[SDFCOM_IWSBA] INTERCONNECT will still be annotated
/MasterClass/M143010027_ALU/Hws/HW1/gate_level/FLP_adder_7/Area/round6/timing.sdf, 3237
module: XOR2D1BWP16P90LVT, "instance: testbench.test_module.add_127.U39"
  SDF Warning: INTERCONNECT from add_127.U39.Z to U149.B1 has Instance at 
  /MasterClass/M143010027_ALU/Hws/HW1/gate_level/FLP_adder_7/Area/round6/netlist.v:1650,
  delay will still be annotated.


Warning-[SDFCOM_IWSBA] INTERCONNECT will still be annotated
/MasterClass/M143010027_ALU/Hws/HW1/gate_level/FLP_adder_7/Area/round6/timing.sdf, 3241
module: XOR2D1BWP16P90LVT, "instance: testbench.test_module.add_127.U38"
  SDF Warning: INTERCONNECT from add_127.U38.Z to U147.B1 has Instance at 
  /MasterClass/M143010027_ALU/Hws/HW1/gate_level/FLP_adder_7/Area/round6/netlist.v:1650,
  delay will still be annotated.


Warning-[SDFCOM_IWSBA] INTERCONNECT will still be annotated
/MasterClass/M143010027_ALU/Hws/HW1/gate_level/FLP_adder_7/Area/round6/timing.sdf, 3245
module: XOR2D1BWP16P90LVT, "instance: testbench.test_module.add_127.U37"
  SDF Warning: INTERCONNECT from add_127.U37.Z to U145.B1 has Instance at 
  /MasterClass/M143010027_ALU/Hws/HW1/gate_level/FLP_adder_7/Area/round6/netlist.v:1650,
  delay will still be annotated.


Warning-[SDFCOM_IWSBA] INTERCONNECT will still be annotated
/MasterClass/M143010027_ALU/Hws/HW1/gate_level/FLP_adder_7/Area/round6/timing.sdf, 3249
module: XOR2D1BWP16P90LVT, "instance: testbench.test_module.add_127.U36"
  SDF Warning: INTERCONNECT from add_127.U36.Z to U143.B1 has Instance at 
  /MasterClass/M143010027_ALU/Hws/HW1/gate_level/FLP_adder_7/Area/round6/netlist.v:1650,
  delay will still be annotated.


Warning-[SDFCOM_IWSBA] INTERCONNECT will still be annotated
/MasterClass/M143010027_ALU/Hws/HW1/gate_level/FLP_adder_7/Area/round6/timing.sdf, 3253
module: XOR2D1BWP16P90LVT, "instance: testbench.test_module.add_127.U35"
  SDF Warning: INTERCONNECT from add_127.U35.Z to U141.B1 has Instance at 
  /MasterClass/M143010027_ALU/Hws/HW1/gate_level/FLP_adder_7/Area/round6/netlist.v:1650,
  delay will still be annotated.


Warning-[SDFCOM_IWSBA] INTERCONNECT will still be annotated
/MasterClass/M143010027_ALU/Hws/HW1/gate_level/FLP_adder_7/Area/round6/timing.sdf, 3257
module: XOR2D1BWP16P90LVT, "instance: testbench.test_module.add_127.U34"
  SDF Warning: INTERCONNECT from add_127.U34.Z to U139.B1 has Instance at 
  /MasterClass/M143010027_ALU/Hws/HW1/gate_level/FLP_adder_7/Area/round6/netlist.v:1650,
  delay will still be annotated.


Warning-[SDFCOM_IWSBA] INTERCONNECT will still be annotated
/MasterClass/M143010027_ALU/Hws/HW1/gate_level/FLP_adder_7/Area/round6/timing.sdf, 3261
module: XOR2D1BWP16P90LVT, "instance: testbench.test_module.add_127.U33"
  SDF Warning: INTERCONNECT from add_127.U33.Z to U137.B1 has Instance at 
  /MasterClass/M143010027_ALU/Hws/HW1/gate_level/FLP_adder_7/Area/round6/netlist.v:1650,
  delay will still be annotated.


Warning-[SDFCOM_IWSBA] INTERCONNECT will still be annotated
/MasterClass/M143010027_ALU/Hws/HW1/gate_level/FLP_adder_7/Area/round6/timing.sdf, 3265
module: XOR2D1BWP16P90LVT, "instance: testbench.test_module.add_127.U32"
  SDF Warning: INTERCONNECT from add_127.U32.Z to U135.B1 has Instance at 
  /MasterClass/M143010027_ALU/Hws/HW1/gate_level/FLP_adder_7/Area/round6/netlist.v:1650,
  delay will still be annotated.


Warning-[SDFCOM_IWSBA] INTERCONNECT will still be annotated
/MasterClass/M143010027_ALU/Hws/HW1/gate_level/FLP_adder_7/Area/round6/timing.sdf, 3269
module: XOR2D1BWP16P90LVT, "instance: testbench.test_module.add_127.U31"
  SDF Warning: INTERCONNECT from add_127.U31.Z to U133.B1 has Instance at 
  /MasterClass/M143010027_ALU/Hws/HW1/gate_level/FLP_adder_7/Area/round6/netlist.v:1650,
  delay will still be annotated.


Warning-[SDFCOM_IWSBA] INTERCONNECT will still be annotated
/MasterClass/M143010027_ALU/Hws/HW1/gate_level/FLP_adder_7/Area/round6/timing.sdf, 3273
module: XOR2D1BWP16P90LVT, "instance: testbench.test_module.add_127.U30"
  SDF Warning: INTERCONNECT from add_127.U30.Z to U131.B1 has Instance at 
  /MasterClass/M143010027_ALU/Hws/HW1/gate_level/FLP_adder_7/Area/round6/netlist.v:1650,
  delay will still be annotated.


Warning-[SDFCOM_IWSBA] INTERCONNECT will still be annotated
/MasterClass/M143010027_ALU/Hws/HW1/gate_level/FLP_adder_7/Area/round6/timing.sdf, 3277
module: XOR2D1BWP16P90LVT, "instance: testbench.test_module.add_127.U25"
  SDF Warning: INTERCONNECT from add_127.U25.Z to U125.B1 has Instance at 
  /MasterClass/M143010027_ALU/Hws/HW1/gate_level/FLP_adder_7/Area/round6/netlist.v:1650,
  delay will still be annotated.


          Total errors: 0
          Total warnings: 151
   ***    SDF annotation completed: Mon Oct  5 20:46:11 2026


