
   ***   $sdf_annotate() version 1.2R
   ***    SDF file: "/MasterClass/M143010027_ALU/Hws/HW1/gate_level/FLP_adder_7/Between/round1/timing.sdf"
   ***    Annotation scope: testbench.test_module
   ***    SDF Annotator log file: "sdf_annotation.log"
   ***    MTM selection: "MAXIMUM"
   ***    No SCALE FACTORS argument specified
   ***    No SCALE TYPE argument specified
   ***    SCALE FACTORS defaulted to "1.0:1.0:1.0":
   ***    SCALE TYPE defaulted to: "FROM_MTM"
   ***    Turnoff delay: "FROM_FILE"
   ***    Approximation (mipd) policy: "MAXIMUM"

   ***    SDF annotation begin: Mon Oct  5 20:47:45 2026


SDF Info: +pulse_r/100, +pulse_e/100 in effect

Warning-[SDFCOM_IWSBA] INTERCONNECT will still be annotated
/MasterClass/M143010027_ALU/Hws/HW1/gate_level/FLP_adder_7/Between/round1/timing.sdf, 438
module: HA1D1BWP16P90LVT, "instance: testbench.test_module.add_127.U38"
  SDF Warning: INTERCONNECT from add_127.U38.S to U1593.A1 has Instance at 
  /MasterClass/M143010027_ALU/Hws/HW1/gate_level/FLP_adder_7/Between/round1/netlist.v:1373,
  delay will still be annotated.


Warning-[SDFCOM_IWSBA] INTERCONNECT will still be annotated
/MasterClass/M143010027_ALU/Hws/HW1/gate_level/FLP_adder_7/Between/round1/timing.sdf, 443
module: HA1D2BWP16P90LVT, "instance: testbench.test_module.add_127.U43"
  SDF Warning: INTERCONNECT from add_127.U43.S to U1591.I has Instance at 
  /MasterClass/M143010027_ALU/Hws/HW1/gate_level/FLP_adder_7/Between/round1/netlist.v:1373,
  delay will still be annotated.


Warning-[SDFCOM_IWSBA] INTERCONNECT will still be annotated
/MasterClass/M143010027_ALU/Hws/HW1/gate_level/FLP_adder_7/Between/round1/timing.sdf, 452
module: HA1D2BWP16P90LVT, "instance: testbench.test_module.add_127.U43"
  SDF Warning: INTERCONNECT from add_127.U43.S to U1588.A2 has Instance at 
  /MasterClass/M143010027_ALU/Hws/HW1/gate_level/FLP_adder_7/Between/round1/netlist.v:1373,
  delay will still be annotated.


Warning-[SDFCOM_IWSBA] INTERCONNECT will still be annotated
/MasterClass/M143010027_ALU/Hws/HW1/gate_level/FLP_adder_7/Between/round1/timing.sdf, 456
module: HA1D2BWP16P90LVT, "instance: testbench.test_module.add_127.U4"
  SDF Warning: INTERCONNECT from add_127.U4.S to U1586.I has Instance at 
  /MasterClass/M143010027_ALU/Hws/HW1/gate_level/FLP_adder_7/Between/round1/netlist.v:1373,
  delay will still be annotated.


Warning-[SDFCOM_IWSBA] INTERCONNECT will still be annotated
/MasterClass/M143010027_ALU/Hws/HW1/gate_level/FLP_adder_7/Between/round1/timing.sdf, 464
module: HA1D2BWP16P90LVT, "instance: testbench.test_module.add_127.U4"
  SDF Warning: INTERCONNECT from add_127.U4.S to U1583.A1 has Instance at 
  /MasterClass/M143010027_ALU/Hws/HW1/gate_level/FLP_adder_7/Between/round1/netlist.v:1373,
  delay will still be annotated.


Warning-[SDFCOM_IWSBA] INTERCONNECT will still be annotated
/MasterClass/M143010027_ALU/Hws/HW1/gate_level/FLP_adder_7/Between/round1/timing.sdf, 469
module: HA1D2BWP16P90LVT, "instance: testbench.test_module.add_127.U5"
  SDF Warning: INTERCONNECT from add_127.U5.S to U1581.I has Instance at 
  /MasterClass/M143010027_ALU/Hws/HW1/gate_level/FLP_adder_7/Between/round1/netlist.v:1373,
  delay will still be annotated.


Warning-[SDFCOM_IWSBA] INTERCONNECT will still be annotated
/MasterClass/M143010027_ALU/Hws/HW1/gate_level/FLP_adder_7/Between/round1/timing.sdf, 477
module: HA1D2BWP16P90LVT, "instance: testbench.test_module.add_127.U5"
  SDF Warning: INTERCONNECT from add_127.U5.S to U1578.A1 has Instance at 
  /MasterClass/M143010027_ALU/Hws/HW1/gate_level/FLP_adder_7/Between/round1/netlist.v:1373,
  delay will still be annotated.


Warning-[SDFCOM_IWSBA] INTERCONNECT will still be annotated
/MasterClass/M143010027_ALU/Hws/HW1/gate_level/FLP_adder_7/Between/round1/timing.sdf, 482
module: HA1D2BWP16P90LVT, "instance: testbench.test_module.add_127.U6"
  SDF Warning: INTERCONNECT from add_127.U6.S to U1576.I has Instance at 
  /MasterClass/M143010027_ALU/Hws/HW1/gate_level/FLP_adder_7/Between/round1/netlist.v:1373,
  delay will still be annotated.


Warning-[SDFCOM_IWSBA] INTERCONNECT will still be annotated
/MasterClass/M143010027_ALU/Hws/HW1/gate_level/FLP_adder_7/Between/round1/timing.sdf, 490
module: HA1D2BWP16P90LVT, "instance: testbench.test_module.add_127.U6"
  SDF Warning: INTERCONNECT from add_127.U6.S to U1573.A1 has Instance at 
  /MasterClass/M143010027_ALU/Hws/HW1/gate_level/FLP_adder_7/Between/round1/netlist.v:1373,
  delay will still be annotated.


Warning-[SDFCOM_IWSBA] INTERCONNECT will still be annotated
/MasterClass/M143010027_ALU/Hws/HW1/gate_level/FLP_adder_7/Between/round1/timing.sdf, 495
module: HA1D2BWP16P90LVT, "instance: testbench.test_module.add_127.U7"
  SDF Warning: INTERCONNECT from add_127.U7.S to U1571.I has Instance at 
  /MasterClass/M143010027_ALU/Hws/HW1/gate_level/FLP_adder_7/Between/round1/netlist.v:1373,
  delay will still be annotated.


Warning-[SDFCOM_IWSBA] INTERCONNECT will still be annotated
/MasterClass/M143010027_ALU/Hws/HW1/gate_level/FLP_adder_7/Between/round1/timing.sdf, 503
module: HA1D2BWP16P90LVT, "instance: testbench.test_module.add_127.U7"
  SDF Warning: INTERCONNECT from add_127.U7.S to U1568.A1 has Instance at 
  /MasterClass/M143010027_ALU/Hws/HW1/gate_level/FLP_adder_7/Between/round1/netlist.v:1373,
  delay will still be annotated.


Warning-[SDFCOM_IWSBA] INTERCONNECT will still be annotated
/MasterClass/M143010027_ALU/Hws/HW1/gate_level/FLP_adder_7/Between/round1/timing.sdf, 508
module: HA1D2BWP16P90LVT, "instance: testbench.test_module.add_127.U8"
  SDF Warning: INTERCONNECT from add_127.U8.S to U1566.I has Instance at 
  /MasterClass/M143010027_ALU/Hws/HW1/gate_level/FLP_adder_7/Between/round1/netlist.v:1373,
  delay will still be annotated.


Warning-[SDFCOM_IWSBA] INTERCONNECT will still be annotated
/MasterClass/M143010027_ALU/Hws/HW1/gate_level/FLP_adder_7/Between/round1/timing.sdf, 516
module: HA1D2BWP16P90LVT, "instance: testbench.test_module.add_127.U8"
  SDF Warning: INTERCONNECT from add_127.U8.S to U1563.A1 has Instance at 
  /MasterClass/M143010027_ALU/Hws/HW1/gate_level/FLP_adder_7/Between/round1/netlist.v:1373,
  delay will still be annotated.


Warning-[SDFCOM_IWSBA] INTERCONNECT will still be annotated
/MasterClass/M143010027_ALU/Hws/HW1/gate_level/FLP_adder_7/Between/round1/timing.sdf, 521
module: HA1D2BWP16P90LVT, "instance: testbench.test_module.add_127.U9"
  SDF Warning: INTERCONNECT from add_127.U9.S to U1561.I has Instance at 
  /MasterClass/M143010027_ALU/Hws/HW1/gate_level/FLP_adder_7/Between/round1/netlist.v:1373,
  delay will still be annotated.


Warning-[SDFCOM_IWSBA] INTERCONNECT will still be annotated
/MasterClass/M143010027_ALU/Hws/HW1/gate_level/FLP_adder_7/Between/round1/timing.sdf, 529
module: HA1D2BWP16P90LVT, "instance: testbench.test_module.add_127.U9"
  SDF Warning: INTERCONNECT from add_127.U9.S to U1558.A1 has Instance at 
  /MasterClass/M143010027_ALU/Hws/HW1/gate_level/FLP_adder_7/Between/round1/netlist.v:1373,
  delay will still be annotated.


Warning-[SDFCOM_IWSBA] INTERCONNECT will still be annotated
/MasterClass/M143010027_ALU/Hws/HW1/gate_level/FLP_adder_7/Between/round1/timing.sdf, 534
module: HA1D2BWP16P90LVT, "instance: testbench.test_module.add_127.U10"
  SDF Warning: INTERCONNECT from add_127.U10.S to U1556.I has Instance at 
  /MasterClass/M143010027_ALU/Hws/HW1/gate_level/FLP_adder_7/Between/round1/netlist.v:1373,
  delay will still be annotated.


Warning-[SDFCOM_IWSBA] INTERCONNECT will still be annotated
/MasterClass/M143010027_ALU/Hws/HW1/gate_level/FLP_adder_7/Between/round1/timing.sdf, 542
module: HA1D2BWP16P90LVT, "instance: testbench.test_module.add_127.U10"
  SDF Warning: INTERCONNECT from add_127.U10.S to U1553.A1 has Instance at 
  /MasterClass/M143010027_ALU/Hws/HW1/gate_level/FLP_adder_7/Between/round1/netlist.v:1373,
  delay will still be annotated.


Warning-[SDFCOM_IWSBA] INTERCONNECT will still be annotated
/MasterClass/M143010027_ALU/Hws/HW1/gate_level/FLP_adder_7/Between/round1/timing.sdf, 547
module: HA1D2BWP16P90LVT, "instance: testbench.test_module.add_127.U11"
  SDF Warning: INTERCONNECT from add_127.U11.S to U1551.I has Instance at 
  /MasterClass/M143010027_ALU/Hws/HW1/gate_level/FLP_adder_7/Between/round1/netlist.v:1373,
  delay will still be annotated.


Warning-[SDFCOM_IWSBA] INTERCONNECT will still be annotated
/MasterClass/M143010027_ALU/Hws/HW1/gate_level/FLP_adder_7/Between/round1/timing.sdf, 555
module: HA1D2BWP16P90LVT, "instance: testbench.test_module.add_127.U11"
  SDF Warning: INTERCONNECT from add_127.U11.S to U1548.A1 has Instance at 
  /MasterClass/M143010027_ALU/Hws/HW1/gate_level/FLP_adder_7/Between/round1/netlist.v:1373,
  delay will still be annotated.


Warning-[SDFCOM_IWSBA] INTERCONNECT will still be annotated
/MasterClass/M143010027_ALU/Hws/HW1/gate_level/FLP_adder_7/Between/round1/timing.sdf, 560
module: HA1D2BWP16P90LVT, "instance: testbench.test_module.add_127.U12"
  SDF Warning: INTERCONNECT from add_127.U12.S to U1546.I has Instance at 
  /MasterClass/M143010027_ALU/Hws/HW1/gate_level/FLP_adder_7/Between/round1/netlist.v:1373,
  delay will still be annotated.


Warning-[SDFCOM_IWSBA] INTERCONNECT will still be annotated
/MasterClass/M143010027_ALU/Hws/HW1/gate_level/FLP_adder_7/Between/round1/timing.sdf, 568
module: HA1D2BWP16P90LVT, "instance: testbench.test_module.add_127.U12"
  SDF Warning: INTERCONNECT from add_127.U12.S to U1543.A1 has Instance at 
  /MasterClass/M143010027_ALU/Hws/HW1/gate_level/FLP_adder_7/Between/round1/netlist.v:1373,
  delay will still be annotated.


Warning-[SDFCOM_IWSBA] INTERCONNECT will still be annotated
/MasterClass/M143010027_ALU/Hws/HW1/gate_level/FLP_adder_7/Between/round1/timing.sdf, 573
module: HA1D2BWP16P90LVT, "instance: testbench.test_module.add_127.U13"
  SDF Warning: INTERCONNECT from add_127.U13.S to U1541.I has Instance at 
  /MasterClass/M143010027_ALU/Hws/HW1/gate_level/FLP_adder_7/Between/round1/netlist.v:1373,
  delay will still be annotated.


Warning-[SDFCOM_IWSBA] INTERCONNECT will still be annotated
/MasterClass/M143010027_ALU/Hws/HW1/gate_level/FLP_adder_7/Between/round1/timing.sdf, 581
module: HA1D2BWP16P90LVT, "instance: testbench.test_module.add_127.U13"
  SDF Warning: INTERCONNECT from add_127.U13.S to U1538.A1 has Instance at 
  /MasterClass/M143010027_ALU/Hws/HW1/gate_level/FLP_adder_7/Between/round1/netlist.v:1373,
  delay will still be annotated.


Warning-[SDFCOM_IWSBA] INTERCONNECT will still be annotated
/MasterClass/M143010027_ALU/Hws/HW1/gate_level/FLP_adder_7/Between/round1/timing.sdf, 586
module: HA1D2BWP16P90LVT, "instance: testbench.test_module.add_127.U14"
  SDF Warning: INTERCONNECT from add_127.U14.S to U1536.I has Instance at 
  /MasterClass/M143010027_ALU/Hws/HW1/gate_level/FLP_adder_7/Between/round1/netlist.v:1373,
  delay will still be annotated.


Warning-[SDFCOM_IWSBA] INTERCONNECT will still be annotated
/MasterClass/M143010027_ALU/Hws/HW1/gate_level/FLP_adder_7/Between/round1/timing.sdf, 594
module: HA1D2BWP16P90LVT, "instance: testbench.test_module.add_127.U14"
  SDF Warning: INTERCONNECT from add_127.U14.S to U1533.A1 has Instance at 
  /MasterClass/M143010027_ALU/Hws/HW1/gate_level/FLP_adder_7/Between/round1/netlist.v:1373,
  delay will still be annotated.


Warning-[SDFCOM_IWSBA] INTERCONNECT will still be annotated
/MasterClass/M143010027_ALU/Hws/HW1/gate_level/FLP_adder_7/Between/round1/timing.sdf, 599
module: HA1D2BWP16P90LVT, "instance: testbench.test_module.add_127.U15"
  SDF Warning: INTERCONNECT from add_127.U15.S to U1531.I has Instance at 
  /MasterClass/M143010027_ALU/Hws/HW1/gate_level/FLP_adder_7/Between/round1/netlist.v:1373,
  delay will still be annotated.


Warning-[SDFCOM_IWSBA] INTERCONNECT will still be annotated
/MasterClass/M143010027_ALU/Hws/HW1/gate_level/FLP_adder_7/Between/round1/timing.sdf, 607
module: HA1D2BWP16P90LVT, "instance: testbench.test_module.add_127.U15"
  SDF Warning: INTERCONNECT from add_127.U15.S to U1528.A1 has Instance at 
  /MasterClass/M143010027_ALU/Hws/HW1/gate_level/FLP_adder_7/Between/round1/netlist.v:1373,
  delay will still be annotated.


Warning-[SDFCOM_IWSBA] INTERCONNECT will still be annotated
/MasterClass/M143010027_ALU/Hws/HW1/gate_level/FLP_adder_7/Between/round1/timing.sdf, 612
module: HA1D2BWP16P90LVT, "instance: testbench.test_module.add_127.U16"
  SDF Warning: INTERCONNECT from add_127.U16.S to U1526.I has Instance at 
  /MasterClass/M143010027_ALU/Hws/HW1/gate_level/FLP_adder_7/Between/round1/netlist.v:1373,
  delay will still be annotated.


Warning-[SDFCOM_IWSBA] INTERCONNECT will still be annotated
/MasterClass/M143010027_ALU/Hws/HW1/gate_level/FLP_adder_7/Between/round1/timing.sdf, 620
module: HA1D2BWP16P90LVT, "instance: testbench.test_module.add_127.U16"
  SDF Warning: INTERCONNECT from add_127.U16.S to U1523.A1 has Instance at 
  /MasterClass/M143010027_ALU/Hws/HW1/gate_level/FLP_adder_7/Between/round1/netlist.v:1373,
  delay will still be annotated.


Warning-[SDFCOM_IWSBA] INTERCONNECT will still be annotated
/MasterClass/M143010027_ALU/Hws/HW1/gate_level/FLP_adder_7/Between/round1/timing.sdf, 625
module: HA1D2BWP16P90LVT, "instance: testbench.test_module.add_127.U17"
  SDF Warning: INTERCONNECT from add_127.U17.S to U1521.I has Instance at 
  /MasterClass/M143010027_ALU/Hws/HW1/gate_level/FLP_adder_7/Between/round1/netlist.v:1373,
  delay will still be annotated.


Warning-[SDFCOM_IWSBA] INTERCONNECT will still be annotated
/MasterClass/M143010027_ALU/Hws/HW1/gate_level/FLP_adder_7/Between/round1/timing.sdf, 633
module: HA1D2BWP16P90LVT, "instance: testbench.test_module.add_127.U17"
  SDF Warning: INTERCONNECT from add_127.U17.S to U1518.A1 has Instance at 
  /MasterClass/M143010027_ALU/Hws/HW1/gate_level/FLP_adder_7/Between/round1/netlist.v:1373,
  delay will still be annotated.


Warning-[SDFCOM_IWSBA] INTERCONNECT will still be annotated
/MasterClass/M143010027_ALU/Hws/HW1/gate_level/FLP_adder_7/Between/round1/timing.sdf, 638
module: HA1D2BWP16P90LVT, "instance: testbench.test_module.add_127.U18"
  SDF Warning: INTERCONNECT from add_127.U18.S to U1516.I has Instance at 
  /MasterClass/M143010027_ALU/Hws/HW1/gate_level/FLP_adder_7/Between/round1/netlist.v:1373,
  delay will still be annotated.


Warning-[SDFCOM_IWSBA] INTERCONNECT will still be annotated
/MasterClass/M143010027_ALU/Hws/HW1/gate_level/FLP_adder_7/Between/round1/timing.sdf, 646
module: HA1D2BWP16P90LVT, "instance: testbench.test_module.add_127.U18"
  SDF Warning: INTERCONNECT from add_127.U18.S to U1513.A1 has Instance at 
  /MasterClass/M143010027_ALU/Hws/HW1/gate_level/FLP_adder_7/Between/round1/netlist.v:1373,
  delay will still be annotated.


Warning-[SDFCOM_IWSBA] INTERCONNECT will still be annotated
/MasterClass/M143010027_ALU/Hws/HW1/gate_level/FLP_adder_7/Between/round1/timing.sdf, 651
module: HA1D2BWP16P90LVT, "instance: testbench.test_module.add_127.U19"
  SDF Warning: INTERCONNECT from add_127.U19.S to U1511.I has Instance at 
  /MasterClass/M143010027_ALU/Hws/HW1/gate_level/FLP_adder_7/Between/round1/netlist.v:1373,
  delay will still be annotated.


Warning-[SDFCOM_IWSBA] INTERCONNECT will still be annotated
/MasterClass/M143010027_ALU/Hws/HW1/gate_level/FLP_adder_7/Between/round1/timing.sdf, 659
module: HA1D2BWP16P90LVT, "instance: testbench.test_module.add_127.U19"
  SDF Warning: INTERCONNECT from add_127.U19.S to U1508.A1 has Instance at 
  /MasterClass/M143010027_ALU/Hws/HW1/gate_level/FLP_adder_7/Between/round1/netlist.v:1373,
  delay will still be annotated.


Warning-[SDFCOM_IWSBA] INTERCONNECT will still be annotated
/MasterClass/M143010027_ALU/Hws/HW1/gate_level/FLP_adder_7/Between/round1/timing.sdf, 664
module: HA1D2BWP16P90LVT, "instance: testbench.test_module.add_127.U20"
  SDF Warning: INTERCONNECT from add_127.U20.S to U1506.I has Instance at 
  /MasterClass/M143010027_ALU/Hws/HW1/gate_level/FLP_adder_7/Between/round1/netlist.v:1373,
  delay will still be annotated.


Warning-[SDFCOM_IWSBA] INTERCONNECT will still be annotated
/MasterClass/M143010027_ALU/Hws/HW1/gate_level/FLP_adder_7/Between/round1/timing.sdf, 672
module: HA1D2BWP16P90LVT, "instance: testbench.test_module.add_127.U20"
  SDF Warning: INTERCONNECT from add_127.U20.S to U1503.A1 has Instance at 
  /MasterClass/M143010027_ALU/Hws/HW1/gate_level/FLP_adder_7/Between/round1/netlist.v:1373,
  delay will still be annotated.


Warning-[SDFCOM_IWSBA] INTERCONNECT will still be annotated
/MasterClass/M143010027_ALU/Hws/HW1/gate_level/FLP_adder_7/Between/round1/timing.sdf, 677
module: HA1D2BWP16P90LVT, "instance: testbench.test_module.add_127.U21"
  SDF Warning: INTERCONNECT from add_127.U21.S to U1501.I has Instance at 
  /MasterClass/M143010027_ALU/Hws/HW1/gate_level/FLP_adder_7/Between/round1/netlist.v:1373,
  delay will still be annotated.


Warning-[SDFCOM_IWSBA] INTERCONNECT will still be annotated
/MasterClass/M143010027_ALU/Hws/HW1/gate_level/FLP_adder_7/Between/round1/timing.sdf, 685
module: HA1D2BWP16P90LVT, "instance: testbench.test_module.add_127.U21"
  SDF Warning: INTERCONNECT from add_127.U21.S to U1498.A1 has Instance at 
  /MasterClass/M143010027_ALU/Hws/HW1/gate_level/FLP_adder_7/Between/round1/netlist.v:1373,
  delay will still be annotated.


Warning-[SDFCOM_IWSBA] INTERCONNECT will still be annotated
/MasterClass/M143010027_ALU/Hws/HW1/gate_level/FLP_adder_7/Between/round1/timing.sdf, 690
module: HA1D2BWP16P90LVT, "instance: testbench.test_module.add_127.U22"
  SDF Warning: INTERCONNECT from add_127.U22.S to U1496.I has Instance at 
  /MasterClass/M143010027_ALU/Hws/HW1/gate_level/FLP_adder_7/Between/round1/netlist.v:1373,
  delay will still be annotated.


Warning-[SDFCOM_IWSBA] INTERCONNECT will still be annotated
/MasterClass/M143010027_ALU/Hws/HW1/gate_level/FLP_adder_7/Between/round1/timing.sdf, 698
module: HA1D2BWP16P90LVT, "instance: testbench.test_module.add_127.U22"
  SDF Warning: INTERCONNECT from add_127.U22.S to U1493.A1 has Instance at 
  /MasterClass/M143010027_ALU/Hws/HW1/gate_level/FLP_adder_7/Between/round1/netlist.v:1373,
  delay will still be annotated.


Warning-[SDFCOM_IWSBA] INTERCONNECT will still be annotated
/MasterClass/M143010027_ALU/Hws/HW1/gate_level/FLP_adder_7/Between/round1/timing.sdf, 703
module: XOR2D1BWP16P90, "instance: testbench.test_module.add_127.U36"
  SDF Warning: INTERCONNECT from add_127.U36.Z to U1491.I has Instance at 
  /MasterClass/M143010027_ALU/Hws/HW1/gate_level/FLP_adder_7/Between/round1/netlist.v:1373,
  delay will still be annotated.


Warning-[SDFCOM_IWSBA] INTERCONNECT will still be annotated
/MasterClass/M143010027_ALU/Hws/HW1/gate_level/FLP_adder_7/Between/round1/timing.sdf, 711
module: XOR2D1BWP16P90, "instance: testbench.test_module.add_127.U36"
  SDF Warning: INTERCONNECT from add_127.U36.Z to U1488.A1 has Instance at 
  /MasterClass/M143010027_ALU/Hws/HW1/gate_level/FLP_adder_7/Between/round1/netlist.v:1373,
  delay will still be annotated.


Warning-[SDFCOM_IWSBA] INTERCONNECT will still be annotated
/MasterClass/M143010027_ALU/Hws/HW1/gate_level/FLP_adder_7/Between/round1/timing.sdf, 722
module: INVD1BWP16P90, "instance: testbench.test_module.add_127.U39"
  SDF Warning: INTERCONNECT from add_127.U39.ZN to U1485.A1 has Instance at 
  /MasterClass/M143010027_ALU/Hws/HW1/gate_level/FLP_adder_7/Between/round1/netlist.v:1373,
  delay will still be annotated.


Warning-[SDFCOM_IWSBA] INTERCONNECT will still be annotated
/MasterClass/M143010027_ALU/Hws/HW1/gate_level/FLP_adder_7/Between/round1/timing.sdf, 731
module: XOR2D1BWP16P90, "instance: testbench.test_module.add_127.U37"
  SDF Warning: INTERCONNECT from add_127.U37.Z to U1481.I has Instance at 
  /MasterClass/M143010027_ALU/Hws/HW1/gate_level/FLP_adder_7/Between/round1/netlist.v:1373,
  delay will still be annotated.


Warning-[SDFCOM_IWSBA] INTERCONNECT will still be annotated
/MasterClass/M143010027_ALU/Hws/HW1/gate_level/FLP_adder_7/Between/round1/timing.sdf, 774
module: DFQD2BWP16P90LVT, "instance: testbench.test_module.s3_md_signed_reg_0_"
  SDF Warning: INTERCONNECT from s3_md_signed_reg_0_.Q to U1468.A2 has 
  Instance at 
  /MasterClass/M143010027_ALU/Hws/HW1/gate_level/FLP_adder_7/Between/round1/netlist.v:1369,
  delay will still be annotated.


Warning-[SDFCOM_SWC] Simple Wire Connection
/MasterClass/M143010027_ALU/Hws/HW1/gate_level/FLP_adder_7/Between/round1/timing.sdf, 837
module: XNR2D1BWP16P90LVT, "instance: testbench.test_module.sub_123.U79"
  SDF Warning: The path from sub_123.U79.ZN to U1450.A1 doesn't have a simple 
  wire connection, delay will still be annotated.


Warning-[SDFCOM_SWC] Simple Wire Connection
/MasterClass/M143010027_ALU/Hws/HW1/gate_level/FLP_adder_7/Between/round1/timing.sdf, 844
module: XNR2D1BWP16P90LVT, "instance: testbench.test_module.sub_123.U99"
  SDF Warning: The path from sub_123.U99.ZN to U1447.A1 doesn't have a simple 
  wire connection, delay will still be annotated.


Warning-[SDFCOM_SWC] Simple Wire Connection
/MasterClass/M143010027_ALU/Hws/HW1/gate_level/FLP_adder_7/Between/round1/timing.sdf, 854
module: XOR2D1BWP16P90, "instance: testbench.test_module.sub_123.U71"
  SDF Warning: The path from sub_123.U71.Z to U1442.A1 doesn't have a simple 
  wire connection, delay will still be annotated.


Warning-[SDFCOM_SWC] Simple Wire Connection
/MasterClass/M143010027_ALU/Hws/HW1/gate_level/FLP_adder_7/Between/round1/timing.sdf, 864
module: XNR2D1BWP16P90LVT, "instance: testbench.test_module.sub_123.U81"
  SDF Warning: The path from sub_123.U81.ZN to U1437.A1 doesn't have a simple 
  wire connection, delay will still be annotated.


Warning-[SDFCOM_SWC] Simple Wire Connection
/MasterClass/M143010027_ALU/Hws/HW1/gate_level/FLP_adder_7/Between/round1/timing.sdf, 874
module: XOR2D1BWP16P90LVT, "instance: testbench.test_module.sub_123.U83"
  SDF Warning: The path from sub_123.U83.Z to U1432.A1 doesn't have a simple 
  wire connection, delay will still be annotated.


Warning-[SDFCOM_SWC] Simple Wire Connection
/MasterClass/M143010027_ALU/Hws/HW1/gate_level/FLP_adder_7/Between/round1/timing.sdf, 884
module: XNR2D1BWP16P90LVT, "instance: testbench.test_module.sub_123.U87"
  SDF Warning: The path from sub_123.U87.ZN to U1427.A1 doesn't have a simple 
  wire connection, delay will still be annotated.


Warning-[SDFCOM_SWC] Simple Wire Connection
/MasterClass/M143010027_ALU/Hws/HW1/gate_level/FLP_adder_7/Between/round1/timing.sdf, 895
module: FA1D1BWP16P90LVT, "instance: testbench.test_module.sub_123.U48"
  SDF Warning: The path from sub_123.U48.S to U1421.A1 doesn't have a simple 
  wire connection, delay will still be annotated.


Warning-[SDFCOM_SWC] Simple Wire Connection
/MasterClass/M143010027_ALU/Hws/HW1/gate_level/FLP_adder_7/Between/round1/timing.sdf, 1321
module: XNR2D1BWP16P90LVT, "instance: testbench.test_module.sub_123.U93"
  SDF Warning: The path from sub_123.U93.ZN to U1308.A1 doesn't have a simple 
  wire connection, delay will still be annotated.


Warning-[SDFCOM_IWSBA] INTERCONNECT will still be annotated
/MasterClass/M143010027_ALU/Hws/HW1/gate_level/FLP_adder_7/Between/round1/timing.sdf, 1456
module: DFQD2BWP16P90LVT, "instance: testbench.test_module.s3_md_signed_reg_0_"
  SDF Warning: INTERCONNECT from s3_md_signed_reg_0_.Q to U1249.I has Instance
  at 
  /MasterClass/M143010027_ALU/Hws/HW1/gate_level/FLP_adder_7/Between/round1/netlist.v:1369,
  delay will still be annotated.


Warning-[SDFCOM_IWSBA] INTERCONNECT will still be annotated
/MasterClass/M143010027_ALU/Hws/HW1/gate_level/FLP_adder_7/Between/round1/timing.sdf, 1739
module: CKND1BWP16P90LVT, "instance: testbench.test_module.U779"
  SDF Warning: INTERCONNECT from U779.ZN to U1109.B1 has Instance at 
  /MasterClass/M143010027_ALU/Hws/HW1/gate_level/FLP_adder_7/Between/round1/netlist.v:1402,
  delay will still be annotated.


Warning-[SDFCOM_IWSBA] INTERCONNECT will still be annotated
/MasterClass/M143010027_ALU/Hws/HW1/gate_level/FLP_adder_7/Between/round1/timing.sdf, 1745
module: HA1D2BWP16P90LVT, "instance: testbench.test_module.sub_85.U50"
  SDF Warning: INTERCONNECT from sub_85.U50.S to U1107.B1 has Instance at 
  /MasterClass/M143010027_ALU/Hws/HW1/gate_level/FLP_adder_7/Between/round1/netlist.v:1402,
  delay will still be annotated.


Warning-[SDFCOM_IWSBA] INTERCONNECT will still be annotated
/MasterClass/M143010027_ALU/Hws/HW1/gate_level/FLP_adder_7/Between/round1/timing.sdf, 1751
module: XNR2D1BWP16P90LVT, "instance: testbench.test_module.sub_85.U107"
  SDF Warning: INTERCONNECT from sub_85.U107.ZN to U1105.B1 has Instance at 
  /MasterClass/M143010027_ALU/Hws/HW1/gate_level/FLP_adder_7/Between/round1/netlist.v:1402,
  delay will still be annotated.


Warning-[SDFCOM_IWSBA] INTERCONNECT will still be annotated
/MasterClass/M143010027_ALU/Hws/HW1/gate_level/FLP_adder_7/Between/round1/timing.sdf, 1757
module: XOR2D1BWP16P90LVT, "instance: testbench.test_module.sub_85.U106"
  SDF Warning: INTERCONNECT from sub_85.U106.Z to U1103.B1 has Instance at 
  /MasterClass/M143010027_ALU/Hws/HW1/gate_level/FLP_adder_7/Between/round1/netlist.v:1402,
  delay will still be annotated.


Warning-[SDFCOM_IWSBA] INTERCONNECT will still be annotated
/MasterClass/M143010027_ALU/Hws/HW1/gate_level/FLP_adder_7/Between/round1/timing.sdf, 1763
module: XOR2D1BWP16P90LVT, "instance: testbench.test_module.sub_85.U105"
  SDF Warning: INTERCONNECT from sub_85.U105.Z to U1101.B1 has Instance at 
  /MasterClass/M143010027_ALU/Hws/HW1/gate_level/FLP_adder_7/Between/round1/netlist.v:1402,
  delay will still be annotated.


Warning-[SDFCOM_IWSBA] INTERCONNECT will still be annotated
/MasterClass/M143010027_ALU/Hws/HW1/gate_level/FLP_adder_7/Between/round1/timing.sdf, 1769
module: XNR2D1BWP16P90LVT, "instance: testbench.test_module.sub_85.U102"
  SDF Warning: INTERCONNECT from sub_85.U102.ZN to U1099.B1 has Instance at 
  /MasterClass/M143010027_ALU/Hws/HW1/gate_level/FLP_adder_7/Between/round1/netlist.v:1402,
  delay will still be annotated.


Warning-[SDFCOM_IWSBA] INTERCONNECT will still be annotated
/MasterClass/M143010027_ALU/Hws/HW1/gate_level/FLP_adder_7/Between/round1/timing.sdf, 1775
module: XNR2D1BWP16P90LVT, "instance: testbench.test_module.sub_85.U101"
  SDF Warning: INTERCONNECT from sub_85.U101.ZN to U1097.B1 has Instance at 
  /MasterClass/M143010027_ALU/Hws/HW1/gate_level/FLP_adder_7/Between/round1/netlist.v:1402,
  delay will still be annotated.


Warning-[SDFCOM_IWSBA] INTERCONNECT will still be annotated
/MasterClass/M143010027_ALU/Hws/HW1/gate_level/FLP_adder_7/Between/round1/timing.sdf, 1781
module: XOR2D1BWP16P90LVT, "instance: testbench.test_module.sub_85.U97"
  SDF Warning: INTERCONNECT from sub_85.U97.Z to U1095.B1 has Instance at 
  /MasterClass/M143010027_ALU/Hws/HW1/gate_level/FLP_adder_7/Between/round1/netlist.v:1402,
  delay will still be annotated.


Warning-[SDFCOM_IWSBA] INTERCONNECT will still be annotated
/MasterClass/M143010027_ALU/Hws/HW1/gate_level/FLP_adder_7/Between/round1/timing.sdf, 1787
module: XNR2D1BWP16P90LVT, "instance: testbench.test_module.sub_85.U104"
  SDF Warning: INTERCONNECT from sub_85.U104.ZN to U1093.B1 has Instance at 
  /MasterClass/M143010027_ALU/Hws/HW1/gate_level/FLP_adder_7/Between/round1/netlist.v:1402,
  delay will still be annotated.


Warning-[SDFCOM_IWSBA] INTERCONNECT will still be annotated
/MasterClass/M143010027_ALU/Hws/HW1/gate_level/FLP_adder_7/Between/round1/timing.sdf, 1793
module: XOR2D1BWP16P90LVT, "instance: testbench.test_module.sub_85.U98"
  SDF Warning: INTERCONNECT from sub_85.U98.Z to U1091.B1 has Instance at 
  /MasterClass/M143010027_ALU/Hws/HW1/gate_level/FLP_adder_7/Between/round1/netlist.v:1402,
  delay will still be annotated.


Warning-[SDFCOM_IWSBA] INTERCONNECT will still be annotated
/MasterClass/M143010027_ALU/Hws/HW1/gate_level/FLP_adder_7/Between/round1/timing.sdf, 1799
module: XOR2D1BWP16P90LVT, "instance: testbench.test_module.sub_85.U100"
  SDF Warning: INTERCONNECT from sub_85.U100.Z to U1089.B1 has Instance at 
  /MasterClass/M143010027_ALU/Hws/HW1/gate_level/FLP_adder_7/Between/round1/netlist.v:1402,
  delay will still be annotated.


Warning-[SDFCOM_IWSBA] INTERCONNECT will still be annotated
/MasterClass/M143010027_ALU/Hws/HW1/gate_level/FLP_adder_7/Between/round1/timing.sdf, 1805
module: HA1D2BWP16P90LVT, "instance: testbench.test_module.sub_85.U13"
  SDF Warning: INTERCONNECT from sub_85.U13.S to U1087.B1 has Instance at 
  /MasterClass/M143010027_ALU/Hws/HW1/gate_level/FLP_adder_7/Between/round1/netlist.v:1402,
  delay will still be annotated.


Warning-[SDFCOM_IWSBA] INTERCONNECT will still be annotated
/MasterClass/M143010027_ALU/Hws/HW1/gate_level/FLP_adder_7/Between/round1/timing.sdf, 1811
module: HA1D2BWP16P90LVT, "instance: testbench.test_module.sub_85.U12"
  SDF Warning: INTERCONNECT from sub_85.U12.S to U1085.B1 has Instance at 
  /MasterClass/M143010027_ALU/Hws/HW1/gate_level/FLP_adder_7/Between/round1/netlist.v:1402,
  delay will still be annotated.


Warning-[SDFCOM_IWSBA] INTERCONNECT will still be annotated
/MasterClass/M143010027_ALU/Hws/HW1/gate_level/FLP_adder_7/Between/round1/timing.sdf, 1817
module: HA1D2BWP16P90LVT, "instance: testbench.test_module.sub_85.U11"
  SDF Warning: INTERCONNECT from sub_85.U11.S to U1083.B1 has Instance at 
  /MasterClass/M143010027_ALU/Hws/HW1/gate_level/FLP_adder_7/Between/round1/netlist.v:1402,
  delay will still be annotated.


Warning-[SDFCOM_IWSBA] INTERCONNECT will still be annotated
/MasterClass/M143010027_ALU/Hws/HW1/gate_level/FLP_adder_7/Between/round1/timing.sdf, 1823
module: HA1D2BWP16P90LVT, "instance: testbench.test_module.sub_85.U10"
  SDF Warning: INTERCONNECT from sub_85.U10.S to U1081.B1 has Instance at 
  /MasterClass/M143010027_ALU/Hws/HW1/gate_level/FLP_adder_7/Between/round1/netlist.v:1402,
  delay will still be annotated.


Warning-[SDFCOM_IWSBA] INTERCONNECT will still be annotated
/MasterClass/M143010027_ALU/Hws/HW1/gate_level/FLP_adder_7/Between/round1/timing.sdf, 1829
module: HA1D2BWP16P90LVT, "instance: testbench.test_module.sub_85.U9"
  SDF Warning: INTERCONNECT from sub_85.U9.S to U1079.B1 has Instance at 
  /MasterClass/M143010027_ALU/Hws/HW1/gate_level/FLP_adder_7/Between/round1/netlist.v:1402,
  delay will still be annotated.


Warning-[SDFCOM_IWSBA] INTERCONNECT will still be annotated
/MasterClass/M143010027_ALU/Hws/HW1/gate_level/FLP_adder_7/Between/round1/timing.sdf, 1835
module: HA1D2BWP16P90LVT, "instance: testbench.test_module.sub_85.U8"
  SDF Warning: INTERCONNECT from sub_85.U8.S to U1077.B1 has Instance at 
  /MasterClass/M143010027_ALU/Hws/HW1/gate_level/FLP_adder_7/Between/round1/netlist.v:1402,
  delay will still be annotated.


Warning-[SDFCOM_IWSBA] INTERCONNECT will still be annotated
/MasterClass/M143010027_ALU/Hws/HW1/gate_level/FLP_adder_7/Between/round1/timing.sdf, 1841
module: HA1D2BWP16P90LVT, "instance: testbench.test_module.sub_85.U7"
  SDF Warning: INTERCONNECT from sub_85.U7.S to U1075.B1 has Instance at 
  /MasterClass/M143010027_ALU/Hws/HW1/gate_level/FLP_adder_7/Between/round1/netlist.v:1402,
  delay will still be annotated.


Warning-[SDFCOM_IWSBA] INTERCONNECT will still be annotated
/MasterClass/M143010027_ALU/Hws/HW1/gate_level/FLP_adder_7/Between/round1/timing.sdf, 1847
module: HA1D2BWP16P90LVT, "instance: testbench.test_module.sub_85.U6"
  SDF Warning: INTERCONNECT from sub_85.U6.S to U1073.B1 has Instance at 
  /MasterClass/M143010027_ALU/Hws/HW1/gate_level/FLP_adder_7/Between/round1/netlist.v:1402,
  delay will still be annotated.


Warning-[SDFCOM_IWSBA] INTERCONNECT will still be annotated
/MasterClass/M143010027_ALU/Hws/HW1/gate_level/FLP_adder_7/Between/round1/timing.sdf, 1853
module: HA1D2BWP16P90LVT, "instance: testbench.test_module.sub_85.U5"
  SDF Warning: INTERCONNECT from sub_85.U5.S to U1071.B1 has Instance at 
  /MasterClass/M143010027_ALU/Hws/HW1/gate_level/FLP_adder_7/Between/round1/netlist.v:1402,
  delay will still be annotated.


Warning-[SDFCOM_IWSBA] INTERCONNECT will still be annotated
/MasterClass/M143010027_ALU/Hws/HW1/gate_level/FLP_adder_7/Between/round1/timing.sdf, 1859
module: HA1D2BWP16P90LVT, "instance: testbench.test_module.sub_85.U4"
  SDF Warning: INTERCONNECT from sub_85.U4.S to U1069.B1 has Instance at 
  /MasterClass/M143010027_ALU/Hws/HW1/gate_level/FLP_adder_7/Between/round1/netlist.v:1402,
  delay will still be annotated.


Warning-[SDFCOM_IWSBA] INTERCONNECT will still be annotated
/MasterClass/M143010027_ALU/Hws/HW1/gate_level/FLP_adder_7/Between/round1/timing.sdf, 1865
module: HA1D2BWP16P90LVT, "instance: testbench.test_module.sub_85.U3"
  SDF Warning: INTERCONNECT from sub_85.U3.S to U1067.B1 has Instance at 
  /MasterClass/M143010027_ALU/Hws/HW1/gate_level/FLP_adder_7/Between/round1/netlist.v:1402,
  delay will still be annotated.


Warning-[SDFCOM_IWSBA] INTERCONNECT will still be annotated
/MasterClass/M143010027_ALU/Hws/HW1/gate_level/FLP_adder_7/Between/round1/timing.sdf, 1871
module: HA1D2BWP16P90LVT, "instance: testbench.test_module.sub_85.U2"
  SDF Warning: INTERCONNECT from sub_85.U2.S to U1065.B1 has Instance at 
  /MasterClass/M143010027_ALU/Hws/HW1/gate_level/FLP_adder_7/Between/round1/netlist.v:1402,
  delay will still be annotated.


Warning-[SDFCOM_IWSBA] INTERCONNECT will still be annotated
/MasterClass/M143010027_ALU/Hws/HW1/gate_level/FLP_adder_7/Between/round1/timing.sdf, 1875
module: HA1D2BWP16P90LVT, "instance: testbench.test_module.sub_85.U2"
  SDF Warning: INTERCONNECT from sub_85.U2.CO to U1063.A1 has Instance at 
  /MasterClass/M143010027_ALU/Hws/HW1/gate_level/FLP_adder_7/Between/round1/netlist.v:1402,
  delay will still be annotated.


Warning-[SDFCOM_IWSBA] INTERCONNECT will still be annotated
/MasterClass/M143010027_ALU/Hws/HW1/gate_level/FLP_adder_7/Between/round1/timing.sdf, 1986
module: HA1D2BWP16P90LVT, "instance: testbench.test_module.sub_86.U2"
  SDF Warning: INTERCONNECT from sub_86.U2.CO to U1017.A1 has Instance at 
  /MasterClass/M143010027_ALU/Hws/HW1/gate_level/FLP_adder_7/Between/round1/netlist.v:1390,
  delay will still be annotated.


Warning-[SDFCOM_IWSBA] INTERCONNECT will still be annotated
/MasterClass/M143010027_ALU/Hws/HW1/gate_level/FLP_adder_7/Between/round1/timing.sdf, 1991
module: HA1D2BWP16P90LVT, "instance: testbench.test_module.sub_86.U2"
  SDF Warning: INTERCONNECT from sub_86.U2.S to U1016.B1 has Instance at 
  /MasterClass/M143010027_ALU/Hws/HW1/gate_level/FLP_adder_7/Between/round1/netlist.v:1390,
  delay will still be annotated.


Warning-[SDFCOM_IWSBA] INTERCONNECT will still be annotated
/MasterClass/M143010027_ALU/Hws/HW1/gate_level/FLP_adder_7/Between/round1/timing.sdf, 1997
module: HA1D2BWP16P90LVT, "instance: testbench.test_module.sub_86.U3"
  SDF Warning: INTERCONNECT from sub_86.U3.S to U1013.B1 has Instance at 
  /MasterClass/M143010027_ALU/Hws/HW1/gate_level/FLP_adder_7/Between/round1/netlist.v:1390,
  delay will still be annotated.


Warning-[SDFCOM_IWSBA] INTERCONNECT will still be annotated
/MasterClass/M143010027_ALU/Hws/HW1/gate_level/FLP_adder_7/Between/round1/timing.sdf, 2001
module: HA1D2BWP16P90LVT, "instance: testbench.test_module.sub_86.U4"
  SDF Warning: INTERCONNECT from sub_86.U4.S to U1012.B1 has Instance at 
  /MasterClass/M143010027_ALU/Hws/HW1/gate_level/FLP_adder_7/Between/round1/netlist.v:1390,
  delay will still be annotated.


Warning-[SDFCOM_IWSBA] INTERCONNECT will still be annotated
/MasterClass/M143010027_ALU/Hws/HW1/gate_level/FLP_adder_7/Between/round1/timing.sdf, 2007
module: HA1D2BWP16P90LVT, "instance: testbench.test_module.sub_86.U5"
  SDF Warning: INTERCONNECT from sub_86.U5.S to U1009.B1 has Instance at 
  /MasterClass/M143010027_ALU/Hws/HW1/gate_level/FLP_adder_7/Between/round1/netlist.v:1390,
  delay will still be annotated.


Warning-[SDFCOM_IWSBA] INTERCONNECT will still be annotated
/MasterClass/M143010027_ALU/Hws/HW1/gate_level/FLP_adder_7/Between/round1/timing.sdf, 2011
module: HA1D2BWP16P90LVT, "instance: testbench.test_module.sub_86.U6"
  SDF Warning: INTERCONNECT from sub_86.U6.S to U1008.B1 has Instance at 
  /MasterClass/M143010027_ALU/Hws/HW1/gate_level/FLP_adder_7/Between/round1/netlist.v:1390,
  delay will still be annotated.


Warning-[SDFCOM_IWSBA] INTERCONNECT will still be annotated
/MasterClass/M143010027_ALU/Hws/HW1/gate_level/FLP_adder_7/Between/round1/timing.sdf, 2017
module: HA1D2BWP16P90LVT, "instance: testbench.test_module.sub_86.U7"
  SDF Warning: INTERCONNECT from sub_86.U7.S to U1005.B1 has Instance at 
  /MasterClass/M143010027_ALU/Hws/HW1/gate_level/FLP_adder_7/Between/round1/netlist.v:1390,
  delay will still be annotated.


Warning-[SDFCOM_IWSBA] INTERCONNECT will still be annotated
/MasterClass/M143010027_ALU/Hws/HW1/gate_level/FLP_adder_7/Between/round1/timing.sdf, 2021
module: HA1D2BWP16P90LVT, "instance: testbench.test_module.sub_86.U8"
  SDF Warning: INTERCONNECT from sub_86.U8.S to U1004.B1 has Instance at 
  /MasterClass/M143010027_ALU/Hws/HW1/gate_level/FLP_adder_7/Between/round1/netlist.v:1390,
  delay will still be annotated.


Warning-[SDFCOM_IWSBA] INTERCONNECT will still be annotated
/MasterClass/M143010027_ALU/Hws/HW1/gate_level/FLP_adder_7/Between/round1/timing.sdf, 2025
module: HA1D2BWP16P90LVT, "instance: testbench.test_module.sub_86.U9"
  SDF Warning: INTERCONNECT from sub_86.U9.S to U1003.B1 has Instance at 
  /MasterClass/M143010027_ALU/Hws/HW1/gate_level/FLP_adder_7/Between/round1/netlist.v:1390,
  delay will still be annotated.


Warning-[SDFCOM_IWSBA] INTERCONNECT will still be annotated
/MasterClass/M143010027_ALU/Hws/HW1/gate_level/FLP_adder_7/Between/round1/timing.sdf, 2029
module: HA1D2BWP16P90LVT, "instance: testbench.test_module.sub_86.U10"
  SDF Warning: INTERCONNECT from sub_86.U10.S to U1002.B1 has Instance at 
  /MasterClass/M143010027_ALU/Hws/HW1/gate_level/FLP_adder_7/Between/round1/netlist.v:1390,
  delay will still be annotated.


Warning-[SDFCOM_IWSBA] INTERCONNECT will still be annotated
/MasterClass/M143010027_ALU/Hws/HW1/gate_level/FLP_adder_7/Between/round1/timing.sdf, 2033
module: HA1D2BWP16P90LVT, "instance: testbench.test_module.sub_86.U11"
  SDF Warning: INTERCONNECT from sub_86.U11.S to U1001.B1 has Instance at 
  /MasterClass/M143010027_ALU/Hws/HW1/gate_level/FLP_adder_7/Between/round1/netlist.v:1390,
  delay will still be annotated.


Warning-[SDFCOM_IWSBA] INTERCONNECT will still be annotated
/MasterClass/M143010027_ALU/Hws/HW1/gate_level/FLP_adder_7/Between/round1/timing.sdf, 2037
module: HA1D2BWP16P90LVT, "instance: testbench.test_module.sub_86.U12"
  SDF Warning: INTERCONNECT from sub_86.U12.S to U1000.B1 has Instance at 
  /MasterClass/M143010027_ALU/Hws/HW1/gate_level/FLP_adder_7/Between/round1/netlist.v:1390,
  delay will still be annotated.


Warning-[SDFCOM_IWSBA] INTERCONNECT will still be annotated
/MasterClass/M143010027_ALU/Hws/HW1/gate_level/FLP_adder_7/Between/round1/timing.sdf, 2041
module: HA1D2BWP16P90LVT, "instance: testbench.test_module.sub_86.U13"
  SDF Warning: INTERCONNECT from sub_86.U13.S to U999.B1 has Instance at 
  /MasterClass/M143010027_ALU/Hws/HW1/gate_level/FLP_adder_7/Between/round1/netlist.v:1390,
  delay will still be annotated.


Warning-[SDFCOM_IWSBA] INTERCONNECT will still be annotated
/MasterClass/M143010027_ALU/Hws/HW1/gate_level/FLP_adder_7/Between/round1/timing.sdf, 2045
module: XOR2D1BWP16P90LVT, "instance: testbench.test_module.sub_86.U100"
  SDF Warning: INTERCONNECT from sub_86.U100.Z to U998.B1 has Instance at 
  /MasterClass/M143010027_ALU/Hws/HW1/gate_level/FLP_adder_7/Between/round1/netlist.v:1390,
  delay will still be annotated.


Warning-[SDFCOM_IWSBA] INTERCONNECT will still be annotated
/MasterClass/M143010027_ALU/Hws/HW1/gate_level/FLP_adder_7/Between/round1/timing.sdf, 2049
module: XOR2D1BWP16P90LVT, "instance: testbench.test_module.sub_86.U98"
  SDF Warning: INTERCONNECT from sub_86.U98.Z to U997.B1 has Instance at 
  /MasterClass/M143010027_ALU/Hws/HW1/gate_level/FLP_adder_7/Between/round1/netlist.v:1390,
  delay will still be annotated.


Warning-[SDFCOM_IWSBA] INTERCONNECT will still be annotated
/MasterClass/M143010027_ALU/Hws/HW1/gate_level/FLP_adder_7/Between/round1/timing.sdf, 2053
module: XNR2D1BWP16P90LVT, "instance: testbench.test_module.sub_86.U104"
  SDF Warning: INTERCONNECT from sub_86.U104.ZN to U996.B1 has Instance at 
  /MasterClass/M143010027_ALU/Hws/HW1/gate_level/FLP_adder_7/Between/round1/netlist.v:1390,
  delay will still be annotated.


Warning-[SDFCOM_IWSBA] INTERCONNECT will still be annotated
/MasterClass/M143010027_ALU/Hws/HW1/gate_level/FLP_adder_7/Between/round1/timing.sdf, 2057
module: XOR2D1BWP16P90LVT, "instance: testbench.test_module.sub_86.U97"
  SDF Warning: INTERCONNECT from sub_86.U97.Z to U995.B1 has Instance at 
  /MasterClass/M143010027_ALU/Hws/HW1/gate_level/FLP_adder_7/Between/round1/netlist.v:1390,
  delay will still be annotated.


Warning-[SDFCOM_IWSBA] INTERCONNECT will still be annotated
/MasterClass/M143010027_ALU/Hws/HW1/gate_level/FLP_adder_7/Between/round1/timing.sdf, 2061
module: XNR2D1BWP16P90LVT, "instance: testbench.test_module.sub_86.U101"
  SDF Warning: INTERCONNECT from sub_86.U101.ZN to U994.B1 has Instance at 
  /MasterClass/M143010027_ALU/Hws/HW1/gate_level/FLP_adder_7/Between/round1/netlist.v:1390,
  delay will still be annotated.


Warning-[SDFCOM_IWSBA] INTERCONNECT will still be annotated
/MasterClass/M143010027_ALU/Hws/HW1/gate_level/FLP_adder_7/Between/round1/timing.sdf, 2065
module: XNR2D1BWP16P90LVT, "instance: testbench.test_module.sub_86.U102"
  SDF Warning: INTERCONNECT from sub_86.U102.ZN to U993.B1 has Instance at 
  /MasterClass/M143010027_ALU/Hws/HW1/gate_level/FLP_adder_7/Between/round1/netlist.v:1390,
  delay will still be annotated.


Warning-[SDFCOM_IWSBA] INTERCONNECT will still be annotated
/MasterClass/M143010027_ALU/Hws/HW1/gate_level/FLP_adder_7/Between/round1/timing.sdf, 2069
module: XOR2D1BWP16P90LVT, "instance: testbench.test_module.sub_86.U105"
  SDF Warning: INTERCONNECT from sub_86.U105.Z to U992.B1 has Instance at 
  /MasterClass/M143010027_ALU/Hws/HW1/gate_level/FLP_adder_7/Between/round1/netlist.v:1390,
  delay will still be annotated.


Warning-[SDFCOM_IWSBA] INTERCONNECT will still be annotated
/MasterClass/M143010027_ALU/Hws/HW1/gate_level/FLP_adder_7/Between/round1/timing.sdf, 2073
module: XOR2D1BWP16P90LVT, "instance: testbench.test_module.sub_86.U106"
  SDF Warning: INTERCONNECT from sub_86.U106.Z to U991.B1 has Instance at 
  /MasterClass/M143010027_ALU/Hws/HW1/gate_level/FLP_adder_7/Between/round1/netlist.v:1390,
  delay will still be annotated.


Warning-[SDFCOM_IWSBA] INTERCONNECT will still be annotated
/MasterClass/M143010027_ALU/Hws/HW1/gate_level/FLP_adder_7/Between/round1/timing.sdf, 2077
module: XNR2D1BWP16P90LVT, "instance: testbench.test_module.sub_86.U107"
  SDF Warning: INTERCONNECT from sub_86.U107.ZN to U990.B1 has Instance at 
  /MasterClass/M143010027_ALU/Hws/HW1/gate_level/FLP_adder_7/Between/round1/netlist.v:1390,
  delay will still be annotated.


Warning-[SDFCOM_IWSBA] INTERCONNECT will still be annotated
/MasterClass/M143010027_ALU/Hws/HW1/gate_level/FLP_adder_7/Between/round1/timing.sdf, 2085
module: HA1D2BWP16P90LVT, "instance: testbench.test_module.sub_86.U50"
  SDF Warning: INTERCONNECT from sub_86.U50.S to U988.B1 has Instance at 
  /MasterClass/M143010027_ALU/Hws/HW1/gate_level/FLP_adder_7/Between/round1/netlist.v:1390,
  delay will still be annotated.


Warning-[SDFCOM_IWSBA] INTERCONNECT will still be annotated
/MasterClass/M143010027_ALU/Hws/HW1/gate_level/FLP_adder_7/Between/round1/timing.sdf, 2089
module: CKND1BWP16P90LVT, "instance: testbench.test_module.U765"
  SDF Warning: INTERCONNECT from U765.ZN to U987.B1 has Instance at 
  /MasterClass/M143010027_ALU/Hws/HW1/gate_level/FLP_adder_7/Between/round1/netlist.v:1390,
  delay will still be annotated.


Warning-[SDFCOM_IWSBA] INTERCONNECT will still be annotated
/MasterClass/M143010027_ALU/Hws/HW1/gate_level/FLP_adder_7/Between/round1/timing.sdf, 2352
module: XOR2D1BWP16P90LVT, "instance: testbench.test_module.add_127.U41"
  SDF Warning: INTERCONNECT from add_127.U41.Z to U855.I1 has Instance at 
  /MasterClass/M143010027_ALU/Hws/HW1/gate_level/FLP_adder_7/Between/round1/netlist.v:1373,
  delay will still be annotated.


Warning-[SDFCOM_SWC] Simple Wire Connection
/MasterClass/M143010027_ALU/Hws/HW1/gate_level/FLP_adder_7/Between/round1/timing.sdf, 2982
module: DFQD2BWP16P90LVT, "instance: testbench.test_module.s4_ea_reg_6_"
  SDF Warning: The path from s4_ea_reg_6_.Q to sub_123.U98.A2 doesn't have a 
  simple wire connection, delay will still be annotated.


Warning-[SDFCOM_SWC] Simple Wire Connection
/MasterClass/M143010027_ALU/Hws/HW1/gate_level/FLP_adder_7/Between/round1/timing.sdf, 2983
module: DFQD2BWP16P90LVT, "instance: testbench.test_module.s4_ea_reg_7_"
  SDF Warning: The path from s4_ea_reg_7_.Q to sub_123.U97.I doesn't have a 
  simple wire connection, delay will still be annotated.


Warning-[SDFCOM_SWC] Simple Wire Connection
/MasterClass/M143010027_ALU/Hws/HW1/gate_level/FLP_adder_7/Between/round1/timing.sdf, 2984
module: DFQD2BWP16P90LVT, "instance: testbench.test_module.s4_ea_reg_6_"
  SDF Warning: The path from s4_ea_reg_6_.Q to sub_123.U96.I doesn't have a 
  simple wire connection, delay will still be annotated.


Warning-[SDFCOM_SWC] Simple Wire Connection
/MasterClass/M143010027_ALU/Hws/HW1/gate_level/FLP_adder_7/Between/round1/timing.sdf, 2986
module: DFQD2BWP16P90LVT, "instance: testbench.test_module.s4_ea_reg_5_"
  SDF Warning: The path from s4_ea_reg_5_.Q to sub_123.U95.A2 doesn't have a 
  simple wire connection, delay will still be annotated.


Warning-[SDFCOM_SWC] Simple Wire Connection
/MasterClass/M143010027_ALU/Hws/HW1/gate_level/FLP_adder_7/Between/round1/timing.sdf, 2987
module: DFQD2BWP16P90LVT, "instance: testbench.test_module.s4_ea_reg_5_"
  SDF Warning: The path from s4_ea_reg_5_.Q to sub_123.U94.I doesn't have a 
  simple wire connection, delay will still be annotated.


Warning-[SDFCOM_SWC] Simple Wire Connection
/MasterClass/M143010027_ALU/Hws/HW1/gate_level/FLP_adder_7/Between/round1/timing.sdf, 2989
module: DFQD2BWP16P90LVT, "instance: testbench.test_module.s4_ea_reg_0_"
  SDF Warning: The path from s4_ea_reg_0_.Q to sub_123.U93.A2 doesn't have a 
  simple wire connection, delay will still be annotated.


Warning-[SDFCOM_SWC] Simple Wire Connection
/MasterClass/M143010027_ALU/Hws/HW1/gate_level/FLP_adder_7/Between/round1/timing.sdf, 2991
module: DFQD2BWP16P90LVT, "instance: testbench.test_module.s4_ea_reg_2_"
  SDF Warning: The path from s4_ea_reg_2_.Q to sub_123.U92.A2 doesn't have a 
  simple wire connection, delay will still be annotated.


Warning-[SDFCOM_SWC] Simple Wire Connection
/MasterClass/M143010027_ALU/Hws/HW1/gate_level/FLP_adder_7/Between/round1/timing.sdf, 2992
module: NR2D1BWP16P90LVT, "instance: testbench.test_module.U1301"
  SDF Warning: The path from U1301.ZN to sub_123.U91.I doesn't have a simple 
  wire connection, delay will still be annotated.


Warning-[SDFCOM_SWC] Simple Wire Connection
/MasterClass/M143010027_ALU/Hws/HW1/gate_level/FLP_adder_7/Between/round1/timing.sdf, 2994
module: DFQD2BWP16P90LVT, "instance: testbench.test_module.s4_ea_reg_3_"
  SDF Warning: The path from s4_ea_reg_3_.Q to sub_123.U90.A2 doesn't have a 
  simple wire connection, delay will still be annotated.


Warning-[SDFCOM_SWC] Simple Wire Connection
/MasterClass/M143010027_ALU/Hws/HW1/gate_level/FLP_adder_7/Between/round1/timing.sdf, 2996
module: DFQD2BWP16P90LVT, "instance: testbench.test_module.s4_ea_reg_4_"
  SDF Warning: The path from s4_ea_reg_4_.Q to sub_123.U89.A2 doesn't have a 
  simple wire connection, delay will still be annotated.


Warning-[SDFCOM_SWC] Simple Wire Connection
/MasterClass/M143010027_ALU/Hws/HW1/gate_level/FLP_adder_7/Between/round1/timing.sdf, 3017
module: ND4D1BWP16P90LVT, "instance: testbench.test_module.U1307"
  SDF Warning: The path from U1307.ZN to sub_123.U76.I doesn't have a simple 
  wire connection, delay will still be annotated.


Warning-[SDFCOM_SWC] Simple Wire Connection
/MasterClass/M143010027_ALU/Hws/HW1/gate_level/FLP_adder_7/Between/round1/timing.sdf, 3018
module: INVD1BWP16P90, "instance: testbench.test_module.U702"
  SDF Warning: The path from U702.ZN to sub_123.U75.A1 doesn't have a simple 
  wire connection, delay will still be annotated.


Warning-[SDFCOM_SWC] Simple Wire Connection
/MasterClass/M143010027_ALU/Hws/HW1/gate_level/FLP_adder_7/Between/round1/timing.sdf, 3024
module: OAI21D1BWP16P90, "instance: testbench.test_module.U684"
  SDF Warning: The path from U684.ZN to sub_123.U72.I doesn't have a simple 
  wire connection, delay will still be annotated.


Warning-[SDFCOM_SWC] Simple Wire Connection
/MasterClass/M143010027_ALU/Hws/HW1/gate_level/FLP_adder_7/Between/round1/timing.sdf, 3027
module: NR2D1BWP16P90LVT, "instance: testbench.test_module.U1300"
  SDF Warning: The path from U1300.ZN to sub_123.U70.I doesn't have a simple 
  wire connection, delay will still be annotated.


Warning-[SDFCOM_SWC] Simple Wire Connection
/MasterClass/M143010027_ALU/Hws/HW1/gate_level/FLP_adder_7/Between/round1/timing.sdf, 3028
module: NR2D1BWP16P90LVT, "instance: testbench.test_module.U1299"
  SDF Warning: The path from U1299.ZN to sub_123.U69.I doesn't have a simple 
  wire connection, delay will still be annotated.


Warning-[SDFCOM_SWC] Simple Wire Connection
/MasterClass/M143010027_ALU/Hws/HW1/gate_level/FLP_adder_7/Between/round1/timing.sdf, 3042
module: DFQD2BWP16P90LVT, "instance: testbench.test_module.s4_ea_reg_0_"
  SDF Warning: The path from s4_ea_reg_0_.Q to sub_123.U63.A2 doesn't have a 
  simple wire connection, delay will still be annotated.


Warning-[SDFCOM_SWC] Simple Wire Connection
/MasterClass/M143010027_ALU/Hws/HW1/gate_level/FLP_adder_7/Between/round1/timing.sdf, 3043
module: DFQD2BWP16P90LVT, "instance: testbench.test_module.s4_ea_reg_1_"
  SDF Warning: The path from s4_ea_reg_1_.Q to sub_123.U48.A doesn't have a 
  simple wire connection, delay will still be annotated.


Warning-[SDFCOM_SWC] Simple Wire Connection
/MasterClass/M143010027_ALU/Hws/HW1/gate_level/FLP_adder_7/Between/round1/timing.sdf, 3047
module: DFQD2BWP16P90LVT, "instance: testbench.test_module.s4_ea_reg_2_"
  SDF Warning: The path from s4_ea_reg_2_.Q to sub_123.U47.A2 doesn't have a 
  simple wire connection, delay will still be annotated.


Warning-[SDFCOM_SWC] Simple Wire Connection
/MasterClass/M143010027_ALU/Hws/HW1/gate_level/FLP_adder_7/Between/round1/timing.sdf, 3054
module: DFQD2BWP16P90LVT, "instance: testbench.test_module.s4_ea_reg_3_"
  SDF Warning: The path from s4_ea_reg_3_.Q to sub_123.U39.A2 doesn't have a 
  simple wire connection, delay will still be annotated.


Warning-[SDFCOM_SWC] Simple Wire Connection
/MasterClass/M143010027_ALU/Hws/HW1/gate_level/FLP_adder_7/Between/round1/timing.sdf, 3058
module: DFQD2BWP16P90LVT, "instance: testbench.test_module.s4_ea_reg_4_"
  SDF Warning: The path from s4_ea_reg_4_.Q to sub_123.U33.A2 doesn't have a 
  simple wire connection, delay will still be annotated.


Warning-[SDFCOM_SWC] Simple Wire Connection
/MasterClass/M143010027_ALU/Hws/HW1/gate_level/FLP_adder_7/Between/round1/timing.sdf, 3061
module: INVD1BWP16P90, "instance: testbench.test_module.U702"
  SDF Warning: The path from U702.ZN to sub_123.U25.A1 doesn't have a simple 
  wire connection, delay will still be annotated.


Warning-[SDFCOM_SWC] Simple Wire Connection
/MasterClass/M143010027_ALU/Hws/HW1/gate_level/FLP_adder_7/Between/round1/timing.sdf, 3069
module: DFQD2BWP16P90LVT, "instance: testbench.test_module.s4_ea_reg_5_"
  SDF Warning: The path from s4_ea_reg_5_.Q to sub_123.U15.A2 doesn't have a 
  simple wire connection, delay will still be annotated.


Warning-[SDFCOM_SWC] Simple Wire Connection
/MasterClass/M143010027_ALU/Hws/HW1/gate_level/FLP_adder_7/Between/round1/timing.sdf, 3075
module: DFQD2BWP16P90LVT, "instance: testbench.test_module.s4_ea_reg_6_"
  SDF Warning: The path from s4_ea_reg_6_.Q to sub_123.U5.A2 doesn't have a 
  simple wire connection, delay will still be annotated.


Warning-[SDFCOM_SWC] Simple Wire Connection
/MasterClass/M143010027_ALU/Hws/HW1/gate_level/FLP_adder_7/Between/round1/timing.sdf, 3079
module: CKND1BWP16P90LVT, "instance: testbench.test_module.U782"
  SDF Warning: The path from U782.ZN to sub_85.U107.A2 doesn't have a simple 
  wire connection, delay will still be annotated.


Warning-[SDFCOM_SWC] Simple Wire Connection
/MasterClass/M143010027_ALU/Hws/HW1/gate_level/FLP_adder_7/Between/round1/timing.sdf, 3081
module: CKND1BWP16P90LVT, "instance: testbench.test_module.U786"
  SDF Warning: The path from U786.ZN to sub_85.U106.A2 doesn't have a simple 
  wire connection, delay will still be annotated.


Warning-[SDFCOM_SWC] Simple Wire Connection
/MasterClass/M143010027_ALU/Hws/HW1/gate_level/FLP_adder_7/Between/round1/timing.sdf, 3083
module: CKND1BWP16P90LVT, "instance: testbench.test_module.U784"
  SDF Warning: The path from U784.ZN to sub_85.U105.A2 doesn't have a simple 
  wire connection, delay will still be annotated.


Warning-[SDFCOM_SWC] Simple Wire Connection
/MasterClass/M143010027_ALU/Hws/HW1/gate_level/FLP_adder_7/Between/round1/timing.sdf, 3085
module: CKND1BWP16P90LVT, "instance: testbench.test_module.U794"
  SDF Warning: The path from U794.ZN to sub_85.U104.A2 doesn't have a simple 
  wire connection, delay will still be annotated.


Warning-[SDFCOM_SWC] Simple Wire Connection
/MasterClass/M143010027_ALU/Hws/HW1/gate_level/FLP_adder_7/Between/round1/timing.sdf, 3087
module: CKND1BWP16P90LVT, "instance: testbench.test_module.U784"
  SDF Warning: The path from U784.ZN to sub_85.U103.A2 doesn't have a simple 
  wire connection, delay will still be annotated.


Warning-[SDFCOM_SWC] Simple Wire Connection
/MasterClass/M143010027_ALU/Hws/HW1/gate_level/FLP_adder_7/Between/round1/timing.sdf, 3089
module: CKND1BWP16P90LVT, "instance: testbench.test_module.U788"
  SDF Warning: The path from U788.ZN to sub_85.U102.A2 doesn't have a simple 
  wire connection, delay will still be annotated.


Warning-[SDFCOM_SWC] Simple Wire Connection
/MasterClass/M143010027_ALU/Hws/HW1/gate_level/FLP_adder_7/Between/round1/timing.sdf, 3091
module: CKND1BWP16P90LVT, "instance: testbench.test_module.U790"
  SDF Warning: The path from U790.ZN to sub_85.U101.A2 doesn't have a simple 
  wire connection, delay will still be annotated.


Warning-[SDFCOM_SWC] Simple Wire Connection
/MasterClass/M143010027_ALU/Hws/HW1/gate_level/FLP_adder_7/Between/round1/timing.sdf, 3093
module: CKND1BWP16P90LVT, "instance: testbench.test_module.U798"
  SDF Warning: The path from U798.ZN to sub_85.U100.A2 doesn't have a simple 
  wire connection, delay will still be annotated.


Warning-[SDFCOM_SWC] Simple Wire Connection
/MasterClass/M143010027_ALU/Hws/HW1/gate_level/FLP_adder_7/Between/round1/timing.sdf, 3094
module: CKND1BWP16P90LVT, "instance: testbench.test_module.U794"
  SDF Warning: The path from U794.ZN to sub_85.U99.I doesn't have a simple 
  wire connection, delay will still be annotated.


Warning-[SDFCOM_SWC] Simple Wire Connection
/MasterClass/M143010027_ALU/Hws/HW1/gate_level/FLP_adder_7/Between/round1/timing.sdf, 3096
module: CKND1BWP16P90LVT, "instance: testbench.test_module.U796"
  SDF Warning: The path from U796.ZN to sub_85.U98.A2 doesn't have a simple 
  wire connection, delay will still be annotated.


Warning-[SDFCOM_SWC] Simple Wire Connection
/MasterClass/M143010027_ALU/Hws/HW1/gate_level/FLP_adder_7/Between/round1/timing.sdf, 3098
module: CKND1BWP16P90LVT, "instance: testbench.test_module.U792"
  SDF Warning: The path from U792.ZN to sub_85.U97.A2 doesn't have a simple 
  wire connection, delay will still be annotated.


Warning-[SDFCOM_SWC] Simple Wire Connection
/MasterClass/M143010027_ALU/Hws/HW1/gate_level/FLP_adder_7/Between/round1/timing.sdf, 3099
module: CKND1BWP16P90LVT, "instance: testbench.test_module.U779"
  SDF Warning: The path from U779.ZN to sub_85.U96.I doesn't have a simple 
  wire connection, delay will still be annotated.


Warning-[SDFCOM_SWC] Simple Wire Connection
/MasterClass/M143010027_ALU/Hws/HW1/gate_level/FLP_adder_7/Between/round1/timing.sdf, 3100
module: CKND1BWP16P90LVT, "instance: testbench.test_module.U780"
  SDF Warning: The path from U780.ZN to sub_85.U95.I doesn't have a simple 
  wire connection, delay will still be annotated.


Warning-[SDFCOM_SWC] Simple Wire Connection
/MasterClass/M143010027_ALU/Hws/HW1/gate_level/FLP_adder_7/Between/round1/timing.sdf, 3101
module: CKND1BWP16P90LVT, "instance: testbench.test_module.U778"
  SDF Warning: The path from U778.ZN to sub_85.U94.I doesn't have a simple 
  wire connection, delay will still be annotated.


Warning-[SDFCOM_SWC] Simple Wire Connection
/MasterClass/M143010027_ALU/Hws/HW1/gate_level/FLP_adder_7/Between/round1/timing.sdf, 3102
module: CKND1BWP16P90LVT, "instance: testbench.test_module.U777"
  SDF Warning: The path from U777.ZN to sub_85.U93.I doesn't have a simple 
  wire connection, delay will still be annotated.


Warning-[SDFCOM_SWC] Simple Wire Connection
/MasterClass/M143010027_ALU/Hws/HW1/gate_level/FLP_adder_7/Between/round1/timing.sdf, 3103
module: CKND1BWP16P90LVT, "instance: testbench.test_module.U776"
  SDF Warning: The path from U776.ZN to sub_85.U92.I doesn't have a simple 
  wire connection, delay will still be annotated.


Warning-[SDFCOM_SWC] Simple Wire Connection
/MasterClass/M143010027_ALU/Hws/HW1/gate_level/FLP_adder_7/Between/round1/timing.sdf, 3104
module: CKND1BWP16P90LVT, "instance: testbench.test_module.U775"
  SDF Warning: The path from U775.ZN to sub_85.U91.I doesn't have a simple 
  wire connection, delay will still be annotated.


Warning-[SDFCOM_SWC] Simple Wire Connection
/MasterClass/M143010027_ALU/Hws/HW1/gate_level/FLP_adder_7/Between/round1/timing.sdf, 3105
module: CKND1BWP16P90LVT, "instance: testbench.test_module.U774"
  SDF Warning: The path from U774.ZN to sub_85.U90.I doesn't have a simple 
  wire connection, delay will still be annotated.


Warning-[SDFCOM_SWC] Simple Wire Connection
/MasterClass/M143010027_ALU/Hws/HW1/gate_level/FLP_adder_7/Between/round1/timing.sdf, 3106
module: CKND1BWP16P90LVT, "instance: testbench.test_module.U773"
  SDF Warning: The path from U773.ZN to sub_85.U89.I doesn't have a simple 
  wire connection, delay will still be annotated.


Warning-[SDFCOM_SWC] Simple Wire Connection
/MasterClass/M143010027_ALU/Hws/HW1/gate_level/FLP_adder_7/Between/round1/timing.sdf, 3107
module: CKND1BWP16P90LVT, "instance: testbench.test_module.U772"
  SDF Warning: The path from U772.ZN to sub_85.U88.I doesn't have a simple 
  wire connection, delay will still be annotated.


Warning-[SDFCOM_SWC] Simple Wire Connection
/MasterClass/M143010027_ALU/Hws/HW1/gate_level/FLP_adder_7/Between/round1/timing.sdf, 3108
module: CKND1BWP16P90LVT, "instance: testbench.test_module.U771"
  SDF Warning: The path from U771.ZN to sub_85.U87.I doesn't have a simple 
  wire connection, delay will still be annotated.


Warning-[SDFCOM_SWC] Simple Wire Connection
/MasterClass/M143010027_ALU/Hws/HW1/gate_level/FLP_adder_7/Between/round1/timing.sdf, 3109
module: CKND1BWP16P90LVT, "instance: testbench.test_module.U770"
  SDF Warning: The path from U770.ZN to sub_85.U86.I doesn't have a simple 
  wire connection, delay will still be annotated.


Warning-[SDFCOM_SWC] Simple Wire Connection
/MasterClass/M143010027_ALU/Hws/HW1/gate_level/FLP_adder_7/Between/round1/timing.sdf, 3110
module: CKND1BWP16P90LVT, "instance: testbench.test_module.U769"
  SDF Warning: The path from U769.ZN to sub_85.U85.I doesn't have a simple 
  wire connection, delay will still be annotated.


Warning-[SDFCOM_SWC] Simple Wire Connection
/MasterClass/M143010027_ALU/Hws/HW1/gate_level/FLP_adder_7/Between/round1/timing.sdf, 3111
module: CKND1BWP16P90LVT, "instance: testbench.test_module.U768"
  SDF Warning: The path from U768.ZN to sub_85.U84.I doesn't have a simple 
  wire connection, delay will still be annotated.


Warning-[SDFCOM_SWC] Simple Wire Connection
/MasterClass/M143010027_ALU/Hws/HW1/gate_level/FLP_adder_7/Between/round1/timing.sdf, 3114
module: CKND1BWP16P90LVT, "instance: testbench.test_module.U767"
  SDF Warning: The path from U767.ZN to sub_85.U82.I doesn't have a simple 
  wire connection, delay will still be annotated.


Warning-[SDFCOM_SWC] Simple Wire Connection
/MasterClass/M143010027_ALU/Hws/HW1/gate_level/FLP_adder_7/Between/round1/timing.sdf, 3115
module: CKND1BWP16P90LVT, "instance: testbench.test_module.U794"
  SDF Warning: The path from U794.ZN to sub_85.U81.A1 doesn't have a simple 
  wire connection, delay will still be annotated.


Warning-[SDFCOM_SWC] Simple Wire Connection
/MasterClass/M143010027_ALU/Hws/HW1/gate_level/FLP_adder_7/Between/round1/timing.sdf, 3116
module: CKND1BWP16P90LVT, "instance: testbench.test_module.U796"
  SDF Warning: The path from U796.ZN to sub_85.U81.A2 doesn't have a simple 
  wire connection, delay will still be annotated.


Warning-[SDFCOM_SWC] Simple Wire Connection
/MasterClass/M143010027_ALU/Hws/HW1/gate_level/FLP_adder_7/Between/round1/timing.sdf, 3117
module: CKND1BWP16P90LVT, "instance: testbench.test_module.U798"
  SDF Warning: The path from U798.ZN to sub_85.U80.I doesn't have a simple 
  wire connection, delay will still be annotated.


Warning-[SDFCOM_SWC] Simple Wire Connection
/MasterClass/M143010027_ALU/Hws/HW1/gate_level/FLP_adder_7/Between/round1/timing.sdf, 3118
module: CKND1BWP16P90LVT, "instance: testbench.test_module.U790"
  SDF Warning: The path from U790.ZN to sub_85.U79.I doesn't have a simple 
  wire connection, delay will still be annotated.


Warning-[SDFCOM_SWC] Simple Wire Connection
/MasterClass/M143010027_ALU/Hws/HW1/gate_level/FLP_adder_7/Between/round1/timing.sdf, 3119
module: CKND1BWP16P90LVT, "instance: testbench.test_module.U784"
  SDF Warning: The path from U784.ZN to sub_85.U78.A1 doesn't have a simple 
  wire connection, delay will still be annotated.


Warning-[SDFCOM_SWC] Simple Wire Connection
/MasterClass/M143010027_ALU/Hws/HW1/gate_level/FLP_adder_7/Between/round1/timing.sdf, 3121
module: CKND1BWP16P90LVT, "instance: testbench.test_module.U782"
  SDF Warning: The path from U782.ZN to sub_85.U77.I doesn't have a simple 
  wire connection, delay will still be annotated.


Warning-[SDFCOM_SWC] Simple Wire Connection
/MasterClass/M143010027_ALU/Hws/HW1/gate_level/FLP_adder_7/Between/round1/timing.sdf, 3124
module: CKND1BWP16P90LVT, "instance: testbench.test_module.U792"
  SDF Warning: The path from U792.ZN to sub_85.U75.I doesn't have a simple 
  wire connection, delay will still be annotated.


Warning-[SDFCOM_SWC] Simple Wire Connection
/MasterClass/M143010027_ALU/Hws/HW1/gate_level/FLP_adder_7/Between/round1/timing.sdf, 3131
module: CKND1BWP16P90LVT, "instance: testbench.test_module.U786"
  SDF Warning: The path from U786.ZN to sub_85.U70.I doesn't have a simple 
  wire connection, delay will still be annotated.


Warning-[SDFCOM_SWC] Simple Wire Connection
/MasterClass/M143010027_ALU/Hws/HW1/gate_level/FLP_adder_7/Between/round1/timing.sdf, 3132
module: CKND1BWP16P90LVT, "instance: testbench.test_module.U788"
  SDF Warning: The path from U788.ZN to sub_85.U69.I doesn't have a simple 
  wire connection, delay will still be annotated.


Warning-[SDFCOM_SWC] Simple Wire Connection
/MasterClass/M143010027_ALU/Hws/HW1/gate_level/FLP_adder_7/Between/round1/timing.sdf, 3176
module: CKND1BWP16P90LVT, "instance: testbench.test_module.U781"
  SDF Warning: The path from U781.ZN to sub_86.U107.A2 doesn't have a simple 
  wire connection, delay will still be annotated.


Warning-[SDFCOM_SWC] Simple Wire Connection
/MasterClass/M143010027_ALU/Hws/HW1/gate_level/FLP_adder_7/Between/round1/timing.sdf, 3178
module: CKND1BWP16P90LVT, "instance: testbench.test_module.U785"
  SDF Warning: The path from U785.ZN to sub_86.U106.A2 doesn't have a simple 
  wire connection, delay will still be annotated.


Warning-[SDFCOM_SWC] Simple Wire Connection
/MasterClass/M143010027_ALU/Hws/HW1/gate_level/FLP_adder_7/Between/round1/timing.sdf, 3180
module: CKND1BWP16P90LVT, "instance: testbench.test_module.U783"
  SDF Warning: The path from U783.ZN to sub_86.U105.A2 doesn't have a simple 
  wire connection, delay will still be annotated.


Warning-[SDFCOM_SWC] Simple Wire Connection
/MasterClass/M143010027_ALU/Hws/HW1/gate_level/FLP_adder_7/Between/round1/timing.sdf, 3182
module: CKND1BWP16P90LVT, "instance: testbench.test_module.U793"
  SDF Warning: The path from U793.ZN to sub_86.U104.A2 doesn't have a simple 
  wire connection, delay will still be annotated.


Warning-[SDFCOM_SWC] Simple Wire Connection
/MasterClass/M143010027_ALU/Hws/HW1/gate_level/FLP_adder_7/Between/round1/timing.sdf, 3184
module: CKND1BWP16P90LVT, "instance: testbench.test_module.U783"
  SDF Warning: The path from U783.ZN to sub_86.U103.A2 doesn't have a simple 
  wire connection, delay will still be annotated.


Warning-[SDFCOM_SWC] Simple Wire Connection
/MasterClass/M143010027_ALU/Hws/HW1/gate_level/FLP_adder_7/Between/round1/timing.sdf, 3186
module: CKND1BWP16P90LVT, "instance: testbench.test_module.U787"
  SDF Warning: The path from U787.ZN to sub_86.U102.A2 doesn't have a simple 
  wire connection, delay will still be annotated.


Warning-[SDFCOM_SWC] Simple Wire Connection
/MasterClass/M143010027_ALU/Hws/HW1/gate_level/FLP_adder_7/Between/round1/timing.sdf, 3188
module: CKND1BWP16P90LVT, "instance: testbench.test_module.U789"
  SDF Warning: The path from U789.ZN to sub_86.U101.A2 doesn't have a simple 
  wire connection, delay will still be annotated.


Warning-[SDFCOM_SWC] Simple Wire Connection
/MasterClass/M143010027_ALU/Hws/HW1/gate_level/FLP_adder_7/Between/round1/timing.sdf, 3190
module: CKND1BWP16P90LVT, "instance: testbench.test_module.U797"
  SDF Warning: The path from U797.ZN to sub_86.U100.A2 doesn't have a simple 
  wire connection, delay will still be annotated.


Warning-[SDFCOM_SWC] Simple Wire Connection
/MasterClass/M143010027_ALU/Hws/HW1/gate_level/FLP_adder_7/Between/round1/timing.sdf, 3191
module: CKND1BWP16P90LVT, "instance: testbench.test_module.U793"
  SDF Warning: The path from U793.ZN to sub_86.U99.I doesn't have a simple 
  wire connection, delay will still be annotated.


Warning-[SDFCOM_SWC] Simple Wire Connection
/MasterClass/M143010027_ALU/Hws/HW1/gate_level/FLP_adder_7/Between/round1/timing.sdf, 3193
module: CKND1BWP16P90LVT, "instance: testbench.test_module.U795"
  SDF Warning: The path from U795.ZN to sub_86.U98.A2 doesn't have a simple 
  wire connection, delay will still be annotated.


Warning-[SDFCOM_SWC] Simple Wire Connection
/MasterClass/M143010027_ALU/Hws/HW1/gate_level/FLP_adder_7/Between/round1/timing.sdf, 3195
module: CKND1BWP16P90LVT, "instance: testbench.test_module.U791"
  SDF Warning: The path from U791.ZN to sub_86.U97.A2 doesn't have a simple 
  wire connection, delay will still be annotated.


Warning-[SDFCOM_SWC] Simple Wire Connection
/MasterClass/M143010027_ALU/Hws/HW1/gate_level/FLP_adder_7/Between/round1/timing.sdf, 3196
module: CKND1BWP16P90LVT, "instance: testbench.test_module.U764"
  SDF Warning: The path from U764.ZN to sub_86.U96.I doesn't have a simple 
  wire connection, delay will still be annotated.


Warning-[SDFCOM_SWC] Simple Wire Connection
/MasterClass/M143010027_ALU/Hws/HW1/gate_level/FLP_adder_7/Between/round1/timing.sdf, 3197
module: CKND1BWP16P90LVT, "instance: testbench.test_module.U763"
  SDF Warning: The path from U763.ZN to sub_86.U95.I doesn't have a simple 
  wire connection, delay will still be annotated.


Warning-[SDFCOM_SWC] Simple Wire Connection
/MasterClass/M143010027_ALU/Hws/HW1/gate_level/FLP_adder_7/Between/round1/timing.sdf, 3198
module: CKND1BWP16P90LVT, "instance: testbench.test_module.U762"
  SDF Warning: The path from U762.ZN to sub_86.U94.I doesn't have a simple 
  wire connection, delay will still be annotated.


Warning-[SDFCOM_SWC] Simple Wire Connection
/MasterClass/M143010027_ALU/Hws/HW1/gate_level/FLP_adder_7/Between/round1/timing.sdf, 3199
module: CKND1BWP16P90LVT, "instance: testbench.test_module.U761"
  SDF Warning: The path from U761.ZN to sub_86.U93.I doesn't have a simple 
  wire connection, delay will still be annotated.


Warning-[SDFCOM_SWC] Simple Wire Connection
/MasterClass/M143010027_ALU/Hws/HW1/gate_level/FLP_adder_7/Between/round1/timing.sdf, 3200
module: CKND1BWP16P90LVT, "instance: testbench.test_module.U760"
  SDF Warning: The path from U760.ZN to sub_86.U92.I doesn't have a simple 
  wire connection, delay will still be annotated.


Warning-[SDFCOM_SWC] Simple Wire Connection
/MasterClass/M143010027_ALU/Hws/HW1/gate_level/FLP_adder_7/Between/round1/timing.sdf, 3201
module: CKND1BWP16P90LVT, "instance: testbench.test_module.U759"
  SDF Warning: The path from U759.ZN to sub_86.U91.I doesn't have a simple 
  wire connection, delay will still be annotated.


Warning-[SDFCOM_SWC] Simple Wire Connection
/MasterClass/M143010027_ALU/Hws/HW1/gate_level/FLP_adder_7/Between/round1/timing.sdf, 3202
module: CKND1BWP16P90LVT, "instance: testbench.test_module.U758"
  SDF Warning: The path from U758.ZN to sub_86.U90.I doesn't have a simple 
  wire connection, delay will still be annotated.


Warning-[SDFCOM_SWC] Simple Wire Connection
/MasterClass/M143010027_ALU/Hws/HW1/gate_level/FLP_adder_7/Between/round1/timing.sdf, 3203
module: CKND1BWP16P90LVT, "instance: testbench.test_module.U757"
  SDF Warning: The path from U757.ZN to sub_86.U89.I doesn't have a simple 
  wire connection, delay will still be annotated.


Warning-[SDFCOM_SWC] Simple Wire Connection
/MasterClass/M143010027_ALU/Hws/HW1/gate_level/FLP_adder_7/Between/round1/timing.sdf, 3204
module: CKND1BWP16P90LVT, "instance: testbench.test_module.U756"
  SDF Warning: The path from U756.ZN to sub_86.U88.I doesn't have a simple 
  wire connection, delay will still be annotated.


Warning-[SDFCOM_SWC] Simple Wire Connection
/MasterClass/M143010027_ALU/Hws/HW1/gate_level/FLP_adder_7/Between/round1/timing.sdf, 3205
module: CKND1BWP16P90LVT, "instance: testbench.test_module.U755"
  SDF Warning: The path from U755.ZN to sub_86.U87.I doesn't have a simple 
  wire connection, delay will still be annotated.


Warning-[SDFCOM_SWC] Simple Wire Connection
/MasterClass/M143010027_ALU/Hws/HW1/gate_level/FLP_adder_7/Between/round1/timing.sdf, 3206
module: CKND1BWP16P90LVT, "instance: testbench.test_module.U754"
  SDF Warning: The path from U754.ZN to sub_86.U86.I doesn't have a simple 
  wire connection, delay will still be annotated.


Warning-[SDFCOM_SWC] Simple Wire Connection
/MasterClass/M143010027_ALU/Hws/HW1/gate_level/FLP_adder_7/Between/round1/timing.sdf, 3209
module: CKND1BWP16P90LVT, "instance: testbench.test_module.U753"
  SDF Warning: The path from U753.ZN to sub_86.U84.I doesn't have a simple 
  wire connection, delay will still be annotated.


Warning-[SDFCOM_SWC] Simple Wire Connection
/MasterClass/M143010027_ALU/Hws/HW1/gate_level/FLP_adder_7/Between/round1/timing.sdf, 3210
module: CKND1BWP16P90LVT, "instance: testbench.test_module.U765"
  SDF Warning: The path from U765.ZN to sub_86.U83.I doesn't have a simple 
  wire connection, delay will still be annotated.


Warning-[SDFCOM_SWC] Simple Wire Connection
/MasterClass/M143010027_ALU/Hws/HW1/gate_level/FLP_adder_7/Between/round1/timing.sdf, 3211
module: CKND1BWP16P90LVT, "instance: testbench.test_module.U751"
  SDF Warning: The path from U751.ZN to sub_86.U82.I doesn't have a simple 
  wire connection, delay will still be annotated.


Warning-[SDFCOM_SWC] Simple Wire Connection
/MasterClass/M143010027_ALU/Hws/HW1/gate_level/FLP_adder_7/Between/round1/timing.sdf, 3212
module: CKND1BWP16P90LVT, "instance: testbench.test_module.U793"
  SDF Warning: The path from U793.ZN to sub_86.U81.A1 doesn't have a simple 
  wire connection, delay will still be annotated.


Warning-[SDFCOM_SWC] Simple Wire Connection
/MasterClass/M143010027_ALU/Hws/HW1/gate_level/FLP_adder_7/Between/round1/timing.sdf, 3213
module: CKND1BWP16P90LVT, "instance: testbench.test_module.U795"
  SDF Warning: The path from U795.ZN to sub_86.U81.A2 doesn't have a simple 
  wire connection, delay will still be annotated.


Warning-[SDFCOM_SWC] Simple Wire Connection
/MasterClass/M143010027_ALU/Hws/HW1/gate_level/FLP_adder_7/Between/round1/timing.sdf, 3214
module: CKND1BWP16P90LVT, "instance: testbench.test_module.U797"
  SDF Warning: The path from U797.ZN to sub_86.U80.I doesn't have a simple 
  wire connection, delay will still be annotated.


Warning-[SDFCOM_SWC] Simple Wire Connection
/MasterClass/M143010027_ALU/Hws/HW1/gate_level/FLP_adder_7/Between/round1/timing.sdf, 3215
module: CKND1BWP16P90LVT, "instance: testbench.test_module.U789"
  SDF Warning: The path from U789.ZN to sub_86.U79.I doesn't have a simple 
  wire connection, delay will still be annotated.


Warning-[SDFCOM_SWC] Simple Wire Connection
/MasterClass/M143010027_ALU/Hws/HW1/gate_level/FLP_adder_7/Between/round1/timing.sdf, 3216
module: CKND1BWP16P90LVT, "instance: testbench.test_module.U783"
  SDF Warning: The path from U783.ZN to sub_86.U78.A1 doesn't have a simple 
  wire connection, delay will still be annotated.


Warning-[SDFCOM_SWC] Simple Wire Connection
/MasterClass/M143010027_ALU/Hws/HW1/gate_level/FLP_adder_7/Between/round1/timing.sdf, 3218
module: CKND1BWP16P90LVT, "instance: testbench.test_module.U781"
  SDF Warning: The path from U781.ZN to sub_86.U77.I doesn't have a simple 
  wire connection, delay will still be annotated.


Warning-[SDFCOM_SWC] Simple Wire Connection
/MasterClass/M143010027_ALU/Hws/HW1/gate_level/FLP_adder_7/Between/round1/timing.sdf, 3221
module: CKND1BWP16P90LVT, "instance: testbench.test_module.U791"
  SDF Warning: The path from U791.ZN to sub_86.U75.I doesn't have a simple 
  wire connection, delay will still be annotated.


Warning-[SDFCOM_SWC] Simple Wire Connection
/MasterClass/M143010027_ALU/Hws/HW1/gate_level/FLP_adder_7/Between/round1/timing.sdf, 3228
module: CKND1BWP16P90LVT, "instance: testbench.test_module.U785"
  SDF Warning: The path from U785.ZN to sub_86.U70.I doesn't have a simple 
  wire connection, delay will still be annotated.


Warning-[SDFCOM_SWC] Simple Wire Connection
/MasterClass/M143010027_ALU/Hws/HW1/gate_level/FLP_adder_7/Between/round1/timing.sdf, 3229
module: CKND1BWP16P90LVT, "instance: testbench.test_module.U787"
  SDF Warning: The path from U787.ZN to sub_86.U69.I doesn't have a simple 
  wire connection, delay will still be annotated.


Warning-[SDFCOM_SWC] Simple Wire Connection
/MasterClass/M143010027_ALU/Hws/HW1/gate_level/FLP_adder_7/Between/round1/timing.sdf, 3272
module: DFQD2BWP16P90LVT, "instance: testbench.test_module.s5_md_norm_reg_4_"
  SDF Warning: The path from s5_md_norm_reg_4_.Q to add_127.U44.I doesn't have
  a simple wire connection, delay will still be annotated.


Warning-[SDFCOM_SWC] Simple Wire Connection
/MasterClass/M143010027_ALU/Hws/HW1/gate_level/FLP_adder_7/Between/round1/timing.sdf, 3273
module: DFQD2BWP16P90LVT, "instance: testbench.test_module.s5_md_norm_reg_24_"
  SDF Warning: The path from s5_md_norm_reg_24_.Q to add_127.U43.A doesn't 
  have a simple wire connection, delay will still be annotated.


Warning-[SDFCOM_SWC] Simple Wire Connection
/MasterClass/M143010027_ALU/Hws/HW1/gate_level/FLP_adder_7/Between/round1/timing.sdf, 3278
module: DFQD2BWP16P90LVT, "instance: testbench.test_module.s5_md_norm_reg_26_"
  SDF Warning: The path from s5_md_norm_reg_26_.Q to add_127.U41.A2 doesn't 
  have a simple wire connection, delay will still be annotated.


Warning-[SDFCOM_SWC] Simple Wire Connection
/MasterClass/M143010027_ALU/Hws/HW1/gate_level/FLP_adder_7/Between/round1/timing.sdf, 3279
module: DFQD2BWP16P90LVT, "instance: testbench.test_module.s5_md_norm_reg_3_"
  SDF Warning: The path from s5_md_norm_reg_3_.Q to add_127.U40.A1 doesn't 
  have a simple wire connection, delay will still be annotated.


Warning-[SDFCOM_SWC] Simple Wire Connection
/MasterClass/M143010027_ALU/Hws/HW1/gate_level/FLP_adder_7/Between/round1/timing.sdf, 3280
module: DFQD2BWP16P90LVT, "instance: testbench.test_module.s5_md_norm_reg_2_"
  SDF Warning: The path from s5_md_norm_reg_2_.Q to add_127.U40.A2 doesn't 
  have a simple wire connection, delay will still be annotated.


Warning-[SDFCOM_SWC] Simple Wire Connection
/MasterClass/M143010027_ALU/Hws/HW1/gate_level/FLP_adder_7/Between/round1/timing.sdf, 3281
module: DFQD2BWP16P90LVT, "instance: testbench.test_module.s5_md_norm_reg_2_"
  SDF Warning: The path from s5_md_norm_reg_2_.Q to add_127.U39.I doesn't have
  a simple wire connection, delay will still be annotated.


Warning-[SDFCOM_SWC] Simple Wire Connection
/MasterClass/M143010027_ALU/Hws/HW1/gate_level/FLP_adder_7/Between/round1/timing.sdf, 3282
module: DFQD2BWP16P90LVT, "instance: testbench.test_module.s5_md_norm_reg_25_"
  SDF Warning: The path from s5_md_norm_reg_25_.Q to add_127.U38.A doesn't 
  have a simple wire connection, delay will still be annotated.


Warning-[SDFCOM_SWC] Simple Wire Connection
/MasterClass/M143010027_ALU/Hws/HW1/gate_level/FLP_adder_7/Between/round1/timing.sdf, 3284
module: DFQD2BWP16P90LVT, "instance: testbench.test_module.s5_md_norm_reg_3_"
  SDF Warning: The path from s5_md_norm_reg_3_.Q to add_127.U37.A1 doesn't 
  have a simple wire connection, delay will still be annotated.


Warning-[SDFCOM_SWC] Simple Wire Connection
/MasterClass/M143010027_ALU/Hws/HW1/gate_level/FLP_adder_7/Between/round1/timing.sdf, 3285
module: DFQD2BWP16P90LVT, "instance: testbench.test_module.s5_md_norm_reg_2_"
  SDF Warning: The path from s5_md_norm_reg_2_.Q to add_127.U37.A2 doesn't 
  have a simple wire connection, delay will still be annotated.


Warning-[SDFCOM_SWC] Simple Wire Connection
/MasterClass/M143010027_ALU/Hws/HW1/gate_level/FLP_adder_7/Between/round1/timing.sdf, 3288
module: DFQD2BWP16P90LVT, "instance: testbench.test_module.s5_md_norm_reg_5_"
  SDF Warning: The path from s5_md_norm_reg_5_.Q to add_127.U22.A doesn't have
  a simple wire connection, delay will still be annotated.


Warning-[SDFCOM_SWC] Simple Wire Connection
/MasterClass/M143010027_ALU/Hws/HW1/gate_level/FLP_adder_7/Between/round1/timing.sdf, 3290
module: DFQD2BWP16P90LVT, "instance: testbench.test_module.s5_md_norm_reg_6_"
  SDF Warning: The path from s5_md_norm_reg_6_.Q to add_127.U21.A doesn't have
  a simple wire connection, delay will still be annotated.


Warning-[SDFCOM_SWC] Simple Wire Connection
/MasterClass/M143010027_ALU/Hws/HW1/gate_level/FLP_adder_7/Between/round1/timing.sdf, 3292
module: DFQD2BWP16P90LVT, "instance: testbench.test_module.s5_md_norm_reg_7_"
  SDF Warning: The path from s5_md_norm_reg_7_.Q to add_127.U20.A doesn't have
  a simple wire connection, delay will still be annotated.


Warning-[SDFCOM_SWC] Simple Wire Connection
/MasterClass/M143010027_ALU/Hws/HW1/gate_level/FLP_adder_7/Between/round1/timing.sdf, 3294
module: DFQD2BWP16P90LVT, "instance: testbench.test_module.s5_md_norm_reg_8_"
  SDF Warning: The path from s5_md_norm_reg_8_.Q to add_127.U19.A doesn't have
  a simple wire connection, delay will still be annotated.


Warning-[SDFCOM_SWC] Simple Wire Connection
/MasterClass/M143010027_ALU/Hws/HW1/gate_level/FLP_adder_7/Between/round1/timing.sdf, 3296
module: DFQD2BWP16P90LVT, "instance: testbench.test_module.s5_md_norm_reg_9_"
  SDF Warning: The path from s5_md_norm_reg_9_.Q to add_127.U18.A doesn't have
  a simple wire connection, delay will still be annotated.


Warning-[SDFCOM_SWC] Simple Wire Connection
/MasterClass/M143010027_ALU/Hws/HW1/gate_level/FLP_adder_7/Between/round1/timing.sdf, 3298
module: DFQD2BWP16P90LVT, "instance: testbench.test_module.s5_md_norm_reg_10_"
  SDF Warning: The path from s5_md_norm_reg_10_.Q to add_127.U17.A doesn't 
  have a simple wire connection, delay will still be annotated.


Warning-[SDFCOM_SWC] Simple Wire Connection
/MasterClass/M143010027_ALU/Hws/HW1/gate_level/FLP_adder_7/Between/round1/timing.sdf, 3300
module: DFQD2BWP16P90LVT, "instance: testbench.test_module.s5_md_norm_reg_11_"
  SDF Warning: The path from s5_md_norm_reg_11_.Q to add_127.U16.A doesn't 
  have a simple wire connection, delay will still be annotated.


Warning-[SDFCOM_SWC] Simple Wire Connection
/MasterClass/M143010027_ALU/Hws/HW1/gate_level/FLP_adder_7/Between/round1/timing.sdf, 3302
module: DFQD2BWP16P90LVT, "instance: testbench.test_module.s5_md_norm_reg_12_"
  SDF Warning: The path from s5_md_norm_reg_12_.Q to add_127.U15.A doesn't 
  have a simple wire connection, delay will still be annotated.


Warning-[SDFCOM_SWC] Simple Wire Connection
/MasterClass/M143010027_ALU/Hws/HW1/gate_level/FLP_adder_7/Between/round1/timing.sdf, 3304
module: DFQD2BWP16P90LVT, "instance: testbench.test_module.s5_md_norm_reg_13_"
  SDF Warning: The path from s5_md_norm_reg_13_.Q to add_127.U14.A doesn't 
  have a simple wire connection, delay will still be annotated.


Warning-[SDFCOM_SWC] Simple Wire Connection
/MasterClass/M143010027_ALU/Hws/HW1/gate_level/FLP_adder_7/Between/round1/timing.sdf, 3306
module: DFQD2BWP16P90LVT, "instance: testbench.test_module.s5_md_norm_reg_14_"
  SDF Warning: The path from s5_md_norm_reg_14_.Q to add_127.U13.A doesn't 
  have a simple wire connection, delay will still be annotated.


Warning-[SDFCOM_SWC] Simple Wire Connection
/MasterClass/M143010027_ALU/Hws/HW1/gate_level/FLP_adder_7/Between/round1/timing.sdf, 3308
module: DFQD2BWP16P90LVT, "instance: testbench.test_module.s5_md_norm_reg_15_"
  SDF Warning: The path from s5_md_norm_reg_15_.Q to add_127.U12.A doesn't 
  have a simple wire connection, delay will still be annotated.


Warning-[SDFCOM_SWC] Simple Wire Connection
/MasterClass/M143010027_ALU/Hws/HW1/gate_level/FLP_adder_7/Between/round1/timing.sdf, 3310
module: DFQD2BWP16P90LVT, "instance: testbench.test_module.s5_md_norm_reg_16_"
  SDF Warning: The path from s5_md_norm_reg_16_.Q to add_127.U11.A doesn't 
  have a simple wire connection, delay will still be annotated.


Warning-[SDFCOM_SWC] Simple Wire Connection
/MasterClass/M143010027_ALU/Hws/HW1/gate_level/FLP_adder_7/Between/round1/timing.sdf, 3312
module: DFQD2BWP16P90LVT, "instance: testbench.test_module.s5_md_norm_reg_17_"
  SDF Warning: The path from s5_md_norm_reg_17_.Q to add_127.U10.A doesn't 
  have a simple wire connection, delay will still be annotated.


Warning-[SDFCOM_SWC] Simple Wire Connection
/MasterClass/M143010027_ALU/Hws/HW1/gate_level/FLP_adder_7/Between/round1/timing.sdf, 3314
module: DFQD2BWP16P90LVT, "instance: testbench.test_module.s5_md_norm_reg_18_"
  SDF Warning: The path from s5_md_norm_reg_18_.Q to add_127.U9.A doesn't have
  a simple wire connection, delay will still be annotated.


Warning-[SDFCOM_SWC] Simple Wire Connection
/MasterClass/M143010027_ALU/Hws/HW1/gate_level/FLP_adder_7/Between/round1/timing.sdf, 3316
module: DFQD2BWP16P90LVT, "instance: testbench.test_module.s5_md_norm_reg_19_"
  SDF Warning: The path from s5_md_norm_reg_19_.Q to add_127.U8.A doesn't have
  a simple wire connection, delay will still be annotated.


Warning-[SDFCOM_SWC] Simple Wire Connection
/MasterClass/M143010027_ALU/Hws/HW1/gate_level/FLP_adder_7/Between/round1/timing.sdf, 3318
module: DFQD2BWP16P90LVT, "instance: testbench.test_module.s5_md_norm_reg_20_"
  SDF Warning: The path from s5_md_norm_reg_20_.Q to add_127.U7.A doesn't have
  a simple wire connection, delay will still be annotated.


Warning-[SDFCOM_SWC] Simple Wire Connection
/MasterClass/M143010027_ALU/Hws/HW1/gate_level/FLP_adder_7/Between/round1/timing.sdf, 3320
module: DFQD2BWP16P90LVT, "instance: testbench.test_module.s5_md_norm_reg_21_"
  SDF Warning: The path from s5_md_norm_reg_21_.Q to add_127.U6.A doesn't have
  a simple wire connection, delay will still be annotated.


Warning-[SDFCOM_SWC] Simple Wire Connection
/MasterClass/M143010027_ALU/Hws/HW1/gate_level/FLP_adder_7/Between/round1/timing.sdf, 3322
module: DFQD2BWP16P90LVT, "instance: testbench.test_module.s5_md_norm_reg_22_"
  SDF Warning: The path from s5_md_norm_reg_22_.Q to add_127.U5.A doesn't have
  a simple wire connection, delay will still be annotated.


Warning-[SDFCOM_SWC] Simple Wire Connection
/MasterClass/M143010027_ALU/Hws/HW1/gate_level/FLP_adder_7/Between/round1/timing.sdf, 3324
module: DFQD2BWP16P90LVT, "instance: testbench.test_module.s5_md_norm_reg_23_"
  SDF Warning: The path from s5_md_norm_reg_23_.Q to add_127.U4.A doesn't have
  a simple wire connection, delay will still be annotated.


          Total errors: 0
          Total warnings: 223
   ***    SDF annotation completed: Mon Oct  5 20:47:46 2026


