
   ***   $sdf_annotate() version 1.2R
   ***    SDF file: "/MasterClass/M143010027_ALU/Hws/HW1/gate_level/FLP_adder/Area/round5/timing.sdf"
   ***    Annotation scope: testbench.test_module
   ***    SDF Annotator log file: "sdf_annotation.log"
   ***    MTM selection: "MAXIMUM"
   ***    No SCALE FACTORS argument specified
   ***    No SCALE TYPE argument specified
   ***    SCALE FACTORS defaulted to "1.0:1.0:1.0":
   ***    SCALE TYPE defaulted to: "FROM_MTM"
   ***    Turnoff delay: "FROM_FILE"
   ***    Approximation (mipd) policy: "MAXIMUM"

   ***    SDF annotation begin: Mon Oct  5 20:44:21 2026


SDF Info: +pulse_r/100, +pulse_e/100 in effect

Warning-[SDFCOM_IWSBA] INTERCONNECT will still be annotated
/MasterClass/M143010027_ALU/Hws/HW1/gate_level/FLP_adder/Area/round5/timing.sdf, 1092
module: CKND1BWP16P90LVT, "instance: testbench.test_module.U754"
  SDF Warning: INTERCONNECT from U754.ZN to U757.A1 has Instance at 
  /MasterClass/M143010027_ALU/Hws/HW1/gate_level/FLP_adder/Area/round5/netlist.v:829,
  delay will still be annotated.


Warning-[SDFCOM_IWSBA] INTERCONNECT will still be annotated
/MasterClass/M143010027_ALU/Hws/HW1/gate_level/FLP_adder/Area/round5/timing.sdf, 1106
module: CKND1BWP16P90LVT, "instance: testbench.test_module.U693"
  SDF Warning: INTERCONNECT from U693.ZN to U752.A1 has Instance at 
  /MasterClass/M143010027_ALU/Hws/HW1/gate_level/FLP_adder/Area/round5/netlist.v:816,
  delay will still be annotated.


Warning-[SDFCOM_IWSBA] INTERCONNECT will still be annotated
/MasterClass/M143010027_ALU/Hws/HW1/gate_level/FLP_adder/Area/round5/timing.sdf, 1110
module: XOR2D1BWP16P90LVT, "instance: testbench.test_module.sub_56.U67"
  SDF Warning: INTERCONNECT from sub_56.U67.Z to U751.A1 has Instance at 
  /MasterClass/M143010027_ALU/Hws/HW1/gate_level/FLP_adder/Area/round5/netlist.v:816,
  delay will still be annotated.


Warning-[SDFCOM_IWSBA] INTERCONNECT will still be annotated
/MasterClass/M143010027_ALU/Hws/HW1/gate_level/FLP_adder/Area/round5/timing.sdf, 1118
module: XOR2D1BWP16P90LVT, "instance: testbench.test_module.sub_56.U66"
  SDF Warning: INTERCONNECT from sub_56.U66.Z to U749.A1 has Instance at 
  /MasterClass/M143010027_ALU/Hws/HW1/gate_level/FLP_adder/Area/round5/netlist.v:816,
  delay will still be annotated.


Warning-[SDFCOM_IWSBA] INTERCONNECT will still be annotated
/MasterClass/M143010027_ALU/Hws/HW1/gate_level/FLP_adder/Area/round5/timing.sdf, 1123
module: XOR2D1BWP16P90LVT, "instance: testbench.test_module.sub_56.U64"
  SDF Warning: INTERCONNECT from sub_56.U64.Z to U747.A1 has Instance at 
  /MasterClass/M143010027_ALU/Hws/HW1/gate_level/FLP_adder/Area/round5/netlist.v:816,
  delay will still be annotated.


Warning-[SDFCOM_IWSBA] INTERCONNECT will still be annotated
/MasterClass/M143010027_ALU/Hws/HW1/gate_level/FLP_adder/Area/round5/timing.sdf, 1133
module: XOR2D1BWP16P90LVT, "instance: testbench.test_module.sub_56.U61"
  SDF Warning: INTERCONNECT from sub_56.U61.Z to U743.A1 has Instance at 
  /MasterClass/M143010027_ALU/Hws/HW1/gate_level/FLP_adder/Area/round5/netlist.v:816,
  delay will still be annotated.


Warning-[SDFCOM_IWSBA] INTERCONNECT will still be annotated
/MasterClass/M143010027_ALU/Hws/HW1/gate_level/FLP_adder/Area/round5/timing.sdf, 1142
module: XOR2D1BWP16P90LVT, "instance: testbench.test_module.sub_56.U59"
  SDF Warning: INTERCONNECT from sub_56.U59.Z to U740.A1 has Instance at 
  /MasterClass/M143010027_ALU/Hws/HW1/gate_level/FLP_adder/Area/round5/netlist.v:816,
  delay will still be annotated.


Warning-[SDFCOM_IWSBA] INTERCONNECT will still be annotated
/MasterClass/M143010027_ALU/Hws/HW1/gate_level/FLP_adder/Area/round5/timing.sdf, 1147
module: XOR2D1BWP16P90LVT, "instance: testbench.test_module.sub_56.U57"
  SDF Warning: INTERCONNECT from sub_56.U57.Z to U738.A1 has Instance at 
  /MasterClass/M143010027_ALU/Hws/HW1/gate_level/FLP_adder/Area/round5/netlist.v:816,
  delay will still be annotated.


Warning-[SDFCOM_IWSBA] INTERCONNECT will still be annotated
/MasterClass/M143010027_ALU/Hws/HW1/gate_level/FLP_adder/Area/round5/timing.sdf, 1156
module: XOR2D1BWP16P90LVT, "instance: testbench.test_module.sub_56.U55"
  SDF Warning: INTERCONNECT from sub_56.U55.Z to U735.A1 has Instance at 
  /MasterClass/M143010027_ALU/Hws/HW1/gate_level/FLP_adder/Area/round5/netlist.v:816,
  delay will still be annotated.


Warning-[SDFCOM_IWSBA] INTERCONNECT will still be annotated
/MasterClass/M143010027_ALU/Hws/HW1/gate_level/FLP_adder/Area/round5/timing.sdf, 1162
module: XOR2D1BWP16P90LVT, "instance: testbench.test_module.sub_56.U52"
  SDF Warning: INTERCONNECT from sub_56.U52.Z to U732.A1 has Instance at 
  /MasterClass/M143010027_ALU/Hws/HW1/gate_level/FLP_adder/Area/round5/netlist.v:816,
  delay will still be annotated.


Warning-[SDFCOM_IWSBA] INTERCONNECT will still be annotated
/MasterClass/M143010027_ALU/Hws/HW1/gate_level/FLP_adder/Area/round5/timing.sdf, 1171
module: XOR2D1BWP16P90LVT, "instance: testbench.test_module.sub_56.U50"
  SDF Warning: INTERCONNECT from sub_56.U50.Z to U729.A1 has Instance at 
  /MasterClass/M143010027_ALU/Hws/HW1/gate_level/FLP_adder/Area/round5/netlist.v:816,
  delay will still be annotated.


Warning-[SDFCOM_IWSBA] INTERCONNECT will still be annotated
/MasterClass/M143010027_ALU/Hws/HW1/gate_level/FLP_adder/Area/round5/timing.sdf, 1188
module: XOR2D1BWP16P90LVT, "instance: testbench.test_module.sub_56.U48"
  SDF Warning: INTERCONNECT from sub_56.U48.Z to U724.A1 has Instance at 
  /MasterClass/M143010027_ALU/Hws/HW1/gate_level/FLP_adder/Area/round5/netlist.v:816,
  delay will still be annotated.


Warning-[SDFCOM_IWSBA] INTERCONNECT will still be annotated
/MasterClass/M143010027_ALU/Hws/HW1/gate_level/FLP_adder/Area/round5/timing.sdf, 1193
module: XOR2D1BWP16P90LVT, "instance: testbench.test_module.sub_56.U46"
  SDF Warning: INTERCONNECT from sub_56.U46.Z to U722.A1 has Instance at 
  /MasterClass/M143010027_ALU/Hws/HW1/gate_level/FLP_adder/Area/round5/netlist.v:816,
  delay will still be annotated.


Warning-[SDFCOM_IWSBA] INTERCONNECT will still be annotated
/MasterClass/M143010027_ALU/Hws/HW1/gate_level/FLP_adder/Area/round5/timing.sdf, 1229
module: XOR2D1BWP16P90LVT, "instance: testbench.test_module.sub_56.U44"
  SDF Warning: INTERCONNECT from sub_56.U44.Z to U712.A1 has Instance at 
  /MasterClass/M143010027_ALU/Hws/HW1/gate_level/FLP_adder/Area/round5/netlist.v:816,
  delay will still be annotated.


Warning-[SDFCOM_IWSBA] INTERCONNECT will still be annotated
/MasterClass/M143010027_ALU/Hws/HW1/gate_level/FLP_adder/Area/round5/timing.sdf, 1234
module: XOR2D1BWP16P90LVT, "instance: testbench.test_module.sub_56.U42"
  SDF Warning: INTERCONNECT from sub_56.U42.Z to U710.A1 has Instance at 
  /MasterClass/M143010027_ALU/Hws/HW1/gate_level/FLP_adder/Area/round5/netlist.v:816,
  delay will still be annotated.


Warning-[SDFCOM_IWSBA] INTERCONNECT will still be annotated
/MasterClass/M143010027_ALU/Hws/HW1/gate_level/FLP_adder/Area/round5/timing.sdf, 1238
module: XOR2D1BWP16P90LVT, "instance: testbench.test_module.sub_56.U41"
  SDF Warning: INTERCONNECT from sub_56.U41.Z to U709.A1 has Instance at 
  /MasterClass/M143010027_ALU/Hws/HW1/gate_level/FLP_adder/Area/round5/netlist.v:816,
  delay will still be annotated.


Warning-[SDFCOM_IWSBA] INTERCONNECT will still be annotated
/MasterClass/M143010027_ALU/Hws/HW1/gate_level/FLP_adder/Area/round5/timing.sdf, 1243
module: XOR2D1BWP16P90LVT, "instance: testbench.test_module.sub_56.U39"
  SDF Warning: INTERCONNECT from sub_56.U39.Z to U707.A1 has Instance at 
  /MasterClass/M143010027_ALU/Hws/HW1/gate_level/FLP_adder/Area/round5/netlist.v:816,
  delay will still be annotated.


Warning-[SDFCOM_IWSBA] INTERCONNECT will still be annotated
/MasterClass/M143010027_ALU/Hws/HW1/gate_level/FLP_adder/Area/round5/timing.sdf, 1249
module: XOR2D1BWP16P90LVT, "instance: testbench.test_module.sub_56.U36"
  SDF Warning: INTERCONNECT from sub_56.U36.Z to U704.A1 has Instance at 
  /MasterClass/M143010027_ALU/Hws/HW1/gate_level/FLP_adder/Area/round5/netlist.v:816,
  delay will still be annotated.


Warning-[SDFCOM_IWSBA] INTERCONNECT will still be annotated
/MasterClass/M143010027_ALU/Hws/HW1/gate_level/FLP_adder/Area/round5/timing.sdf, 1254
module: XOR2D1BWP16P90LVT, "instance: testbench.test_module.sub_56.U34"
  SDF Warning: INTERCONNECT from sub_56.U34.Z to U702.A1 has Instance at 
  /MasterClass/M143010027_ALU/Hws/HW1/gate_level/FLP_adder/Area/round5/netlist.v:816,
  delay will still be annotated.


Warning-[SDFCOM_IWSBA] INTERCONNECT will still be annotated
/MasterClass/M143010027_ALU/Hws/HW1/gate_level/FLP_adder/Area/round5/timing.sdf, 1259
module: XOR2D1BWP16P90LVT, "instance: testbench.test_module.sub_56.U32"
  SDF Warning: INTERCONNECT from sub_56.U32.Z to U700.A1 has Instance at 
  /MasterClass/M143010027_ALU/Hws/HW1/gate_level/FLP_adder/Area/round5/netlist.v:816,
  delay will still be annotated.


Warning-[SDFCOM_IWSBA] INTERCONNECT will still be annotated
/MasterClass/M143010027_ALU/Hws/HW1/gate_level/FLP_adder/Area/round5/timing.sdf, 1264
module: XOR2D1BWP16P90LVT, "instance: testbench.test_module.sub_56.U30"
  SDF Warning: INTERCONNECT from sub_56.U30.Z to U698.A1 has Instance at 
  /MasterClass/M143010027_ALU/Hws/HW1/gate_level/FLP_adder/Area/round5/netlist.v:816,
  delay will still be annotated.


Warning-[SDFCOM_IWSBA] INTERCONNECT will still be annotated
/MasterClass/M143010027_ALU/Hws/HW1/gate_level/FLP_adder/Area/round5/timing.sdf, 1269
module: XOR2D1BWP16P90LVT, "instance: testbench.test_module.sub_56.U28"
  SDF Warning: INTERCONNECT from sub_56.U28.Z to U696.A1 has Instance at 
  /MasterClass/M143010027_ALU/Hws/HW1/gate_level/FLP_adder/Area/round5/netlist.v:816,
  delay will still be annotated.


Warning-[SDFCOM_IWSBA] INTERCONNECT will still be annotated
/MasterClass/M143010027_ALU/Hws/HW1/gate_level/FLP_adder/Area/round5/timing.sdf, 1274
module: XOR2D1BWP16P90LVT, "instance: testbench.test_module.sub_56.U26"
  SDF Warning: INTERCONNECT from sub_56.U26.Z to U694.A1 has Instance at 
  /MasterClass/M143010027_ALU/Hws/HW1/gate_level/FLP_adder/Area/round5/netlist.v:816,
  delay will still be annotated.


Warning-[SDFCOM_IWSBA] INTERCONNECT will still be annotated
/MasterClass/M143010027_ALU/Hws/HW1/gate_level/FLP_adder/Area/round5/timing.sdf, 1280
module: XOR2D1BWP16P90LVT, "instance: testbench.test_module.sub_55.U45"
  SDF Warning: INTERCONNECT from sub_55.U45.Z to U691.A1 has Instance at 
  /MasterClass/M143010027_ALU/Hws/HW1/gate_level/FLP_adder/Area/round5/netlist.v:829,
  delay will still be annotated.


Warning-[SDFCOM_IWSBA] INTERCONNECT will still be annotated
/MasterClass/M143010027_ALU/Hws/HW1/gate_level/FLP_adder/Area/round5/timing.sdf, 1284
module: XOR2D1BWP16P90LVT, "instance: testbench.test_module.sub_55.U44"
  SDF Warning: INTERCONNECT from sub_55.U44.Z to U690.A1 has Instance at 
  /MasterClass/M143010027_ALU/Hws/HW1/gate_level/FLP_adder/Area/round5/netlist.v:829,
  delay will still be annotated.


Warning-[SDFCOM_IWSBA] INTERCONNECT will still be annotated
/MasterClass/M143010027_ALU/Hws/HW1/gate_level/FLP_adder/Area/round5/timing.sdf, 1288
module: XOR2D1BWP16P90LVT, "instance: testbench.test_module.sub_55.U43"
  SDF Warning: INTERCONNECT from sub_55.U43.Z to U689.A1 has Instance at 
  /MasterClass/M143010027_ALU/Hws/HW1/gate_level/FLP_adder/Area/round5/netlist.v:829,
  delay will still be annotated.


Warning-[SDFCOM_IWSBA] INTERCONNECT will still be annotated
/MasterClass/M143010027_ALU/Hws/HW1/gate_level/FLP_adder/Area/round5/timing.sdf, 1292
module: XOR2D1BWP16P90LVT, "instance: testbench.test_module.sub_55.U42"
  SDF Warning: INTERCONNECT from sub_55.U42.Z to U688.A1 has Instance at 
  /MasterClass/M143010027_ALU/Hws/HW1/gate_level/FLP_adder/Area/round5/netlist.v:829,
  delay will still be annotated.


Warning-[SDFCOM_IWSBA] INTERCONNECT will still be annotated
/MasterClass/M143010027_ALU/Hws/HW1/gate_level/FLP_adder/Area/round5/timing.sdf, 1296
module: XOR2D1BWP16P90LVT, "instance: testbench.test_module.sub_55.U41"
  SDF Warning: INTERCONNECT from sub_55.U41.Z to U687.A1 has Instance at 
  /MasterClass/M143010027_ALU/Hws/HW1/gate_level/FLP_adder/Area/round5/netlist.v:829,
  delay will still be annotated.


Warning-[SDFCOM_IWSBA] INTERCONNECT will still be annotated
/MasterClass/M143010027_ALU/Hws/HW1/gate_level/FLP_adder/Area/round5/timing.sdf, 1300
module: XOR2D1BWP16P90LVT, "instance: testbench.test_module.sub_55.U40"
  SDF Warning: INTERCONNECT from sub_55.U40.Z to U686.A1 has Instance at 
  /MasterClass/M143010027_ALU/Hws/HW1/gate_level/FLP_adder/Area/round5/netlist.v:829,
  delay will still be annotated.


Warning-[SDFCOM_IWSBA] INTERCONNECT will still be annotated
/MasterClass/M143010027_ALU/Hws/HW1/gate_level/FLP_adder/Area/round5/timing.sdf, 1304
module: XOR2D1BWP16P90LVT, "instance: testbench.test_module.sub_55.U39"
  SDF Warning: INTERCONNECT from sub_55.U39.Z to U685.A1 has Instance at 
  /MasterClass/M143010027_ALU/Hws/HW1/gate_level/FLP_adder/Area/round5/netlist.v:829,
  delay will still be annotated.


Warning-[SDFCOM_IWSBA] INTERCONNECT will still be annotated
/MasterClass/M143010027_ALU/Hws/HW1/gate_level/FLP_adder/Area/round5/timing.sdf, 1308
module: XOR2D1BWP16P90LVT, "instance: testbench.test_module.sub_55.U38"
  SDF Warning: INTERCONNECT from sub_55.U38.Z to U684.A1 has Instance at 
  /MasterClass/M143010027_ALU/Hws/HW1/gate_level/FLP_adder/Area/round5/netlist.v:829,
  delay will still be annotated.


Warning-[SDFCOM_IWSBA] INTERCONNECT will still be annotated
/MasterClass/M143010027_ALU/Hws/HW1/gate_level/FLP_adder/Area/round5/timing.sdf, 1312
module: XOR2D1BWP16P90LVT, "instance: testbench.test_module.sub_55.U37"
  SDF Warning: INTERCONNECT from sub_55.U37.Z to U683.A1 has Instance at 
  /MasterClass/M143010027_ALU/Hws/HW1/gate_level/FLP_adder/Area/round5/netlist.v:829,
  delay will still be annotated.


Warning-[SDFCOM_IWSBA] INTERCONNECT will still be annotated
/MasterClass/M143010027_ALU/Hws/HW1/gate_level/FLP_adder/Area/round5/timing.sdf, 1316
module: XOR2D1BWP16P90LVT, "instance: testbench.test_module.sub_55.U36"
  SDF Warning: INTERCONNECT from sub_55.U36.Z to U682.A1 has Instance at 
  /MasterClass/M143010027_ALU/Hws/HW1/gate_level/FLP_adder/Area/round5/netlist.v:829,
  delay will still be annotated.


Warning-[SDFCOM_IWSBA] INTERCONNECT will still be annotated
/MasterClass/M143010027_ALU/Hws/HW1/gate_level/FLP_adder/Area/round5/timing.sdf, 1320
module: XOR2D1BWP16P90LVT, "instance: testbench.test_module.sub_55.U35"
  SDF Warning: INTERCONNECT from sub_55.U35.Z to U681.A1 has Instance at 
  /MasterClass/M143010027_ALU/Hws/HW1/gate_level/FLP_adder/Area/round5/netlist.v:829,
  delay will still be annotated.


Warning-[SDFCOM_IWSBA] INTERCONNECT will still be annotated
/MasterClass/M143010027_ALU/Hws/HW1/gate_level/FLP_adder/Area/round5/timing.sdf, 1324
module: XOR2D1BWP16P90LVT, "instance: testbench.test_module.sub_55.U34"
  SDF Warning: INTERCONNECT from sub_55.U34.Z to U680.A1 has Instance at 
  /MasterClass/M143010027_ALU/Hws/HW1/gate_level/FLP_adder/Area/round5/netlist.v:829,
  delay will still be annotated.


Warning-[SDFCOM_IWSBA] INTERCONNECT will still be annotated
/MasterClass/M143010027_ALU/Hws/HW1/gate_level/FLP_adder/Area/round5/timing.sdf, 1328
module: XOR2D1BWP16P90LVT, "instance: testbench.test_module.sub_55.U33"
  SDF Warning: INTERCONNECT from sub_55.U33.Z to U679.A1 has Instance at 
  /MasterClass/M143010027_ALU/Hws/HW1/gate_level/FLP_adder/Area/round5/netlist.v:829,
  delay will still be annotated.


Warning-[SDFCOM_IWSBA] INTERCONNECT will still be annotated
/MasterClass/M143010027_ALU/Hws/HW1/gate_level/FLP_adder/Area/round5/timing.sdf, 1332
module: XOR2D1BWP16P90LVT, "instance: testbench.test_module.sub_55.U3"
  SDF Warning: INTERCONNECT from sub_55.U3.Z to U678.A1 has Instance at 
  /MasterClass/M143010027_ALU/Hws/HW1/gate_level/FLP_adder/Area/round5/netlist.v:829,
  delay will still be annotated.


Warning-[SDFCOM_IWSBA] INTERCONNECT will still be annotated
/MasterClass/M143010027_ALU/Hws/HW1/gate_level/FLP_adder/Area/round5/timing.sdf, 1336
module: XOR2D1BWP16P90LVT, "instance: testbench.test_module.sub_56.U24"
  SDF Warning: INTERCONNECT from sub_56.U24.Z to U677.A1 has Instance at 
  /MasterClass/M143010027_ALU/Hws/HW1/gate_level/FLP_adder/Area/round5/netlist.v:816,
  delay will still be annotated.


Warning-[SDFCOM_IWSBA] INTERCONNECT will still be annotated
/MasterClass/M143010027_ALU/Hws/HW1/gate_level/FLP_adder/Area/round5/timing.sdf, 1340
module: XOR2D1BWP16P90LVT, "instance: testbench.test_module.sub_55.U32"
  SDF Warning: INTERCONNECT from sub_55.U32.Z to U676.A1 has Instance at 
  /MasterClass/M143010027_ALU/Hws/HW1/gate_level/FLP_adder/Area/round5/netlist.v:829,
  delay will still be annotated.


Warning-[SDFCOM_IWSBA] INTERCONNECT will still be annotated
/MasterClass/M143010027_ALU/Hws/HW1/gate_level/FLP_adder/Area/round5/timing.sdf, 1344
module: XOR2D1BWP16P90LVT, "instance: testbench.test_module.sub_55.U31"
  SDF Warning: INTERCONNECT from sub_55.U31.Z to U675.A1 has Instance at 
  /MasterClass/M143010027_ALU/Hws/HW1/gate_level/FLP_adder/Area/round5/netlist.v:829,
  delay will still be annotated.


Warning-[SDFCOM_IWSBA] INTERCONNECT will still be annotated
/MasterClass/M143010027_ALU/Hws/HW1/gate_level/FLP_adder/Area/round5/timing.sdf, 1348
module: XOR2D1BWP16P90LVT, "instance: testbench.test_module.sub_55.U30"
  SDF Warning: INTERCONNECT from sub_55.U30.Z to U674.A1 has Instance at 
  /MasterClass/M143010027_ALU/Hws/HW1/gate_level/FLP_adder/Area/round5/netlist.v:829,
  delay will still be annotated.


Warning-[SDFCOM_IWSBA] INTERCONNECT will still be annotated
/MasterClass/M143010027_ALU/Hws/HW1/gate_level/FLP_adder/Area/round5/timing.sdf, 1352
module: XOR2D1BWP16P90LVT, "instance: testbench.test_module.sub_55.U29"
  SDF Warning: INTERCONNECT from sub_55.U29.Z to U673.A1 has Instance at 
  /MasterClass/M143010027_ALU/Hws/HW1/gate_level/FLP_adder/Area/round5/netlist.v:829,
  delay will still be annotated.


Warning-[SDFCOM_IWSBA] INTERCONNECT will still be annotated
/MasterClass/M143010027_ALU/Hws/HW1/gate_level/FLP_adder/Area/round5/timing.sdf, 1356
module: XOR2D1BWP16P90LVT, "instance: testbench.test_module.sub_55.U28"
  SDF Warning: INTERCONNECT from sub_55.U28.Z to U672.A1 has Instance at 
  /MasterClass/M143010027_ALU/Hws/HW1/gate_level/FLP_adder/Area/round5/netlist.v:829,
  delay will still be annotated.


Warning-[SDFCOM_IWSBA] INTERCONNECT will still be annotated
/MasterClass/M143010027_ALU/Hws/HW1/gate_level/FLP_adder/Area/round5/timing.sdf, 1360
module: XOR2D1BWP16P90LVT, "instance: testbench.test_module.sub_55.U27"
  SDF Warning: INTERCONNECT from sub_55.U27.Z to U671.A1 has Instance at 
  /MasterClass/M143010027_ALU/Hws/HW1/gate_level/FLP_adder/Area/round5/netlist.v:829,
  delay will still be annotated.


Warning-[SDFCOM_IWSBA] INTERCONNECT will still be annotated
/MasterClass/M143010027_ALU/Hws/HW1/gate_level/FLP_adder/Area/round5/timing.sdf, 1364
module: XOR2D1BWP16P90LVT, "instance: testbench.test_module.sub_55.U26"
  SDF Warning: INTERCONNECT from sub_55.U26.Z to U670.A1 has Instance at 
  /MasterClass/M143010027_ALU/Hws/HW1/gate_level/FLP_adder/Area/round5/netlist.v:829,
  delay will still be annotated.


Warning-[SDFCOM_IWSBA] INTERCONNECT will still be annotated
/MasterClass/M143010027_ALU/Hws/HW1/gate_level/FLP_adder/Area/round5/timing.sdf, 1368
module: XOR2D1BWP16P90LVT, "instance: testbench.test_module.sub_55.U25"
  SDF Warning: INTERCONNECT from sub_55.U25.Z to U669.A1 has Instance at 
  /MasterClass/M143010027_ALU/Hws/HW1/gate_level/FLP_adder/Area/round5/netlist.v:829,
  delay will still be annotated.


Warning-[SDFCOM_IWSBA] INTERCONNECT will still be annotated
/MasterClass/M143010027_ALU/Hws/HW1/gate_level/FLP_adder/Area/round5/timing.sdf, 1417
module: AN2D1BWP16P90LVT, "instance: testbench.test_module.sub_56.U1"
  SDF Warning: INTERCONNECT from sub_56.U1.Z to U654.A1 has Instance at 
  /MasterClass/M143010027_ALU/Hws/HW1/gate_level/FLP_adder/Area/round5/netlist.v:816,
  delay will still be annotated.


Warning-[SDFCOM_IWSBA] INTERCONNECT will still be annotated
/MasterClass/M143010027_ALU/Hws/HW1/gate_level/FLP_adder/Area/round5/timing.sdf, 1432
module: AN2D1BWP16P90LVT, "instance: testbench.test_module.sub_55.U1"
  SDF Warning: INTERCONNECT from sub_55.U1.Z to U649.A1 has Instance at 
  /MasterClass/M143010027_ALU/Hws/HW1/gate_level/FLP_adder/Area/round5/netlist.v:829,
  delay will still be annotated.


Warning-[SDFCOM_IWSBA] INTERCONNECT will still be annotated
/MasterClass/M143010027_ALU/Hws/HW1/gate_level/FLP_adder/Area/round5/timing.sdf, 1585
module: XOR2D1BWP16P90LVT, "instance: testbench.test_module.add_95.U48"
  SDF Warning: INTERCONNECT from add_95.U48.Z to U588.B1 has Instance at 
  /MasterClass/M143010027_ALU/Hws/HW1/gate_level/FLP_adder/Area/round5/netlist.v:778,
  delay will still be annotated.


Warning-[SDFCOM_IWSBA] INTERCONNECT will still be annotated
/MasterClass/M143010027_ALU/Hws/HW1/gate_level/FLP_adder/Area/round5/timing.sdf, 1591
module: XOR2D1BWP16P90LVT, "instance: testbench.test_module.add_95.U47"
  SDF Warning: INTERCONNECT from add_95.U47.Z to U586.B1 has Instance at 
  /MasterClass/M143010027_ALU/Hws/HW1/gate_level/FLP_adder/Area/round5/netlist.v:778,
  delay will still be annotated.


Warning-[SDFCOM_IWSBA] INTERCONNECT will still be annotated
/MasterClass/M143010027_ALU/Hws/HW1/gate_level/FLP_adder/Area/round5/timing.sdf, 1597
module: XOR2D1BWP16P90LVT, "instance: testbench.test_module.add_95.U46"
  SDF Warning: INTERCONNECT from add_95.U46.Z to U584.B1 has Instance at 
  /MasterClass/M143010027_ALU/Hws/HW1/gate_level/FLP_adder/Area/round5/netlist.v:778,
  delay will still be annotated.


Warning-[SDFCOM_SWC] Simple Wire Connection
/MasterClass/M143010027_ALU/Hws/HW1/gate_level/FLP_adder/Area/round5/timing.sdf, 1599
module: MUX2D1BWP16P90LVT, "instance: testbench.test_module.U976"
  SDF Warning: The path from U976.Z to U583.A1 doesn't have a simple wire 
  connection, delay will still be annotated.


Warning-[SDFCOM_IWSBA] INTERCONNECT will still be annotated
/MasterClass/M143010027_ALU/Hws/HW1/gate_level/FLP_adder/Area/round5/timing.sdf, 1606
module: XOR2D1BWP16P90LVT, "instance: testbench.test_module.add_95.U45"
  SDF Warning: INTERCONNECT from add_95.U45.Z to U581.B1 has Instance at 
  /MasterClass/M143010027_ALU/Hws/HW1/gate_level/FLP_adder/Area/round5/netlist.v:778,
  delay will still be annotated.


Warning-[SDFCOM_IWSBA] INTERCONNECT will still be annotated
/MasterClass/M143010027_ALU/Hws/HW1/gate_level/FLP_adder/Area/round5/timing.sdf, 1610
module: XOR2D1BWP16P90LVT, "instance: testbench.test_module.add_95.U44"
  SDF Warning: INTERCONNECT from add_95.U44.Z to U580.B1 has Instance at 
  /MasterClass/M143010027_ALU/Hws/HW1/gate_level/FLP_adder/Area/round5/netlist.v:778,
  delay will still be annotated.


Warning-[SDFCOM_IWSBA] INTERCONNECT will still be annotated
/MasterClass/M143010027_ALU/Hws/HW1/gate_level/FLP_adder/Area/round5/timing.sdf, 1614
module: XOR2D1BWP16P90LVT, "instance: testbench.test_module.add_95.U43"
  SDF Warning: INTERCONNECT from add_95.U43.Z to U579.B1 has Instance at 
  /MasterClass/M143010027_ALU/Hws/HW1/gate_level/FLP_adder/Area/round5/netlist.v:778,
  delay will still be annotated.


Warning-[SDFCOM_IWSBA] INTERCONNECT will still be annotated
/MasterClass/M143010027_ALU/Hws/HW1/gate_level/FLP_adder/Area/round5/timing.sdf, 1622
module: XOR2D1BWP16P90LVT, "instance: testbench.test_module.add_95.U42"
  SDF Warning: INTERCONNECT from add_95.U42.Z to U577.B1 has Instance at 
  /MasterClass/M143010027_ALU/Hws/HW1/gate_level/FLP_adder/Area/round5/netlist.v:778,
  delay will still be annotated.


Warning-[SDFCOM_IWSBA] INTERCONNECT will still be annotated
/MasterClass/M143010027_ALU/Hws/HW1/gate_level/FLP_adder/Area/round5/timing.sdf, 1626
module: XOR2D1BWP16P90LVT, "instance: testbench.test_module.add_95.U41"
  SDF Warning: INTERCONNECT from add_95.U41.Z to U576.B1 has Instance at 
  /MasterClass/M143010027_ALU/Hws/HW1/gate_level/FLP_adder/Area/round5/netlist.v:778,
  delay will still be annotated.


Warning-[SDFCOM_IWSBA] INTERCONNECT will still be annotated
/MasterClass/M143010027_ALU/Hws/HW1/gate_level/FLP_adder/Area/round5/timing.sdf, 1630
module: XOR2D1BWP16P90LVT, "instance: testbench.test_module.add_95.U40"
  SDF Warning: INTERCONNECT from add_95.U40.Z to U575.B1 has Instance at 
  /MasterClass/M143010027_ALU/Hws/HW1/gate_level/FLP_adder/Area/round5/netlist.v:778,
  delay will still be annotated.


Warning-[SDFCOM_IWSBA] INTERCONNECT will still be annotated
/MasterClass/M143010027_ALU/Hws/HW1/gate_level/FLP_adder/Area/round5/timing.sdf, 1649
module: CKND1BWP16P90LVT, "instance: testbench.test_module.add_95.U39"
  SDF Warning: INTERCONNECT from add_95.U39.ZN to U568.B1 has Instance at 
  /MasterClass/M143010027_ALU/Hws/HW1/gate_level/FLP_adder/Area/round5/netlist.v:778,
  delay will still be annotated.


Warning-[SDFCOM_IWSBA] INTERCONNECT will still be annotated
/MasterClass/M143010027_ALU/Hws/HW1/gate_level/FLP_adder/Area/round5/timing.sdf, 1792
module: XOR2D1BWP16P90LVT, "instance: testbench.test_module.add_95.U29"
  SDF Warning: INTERCONNECT from add_95.U29.Z to U514.B1 has Instance at 
  /MasterClass/M143010027_ALU/Hws/HW1/gate_level/FLP_adder/Area/round5/netlist.v:778,
  delay will still be annotated.


Warning-[SDFCOM_IWSBA] INTERCONNECT will still be annotated
/MasterClass/M143010027_ALU/Hws/HW1/gate_level/FLP_adder/Area/round5/timing.sdf, 1796
module: XOR2D1BWP16P90LVT, "instance: testbench.test_module.add_95.U28"
  SDF Warning: INTERCONNECT from add_95.U28.Z to U513.B1 has Instance at 
  /MasterClass/M143010027_ALU/Hws/HW1/gate_level/FLP_adder/Area/round5/netlist.v:778,
  delay will still be annotated.


Warning-[SDFCOM_IWSBA] INTERCONNECT will still be annotated
/MasterClass/M143010027_ALU/Hws/HW1/gate_level/FLP_adder/Area/round5/timing.sdf, 1800
module: XOR2D1BWP16P90LVT, "instance: testbench.test_module.add_95.U27"
  SDF Warning: INTERCONNECT from add_95.U27.Z to U512.B1 has Instance at 
  /MasterClass/M143010027_ALU/Hws/HW1/gate_level/FLP_adder/Area/round5/netlist.v:778,
  delay will still be annotated.


Warning-[SDFCOM_IWSBA] INTERCONNECT will still be annotated
/MasterClass/M143010027_ALU/Hws/HW1/gate_level/FLP_adder/Area/round5/timing.sdf, 1804
module: XOR2D1BWP16P90LVT, "instance: testbench.test_module.add_95.U26"
  SDF Warning: INTERCONNECT from add_95.U26.Z to U511.B1 has Instance at 
  /MasterClass/M143010027_ALU/Hws/HW1/gate_level/FLP_adder/Area/round5/netlist.v:778,
  delay will still be annotated.


Warning-[SDFCOM_IWSBA] INTERCONNECT will still be annotated
/MasterClass/M143010027_ALU/Hws/HW1/gate_level/FLP_adder/Area/round5/timing.sdf, 1808
module: XOR2D1BWP16P90LVT, "instance: testbench.test_module.add_95.U25"
  SDF Warning: INTERCONNECT from add_95.U25.Z to U510.B1 has Instance at 
  /MasterClass/M143010027_ALU/Hws/HW1/gate_level/FLP_adder/Area/round5/netlist.v:778,
  delay will still be annotated.


Warning-[SDFCOM_IWSBA] INTERCONNECT will still be annotated
/MasterClass/M143010027_ALU/Hws/HW1/gate_level/FLP_adder/Area/round5/timing.sdf, 1813
module: XOR2D1BWP16P90LVT, "instance: testbench.test_module.add_95.U24"
  SDF Warning: INTERCONNECT from add_95.U24.Z to U508.B1 has Instance at 
  /MasterClass/M143010027_ALU/Hws/HW1/gate_level/FLP_adder/Area/round5/netlist.v:778,
  delay will still be annotated.


Warning-[SDFCOM_IWSBA] INTERCONNECT will still be annotated
/MasterClass/M143010027_ALU/Hws/HW1/gate_level/FLP_adder/Area/round5/timing.sdf, 1817
module: XOR2D1BWP16P90LVT, "instance: testbench.test_module.add_95.U23"
  SDF Warning: INTERCONNECT from add_95.U23.Z to U507.B1 has Instance at 
  /MasterClass/M143010027_ALU/Hws/HW1/gate_level/FLP_adder/Area/round5/netlist.v:778,
  delay will still be annotated.


Warning-[SDFCOM_IWSBA] INTERCONNECT will still be annotated
/MasterClass/M143010027_ALU/Hws/HW1/gate_level/FLP_adder/Area/round5/timing.sdf, 1821
module: XOR2D1BWP16P90LVT, "instance: testbench.test_module.add_95.U22"
  SDF Warning: INTERCONNECT from add_95.U22.Z to U506.B1 has Instance at 
  /MasterClass/M143010027_ALU/Hws/HW1/gate_level/FLP_adder/Area/round5/netlist.v:778,
  delay will still be annotated.


Warning-[SDFCOM_IWSBA] INTERCONNECT will still be annotated
/MasterClass/M143010027_ALU/Hws/HW1/gate_level/FLP_adder/Area/round5/timing.sdf, 1825
module: XOR2D1BWP16P90LVT, "instance: testbench.test_module.add_95.U21"
  SDF Warning: INTERCONNECT from add_95.U21.Z to U505.B1 has Instance at 
  /MasterClass/M143010027_ALU/Hws/HW1/gate_level/FLP_adder/Area/round5/netlist.v:778,
  delay will still be annotated.


Warning-[SDFCOM_IWSBA] INTERCONNECT will still be annotated
/MasterClass/M143010027_ALU/Hws/HW1/gate_level/FLP_adder/Area/round5/timing.sdf, 1829
module: XOR2D1BWP16P90LVT, "instance: testbench.test_module.add_95.U20"
  SDF Warning: INTERCONNECT from add_95.U20.Z to U504.B1 has Instance at 
  /MasterClass/M143010027_ALU/Hws/HW1/gate_level/FLP_adder/Area/round5/netlist.v:778,
  delay will still be annotated.


Warning-[SDFCOM_IWSBA] INTERCONNECT will still be annotated
/MasterClass/M143010027_ALU/Hws/HW1/gate_level/FLP_adder/Area/round5/timing.sdf, 1840
module: XOR2D1BWP16P90LVT, "instance: testbench.test_module.add_95.U19"
  SDF Warning: INTERCONNECT from add_95.U19.Z to U501.B1 has Instance at 
  /MasterClass/M143010027_ALU/Hws/HW1/gate_level/FLP_adder/Area/round5/netlist.v:778,
  delay will still be annotated.


Warning-[SDFCOM_IWSBA] INTERCONNECT will still be annotated
/MasterClass/M143010027_ALU/Hws/HW1/gate_level/FLP_adder/Area/round5/timing.sdf, 1844
module: XOR2D1BWP16P90LVT, "instance: testbench.test_module.add_95.U18"
  SDF Warning: INTERCONNECT from add_95.U18.Z to U500.B1 has Instance at 
  /MasterClass/M143010027_ALU/Hws/HW1/gate_level/FLP_adder/Area/round5/netlist.v:778,
  delay will still be annotated.


Warning-[SDFCOM_IWSBA] INTERCONNECT will still be annotated
/MasterClass/M143010027_ALU/Hws/HW1/gate_level/FLP_adder/Area/round5/timing.sdf, 1848
module: XOR2D1BWP16P90LVT, "instance: testbench.test_module.add_95.U17"
  SDF Warning: INTERCONNECT from add_95.U17.Z to U499.B1 has Instance at 
  /MasterClass/M143010027_ALU/Hws/HW1/gate_level/FLP_adder/Area/round5/netlist.v:778,
  delay will still be annotated.


Warning-[SDFCOM_IWSBA] INTERCONNECT will still be annotated
/MasterClass/M143010027_ALU/Hws/HW1/gate_level/FLP_adder/Area/round5/timing.sdf, 1852
module: XOR2D1BWP16P90LVT, "instance: testbench.test_module.add_95.U16"
  SDF Warning: INTERCONNECT from add_95.U16.Z to U498.B1 has Instance at 
  /MasterClass/M143010027_ALU/Hws/HW1/gate_level/FLP_adder/Area/round5/netlist.v:778,
  delay will still be annotated.


Warning-[SDFCOM_IWSBA] INTERCONNECT will still be annotated
/MasterClass/M143010027_ALU/Hws/HW1/gate_level/FLP_adder/Area/round5/timing.sdf, 1960
module: XOR2D1BWP16P90LVT, "instance: testbench.test_module.add_95.U1"
  SDF Warning: INTERCONNECT from add_95.U1.Z to U458.B1 has Instance at 
  /MasterClass/M143010027_ALU/Hws/HW1/gate_level/FLP_adder/Area/round5/netlist.v:778,
  delay will still be annotated.


Warning-[SDFCOM_SWC] Simple Wire Connection
/MasterClass/M143010027_ALU/Hws/HW1/gate_level/FLP_adder/Area/round5/timing.sdf, 2096
module: CKND1BWP16P90LVT, "instance: testbench.test_module.U778"
  SDF Warning: The path from U778.ZN to sub_55.U67.I doesn't have a simple 
  wire connection, delay will still be annotated.


Warning-[SDFCOM_SWC] Simple Wire Connection
/MasterClass/M143010027_ALU/Hws/HW1/gate_level/FLP_adder/Area/round5/timing.sdf, 2097
module: CKND1BWP16P90LVT, "instance: testbench.test_module.U777"
  SDF Warning: The path from U777.ZN to sub_55.U66.I doesn't have a simple 
  wire connection, delay will still be annotated.


Warning-[SDFCOM_SWC] Simple Wire Connection
/MasterClass/M143010027_ALU/Hws/HW1/gate_level/FLP_adder/Area/round5/timing.sdf, 2098
module: CKND1BWP16P90LVT, "instance: testbench.test_module.U776"
  SDF Warning: The path from U776.ZN to sub_55.U65.I doesn't have a simple 
  wire connection, delay will still be annotated.


Warning-[SDFCOM_SWC] Simple Wire Connection
/MasterClass/M143010027_ALU/Hws/HW1/gate_level/FLP_adder/Area/round5/timing.sdf, 2099
module: CKND1BWP16P90LVT, "instance: testbench.test_module.U775"
  SDF Warning: The path from U775.ZN to sub_55.U64.I doesn't have a simple 
  wire connection, delay will still be annotated.


Warning-[SDFCOM_SWC] Simple Wire Connection
/MasterClass/M143010027_ALU/Hws/HW1/gate_level/FLP_adder/Area/round5/timing.sdf, 2100
module: CKND1BWP16P90LVT, "instance: testbench.test_module.U774"
  SDF Warning: The path from U774.ZN to sub_55.U63.I doesn't have a simple 
  wire connection, delay will still be annotated.


Warning-[SDFCOM_SWC] Simple Wire Connection
/MasterClass/M143010027_ALU/Hws/HW1/gate_level/FLP_adder/Area/round5/timing.sdf, 2101
module: CKND1BWP16P90LVT, "instance: testbench.test_module.U773"
  SDF Warning: The path from U773.ZN to sub_55.U62.I doesn't have a simple 
  wire connection, delay will still be annotated.


Warning-[SDFCOM_SWC] Simple Wire Connection
/MasterClass/M143010027_ALU/Hws/HW1/gate_level/FLP_adder/Area/round5/timing.sdf, 2102
module: CKND1BWP16P90LVT, "instance: testbench.test_module.U772"
  SDF Warning: The path from U772.ZN to sub_55.U61.I doesn't have a simple 
  wire connection, delay will still be annotated.


Warning-[SDFCOM_SWC] Simple Wire Connection
/MasterClass/M143010027_ALU/Hws/HW1/gate_level/FLP_adder/Area/round5/timing.sdf, 2103
module: CKND1BWP16P90LVT, "instance: testbench.test_module.U771"
  SDF Warning: The path from U771.ZN to sub_55.U60.I doesn't have a simple 
  wire connection, delay will still be annotated.


Warning-[SDFCOM_SWC] Simple Wire Connection
/MasterClass/M143010027_ALU/Hws/HW1/gate_level/FLP_adder/Area/round5/timing.sdf, 2104
module: CKND1BWP16P90LVT, "instance: testbench.test_module.U770"
  SDF Warning: The path from U770.ZN to sub_55.U59.I doesn't have a simple 
  wire connection, delay will still be annotated.


Warning-[SDFCOM_SWC] Simple Wire Connection
/MasterClass/M143010027_ALU/Hws/HW1/gate_level/FLP_adder/Area/round5/timing.sdf, 2105
module: CKND1BWP16P90LVT, "instance: testbench.test_module.U769"
  SDF Warning: The path from U769.ZN to sub_55.U58.I doesn't have a simple 
  wire connection, delay will still be annotated.


Warning-[SDFCOM_SWC] Simple Wire Connection
/MasterClass/M143010027_ALU/Hws/HW1/gate_level/FLP_adder/Area/round5/timing.sdf, 2106
module: CKND1BWP16P90LVT, "instance: testbench.test_module.U768"
  SDF Warning: The path from U768.ZN to sub_55.U57.I doesn't have a simple 
  wire connection, delay will still be annotated.


Warning-[SDFCOM_SWC] Simple Wire Connection
/MasterClass/M143010027_ALU/Hws/HW1/gate_level/FLP_adder/Area/round5/timing.sdf, 2107
module: CKND1BWP16P90LVT, "instance: testbench.test_module.U767"
  SDF Warning: The path from U767.ZN to sub_55.U56.I doesn't have a simple 
  wire connection, delay will still be annotated.


Warning-[SDFCOM_SWC] Simple Wire Connection
/MasterClass/M143010027_ALU/Hws/HW1/gate_level/FLP_adder/Area/round5/timing.sdf, 2108
module: CKND1BWP16P90LVT, "instance: testbench.test_module.U766"
  SDF Warning: The path from U766.ZN to sub_55.U55.I doesn't have a simple 
  wire connection, delay will still be annotated.


Warning-[SDFCOM_SWC] Simple Wire Connection
/MasterClass/M143010027_ALU/Hws/HW1/gate_level/FLP_adder/Area/round5/timing.sdf, 2109
module: CKND1BWP16P90LVT, "instance: testbench.test_module.U765"
  SDF Warning: The path from U765.ZN to sub_55.U54.I doesn't have a simple 
  wire connection, delay will still be annotated.


Warning-[SDFCOM_SWC] Simple Wire Connection
/MasterClass/M143010027_ALU/Hws/HW1/gate_level/FLP_adder/Area/round5/timing.sdf, 2110
module: CKND1BWP16P90LVT, "instance: testbench.test_module.U764"
  SDF Warning: The path from U764.ZN to sub_55.U53.I doesn't have a simple 
  wire connection, delay will still be annotated.


Warning-[SDFCOM_SWC] Simple Wire Connection
/MasterClass/M143010027_ALU/Hws/HW1/gate_level/FLP_adder/Area/round5/timing.sdf, 2111
module: CKND1BWP16P90LVT, "instance: testbench.test_module.U763"
  SDF Warning: The path from U763.ZN to sub_55.U52.I doesn't have a simple 
  wire connection, delay will still be annotated.


Warning-[SDFCOM_SWC] Simple Wire Connection
/MasterClass/M143010027_ALU/Hws/HW1/gate_level/FLP_adder/Area/round5/timing.sdf, 2112
module: CKND1BWP16P90LVT, "instance: testbench.test_module.U762"
  SDF Warning: The path from U762.ZN to sub_55.U51.I doesn't have a simple 
  wire connection, delay will still be annotated.


Warning-[SDFCOM_SWC] Simple Wire Connection
/MasterClass/M143010027_ALU/Hws/HW1/gate_level/FLP_adder/Area/round5/timing.sdf, 2113
module: CKND1BWP16P90LVT, "instance: testbench.test_module.U761"
  SDF Warning: The path from U761.ZN to sub_55.U50.I doesn't have a simple 
  wire connection, delay will still be annotated.


Warning-[SDFCOM_SWC] Simple Wire Connection
/MasterClass/M143010027_ALU/Hws/HW1/gate_level/FLP_adder/Area/round5/timing.sdf, 2114
module: CKND1BWP16P90LVT, "instance: testbench.test_module.U760"
  SDF Warning: The path from U760.ZN to sub_55.U49.I doesn't have a simple 
  wire connection, delay will still be annotated.


Warning-[SDFCOM_SWC] Simple Wire Connection
/MasterClass/M143010027_ALU/Hws/HW1/gate_level/FLP_adder/Area/round5/timing.sdf, 2115
module: CKND1BWP16P90LVT, "instance: testbench.test_module.U759"
  SDF Warning: The path from U759.ZN to sub_55.U48.I doesn't have a simple 
  wire connection, delay will still be annotated.


Warning-[SDFCOM_SWC] Simple Wire Connection
/MasterClass/M143010027_ALU/Hws/HW1/gate_level/FLP_adder/Area/round5/timing.sdf, 2116
module: CKND1BWP16P90LVT, "instance: testbench.test_module.U758"
  SDF Warning: The path from U758.ZN to sub_55.U47.I doesn't have a simple 
  wire connection, delay will still be annotated.


Warning-[SDFCOM_SWC] Simple Wire Connection
/MasterClass/M143010027_ALU/Hws/HW1/gate_level/FLP_adder/Area/round5/timing.sdf, 2117
module: CKND1BWP16P90LVT, "instance: testbench.test_module.U755"
  SDF Warning: The path from U755.ZN to sub_55.U46.I doesn't have a simple 
  wire connection, delay will still be annotated.


Warning-[SDFCOM_SWC] Simple Wire Connection
/MasterClass/M143010027_ALU/Hws/HW1/gate_level/FLP_adder/Area/round5/timing.sdf, 2204
module: CKND1BWP16P90LVT, "instance: testbench.test_module.U754"
  SDF Warning: The path from U754.ZN to sub_55.U2.I doesn't have a simple wire
  connection, delay will still be annotated.


Warning-[SDFCOM_SWC] Simple Wire Connection
/MasterClass/M143010027_ALU/Hws/HW1/gate_level/FLP_adder/Area/round5/timing.sdf, 2211
module: CKND1BWP16P90LVT, "instance: testbench.test_module.U748"
  SDF Warning: The path from U748.ZN to sub_56.U65.I doesn't have a simple 
  wire connection, delay will still be annotated.


Warning-[SDFCOM_SWC] Simple Wire Connection
/MasterClass/M143010027_ALU/Hws/HW1/gate_level/FLP_adder/Area/round5/timing.sdf, 2214
module: CKND1BWP16P90LVT, "instance: testbench.test_module.U745"
  SDF Warning: The path from U745.ZN to sub_56.U63.I doesn't have a simple 
  wire connection, delay will still be annotated.


Warning-[SDFCOM_SWC] Simple Wire Connection
/MasterClass/M143010027_ALU/Hws/HW1/gate_level/FLP_adder/Area/round5/timing.sdf, 2215
module: CKND1BWP16P90LVT, "instance: testbench.test_module.U744"
  SDF Warning: The path from U744.ZN to sub_56.U62.I doesn't have a simple 
  wire connection, delay will still be annotated.


Warning-[SDFCOM_SWC] Simple Wire Connection
/MasterClass/M143010027_ALU/Hws/HW1/gate_level/FLP_adder/Area/round5/timing.sdf, 2218
module: CKND1BWP16P90LVT, "instance: testbench.test_module.U741"
  SDF Warning: The path from U741.ZN to sub_56.U60.I doesn't have a simple 
  wire connection, delay will still be annotated.


Warning-[SDFCOM_SWC] Simple Wire Connection
/MasterClass/M143010027_ALU/Hws/HW1/gate_level/FLP_adder/Area/round5/timing.sdf, 2221
module: CKND1BWP16P90LVT, "instance: testbench.test_module.U739"
  SDF Warning: The path from U739.ZN to sub_56.U58.I doesn't have a simple 
  wire connection, delay will still be annotated.


Warning-[SDFCOM_SWC] Simple Wire Connection
/MasterClass/M143010027_ALU/Hws/HW1/gate_level/FLP_adder/Area/round5/timing.sdf, 2224
module: CKND1BWP16P90LVT, "instance: testbench.test_module.U737"
  SDF Warning: The path from U737.ZN to sub_56.U56.I doesn't have a simple 
  wire connection, delay will still be annotated.


Warning-[SDFCOM_SWC] Simple Wire Connection
/MasterClass/M143010027_ALU/Hws/HW1/gate_level/FLP_adder/Area/round5/timing.sdf, 2227
module: CKND1BWP16P90LVT, "instance: testbench.test_module.U734"
  SDF Warning: The path from U734.ZN to sub_56.U54.I doesn't have a simple 
  wire connection, delay will still be annotated.


Warning-[SDFCOM_SWC] Simple Wire Connection
/MasterClass/M143010027_ALU/Hws/HW1/gate_level/FLP_adder/Area/round5/timing.sdf, 2228
module: CKND1BWP16P90LVT, "instance: testbench.test_module.U733"
  SDF Warning: The path from U733.ZN to sub_56.U53.I doesn't have a simple 
  wire connection, delay will still be annotated.


Warning-[SDFCOM_SWC] Simple Wire Connection
/MasterClass/M143010027_ALU/Hws/HW1/gate_level/FLP_adder/Area/round5/timing.sdf, 2231
module: CKND1BWP16P90LVT, "instance: testbench.test_module.U730"
  SDF Warning: The path from U730.ZN to sub_56.U51.I doesn't have a simple 
  wire connection, delay will still be annotated.


Warning-[SDFCOM_SWC] Simple Wire Connection
/MasterClass/M143010027_ALU/Hws/HW1/gate_level/FLP_adder/Area/round5/timing.sdf, 2234
module: CKND1BWP16P90LVT, "instance: testbench.test_module.U725"
  SDF Warning: The path from U725.ZN to sub_56.U49.I doesn't have a simple 
  wire connection, delay will still be annotated.


Warning-[SDFCOM_SWC] Simple Wire Connection
/MasterClass/M143010027_ALU/Hws/HW1/gate_level/FLP_adder/Area/round5/timing.sdf, 2237
module: CKND1BWP16P90LVT, "instance: testbench.test_module.U723"
  SDF Warning: The path from U723.ZN to sub_56.U47.I doesn't have a simple 
  wire connection, delay will still be annotated.


Warning-[SDFCOM_SWC] Simple Wire Connection
/MasterClass/M143010027_ALU/Hws/HW1/gate_level/FLP_adder/Area/round5/timing.sdf, 2240
module: CKND1BWP16P90LVT, "instance: testbench.test_module.U713"
  SDF Warning: The path from U713.ZN to sub_56.U45.I doesn't have a simple 
  wire connection, delay will still be annotated.


Warning-[SDFCOM_SWC] Simple Wire Connection
/MasterClass/M143010027_ALU/Hws/HW1/gate_level/FLP_adder/Area/round5/timing.sdf, 2243
module: CKND1BWP16P90LVT, "instance: testbench.test_module.U711"
  SDF Warning: The path from U711.ZN to sub_56.U43.I doesn't have a simple 
  wire connection, delay will still be annotated.


Warning-[SDFCOM_SWC] Simple Wire Connection
/MasterClass/M143010027_ALU/Hws/HW1/gate_level/FLP_adder/Area/round5/timing.sdf, 2248
module: CKND1BWP16P90LVT, "instance: testbench.test_module.U708"
  SDF Warning: The path from U708.ZN to sub_56.U40.I doesn't have a simple 
  wire connection, delay will still be annotated.


Warning-[SDFCOM_SWC] Simple Wire Connection
/MasterClass/M143010027_ALU/Hws/HW1/gate_level/FLP_adder/Area/round5/timing.sdf, 2251
module: CKND1BWP16P90LVT, "instance: testbench.test_module.U706"
  SDF Warning: The path from U706.ZN to sub_56.U38.I doesn't have a simple 
  wire connection, delay will still be annotated.


Warning-[SDFCOM_SWC] Simple Wire Connection
/MasterClass/M143010027_ALU/Hws/HW1/gate_level/FLP_adder/Area/round5/timing.sdf, 2252
module: CKND1BWP16P90LVT, "instance: testbench.test_module.U705"
  SDF Warning: The path from U705.ZN to sub_56.U37.I doesn't have a simple 
  wire connection, delay will still be annotated.


Warning-[SDFCOM_SWC] Simple Wire Connection
/MasterClass/M143010027_ALU/Hws/HW1/gate_level/FLP_adder/Area/round5/timing.sdf, 2255
module: CKND1BWP16P90LVT, "instance: testbench.test_module.U703"
  SDF Warning: The path from U703.ZN to sub_56.U35.I doesn't have a simple 
  wire connection, delay will still be annotated.


Warning-[SDFCOM_SWC] Simple Wire Connection
/MasterClass/M143010027_ALU/Hws/HW1/gate_level/FLP_adder/Area/round5/timing.sdf, 2258
module: CKND1BWP16P90LVT, "instance: testbench.test_module.U701"
  SDF Warning: The path from U701.ZN to sub_56.U33.I doesn't have a simple 
  wire connection, delay will still be annotated.


Warning-[SDFCOM_SWC] Simple Wire Connection
/MasterClass/M143010027_ALU/Hws/HW1/gate_level/FLP_adder/Area/round5/timing.sdf, 2261
module: CKND1BWP16P90LVT, "instance: testbench.test_module.U699"
  SDF Warning: The path from U699.ZN to sub_56.U31.I doesn't have a simple 
  wire connection, delay will still be annotated.


Warning-[SDFCOM_SWC] Simple Wire Connection
/MasterClass/M143010027_ALU/Hws/HW1/gate_level/FLP_adder/Area/round5/timing.sdf, 2264
module: CKND1BWP16P90LVT, "instance: testbench.test_module.U697"
  SDF Warning: The path from U697.ZN to sub_56.U29.I doesn't have a simple 
  wire connection, delay will still be annotated.


Warning-[SDFCOM_SWC] Simple Wire Connection
/MasterClass/M143010027_ALU/Hws/HW1/gate_level/FLP_adder/Area/round5/timing.sdf, 2267
module: CKND1BWP16P90LVT, "instance: testbench.test_module.U695"
  SDF Warning: The path from U695.ZN to sub_56.U27.I doesn't have a simple 
  wire connection, delay will still be annotated.


Warning-[SDFCOM_SWC] Simple Wire Connection
/MasterClass/M143010027_ALU/Hws/HW1/gate_level/FLP_adder/Area/round5/timing.sdf, 2270
module: CKND1BWP16P90LVT, "instance: testbench.test_module.U692"
  SDF Warning: The path from U692.ZN to sub_56.U25.I doesn't have a simple 
  wire connection, delay will still be annotated.


Warning-[SDFCOM_SWC] Simple Wire Connection
/MasterClass/M143010027_ALU/Hws/HW1/gate_level/FLP_adder/Area/round5/timing.sdf, 2273
module: CKND1BWP16P90LVT, "instance: testbench.test_module.U693"
  SDF Warning: The path from U693.ZN to sub_56.U23.I doesn't have a simple 
  wire connection, delay will still be annotated.


Warning-[SDFCOM_SWC] Simple Wire Connection
/MasterClass/M143010027_ALU/Hws/HW1/gate_level/FLP_adder/Area/round5/timing.sdf, 2319
module: IOA22D1BWP16P90LVT, "instance: testbench.test_module.U757"
  SDF Warning: The path from U757.ZN to add_60.U2.A2 doesn't have a simple 
  wire connection, delay will still be annotated.


Warning-[SDFCOM_SWC] Simple Wire Connection
/MasterClass/M143010027_ALU/Hws/HW1/gate_level/FLP_adder/Area/round5/timing.sdf, 2321
module: IOA22D1BWP16P90LVT, "instance: testbench.test_module.U757"
  SDF Warning: The path from U757.ZN to add_60.U1.A2 doesn't have a simple 
  wire connection, delay will still be annotated.


Warning-[SDFCOM_SWC] Simple Wire Connection
/MasterClass/M143010027_ALU/Hws/HW1/gate_level/FLP_adder/Area/round5/timing.sdf, 2322
module: OAI22D1BWP16P90LVT, "instance: testbench.test_module.U756"
  SDF Warning: The path from U756.ZN to add_60.U1_26.A doesn't have a simple 
  wire connection, delay will still be annotated.


Warning-[SDFCOM_SWC] Simple Wire Connection
/MasterClass/M143010027_ALU/Hws/HW1/gate_level/FLP_adder/Area/round5/timing.sdf, 2325
module: OAI22D1BWP16P90LVT, "instance: testbench.test_module.U756"
  SDF Warning: The path from U756.ZN to add_60.U1_27.A1 doesn't have a simple 
  wire connection, delay will still be annotated.


Warning-[SDFCOM_SWC] Simple Wire Connection
/MasterClass/M143010027_ALU/Hws/HW1/gate_level/FLP_adder/Area/round5/timing.sdf, 2328
module: IND2D1BWP16P90LVT, "instance: testbench.test_module.U649"
  SDF Warning: The path from U649.ZN to add_60.U1_25.A doesn't have a simple 
  wire connection, delay will still be annotated.


Warning-[SDFCOM_SWC] Simple Wire Connection
/MasterClass/M143010027_ALU/Hws/HW1/gate_level/FLP_adder/Area/round5/timing.sdf, 2331
module: IOA22D1BWP16P90LVT, "instance: testbench.test_module.U678"
  SDF Warning: The path from U678.ZN to add_60.U1_3.A doesn't have a simple 
  wire connection, delay will still be annotated.


Warning-[SDFCOM_SWC] Simple Wire Connection
/MasterClass/M143010027_ALU/Hws/HW1/gate_level/FLP_adder/Area/round5/timing.sdf, 2334
module: IOA22D1BWP16P90LVT, "instance: testbench.test_module.U679"
  SDF Warning: The path from U679.ZN to add_60.U1_4.A doesn't have a simple 
  wire connection, delay will still be annotated.


Warning-[SDFCOM_SWC] Simple Wire Connection
/MasterClass/M143010027_ALU/Hws/HW1/gate_level/FLP_adder/Area/round5/timing.sdf, 2337
module: IOA22D1BWP16P90LVT, "instance: testbench.test_module.U680"
  SDF Warning: The path from U680.ZN to add_60.U1_5.A doesn't have a simple 
  wire connection, delay will still be annotated.


Warning-[SDFCOM_SWC] Simple Wire Connection
/MasterClass/M143010027_ALU/Hws/HW1/gate_level/FLP_adder/Area/round5/timing.sdf, 2340
module: IOA22D1BWP16P90LVT, "instance: testbench.test_module.U681"
  SDF Warning: The path from U681.ZN to add_60.U1_8.A doesn't have a simple 
  wire connection, delay will still be annotated.


Warning-[SDFCOM_SWC] Simple Wire Connection
/MasterClass/M143010027_ALU/Hws/HW1/gate_level/FLP_adder/Area/round5/timing.sdf, 2343
module: IOA22D1BWP16P90LVT, "instance: testbench.test_module.U682"
  SDF Warning: The path from U682.ZN to add_60.U1_9.A doesn't have a simple 
  wire connection, delay will still be annotated.


Warning-[SDFCOM_SWC] Simple Wire Connection
/MasterClass/M143010027_ALU/Hws/HW1/gate_level/FLP_adder/Area/round5/timing.sdf, 2346
module: IOA22D1BWP16P90LVT, "instance: testbench.test_module.U683"
  SDF Warning: The path from U683.ZN to add_60.U1_10.A doesn't have a simple 
  wire connection, delay will still be annotated.


Warning-[SDFCOM_SWC] Simple Wire Connection
/MasterClass/M143010027_ALU/Hws/HW1/gate_level/FLP_adder/Area/round5/timing.sdf, 2349
module: IOA22D1BWP16P90LVT, "instance: testbench.test_module.U684"
  SDF Warning: The path from U684.ZN to add_60.U1_11.A doesn't have a simple 
  wire connection, delay will still be annotated.


Warning-[SDFCOM_SWC] Simple Wire Connection
/MasterClass/M143010027_ALU/Hws/HW1/gate_level/FLP_adder/Area/round5/timing.sdf, 2352
module: IOA22D1BWP16P90LVT, "instance: testbench.test_module.U685"
  SDF Warning: The path from U685.ZN to add_60.U1_15.A doesn't have a simple 
  wire connection, delay will still be annotated.


Warning-[SDFCOM_SWC] Simple Wire Connection
/MasterClass/M143010027_ALU/Hws/HW1/gate_level/FLP_adder/Area/round5/timing.sdf, 2355
module: IOA22D1BWP16P90LVT, "instance: testbench.test_module.U686"
  SDF Warning: The path from U686.ZN to add_60.U1_20.A doesn't have a simple 
  wire connection, delay will still be annotated.


Warning-[SDFCOM_SWC] Simple Wire Connection
/MasterClass/M143010027_ALU/Hws/HW1/gate_level/FLP_adder/Area/round5/timing.sdf, 2358
module: IOA22D1BWP16P90LVT, "instance: testbench.test_module.U687"
  SDF Warning: The path from U687.ZN to add_60.U1_24.A doesn't have a simple 
  wire connection, delay will still be annotated.


Warning-[SDFCOM_SWC] Simple Wire Connection
/MasterClass/M143010027_ALU/Hws/HW1/gate_level/FLP_adder/Area/round5/timing.sdf, 2361
module: IOA22D1BWP16P90LVT, "instance: testbench.test_module.U688"
  SDF Warning: The path from U688.ZN to add_60.U1_6.A doesn't have a simple 
  wire connection, delay will still be annotated.


Warning-[SDFCOM_SWC] Simple Wire Connection
/MasterClass/M143010027_ALU/Hws/HW1/gate_level/FLP_adder/Area/round5/timing.sdf, 2364
module: IOA22D1BWP16P90LVT, "instance: testbench.test_module.U689"
  SDF Warning: The path from U689.ZN to add_60.U1_12.A doesn't have a simple 
  wire connection, delay will still be annotated.


Warning-[SDFCOM_SWC] Simple Wire Connection
/MasterClass/M143010027_ALU/Hws/HW1/gate_level/FLP_adder/Area/round5/timing.sdf, 2367
module: IOA22D1BWP16P90LVT, "instance: testbench.test_module.U690"
  SDF Warning: The path from U690.ZN to add_60.U1_16.A doesn't have a simple 
  wire connection, delay will still be annotated.


Warning-[SDFCOM_SWC] Simple Wire Connection
/MasterClass/M143010027_ALU/Hws/HW1/gate_level/FLP_adder/Area/round5/timing.sdf, 2370
module: IOA22D1BWP16P90LVT, "instance: testbench.test_module.U691"
  SDF Warning: The path from U691.ZN to add_60.U1_21.A doesn't have a simple 
  wire connection, delay will still be annotated.


Warning-[SDFCOM_SWC] Simple Wire Connection
/MasterClass/M143010027_ALU/Hws/HW1/gate_level/FLP_adder/Area/round5/timing.sdf, 2373
module: IOA22D1BWP16P90LVT, "instance: testbench.test_module.U672"
  SDF Warning: The path from U672.ZN to add_60.U1_7.A doesn't have a simple 
  wire connection, delay will still be annotated.


Warning-[SDFCOM_SWC] Simple Wire Connection
/MasterClass/M143010027_ALU/Hws/HW1/gate_level/FLP_adder/Area/round5/timing.sdf, 2376
module: IOA22D1BWP16P90LVT, "instance: testbench.test_module.U674"
  SDF Warning: The path from U674.ZN to add_60.U1_13.A doesn't have a simple 
  wire connection, delay will still be annotated.


Warning-[SDFCOM_SWC] Simple Wire Connection
/MasterClass/M143010027_ALU/Hws/HW1/gate_level/FLP_adder/Area/round5/timing.sdf, 2379
module: IOA22D1BWP16P90LVT, "instance: testbench.test_module.U669"
  SDF Warning: The path from U669.ZN to add_60.U1_14.A doesn't have a simple 
  wire connection, delay will still be annotated.


Warning-[SDFCOM_SWC] Simple Wire Connection
/MasterClass/M143010027_ALU/Hws/HW1/gate_level/FLP_adder/Area/round5/timing.sdf, 2382
module: IOA22D1BWP16P90LVT, "instance: testbench.test_module.U675"
  SDF Warning: The path from U675.ZN to add_60.U1_17.A doesn't have a simple 
  wire connection, delay will still be annotated.


Warning-[SDFCOM_SWC] Simple Wire Connection
/MasterClass/M143010027_ALU/Hws/HW1/gate_level/FLP_adder/Area/round5/timing.sdf, 2385
module: IOA22D1BWP16P90LVT, "instance: testbench.test_module.U673"
  SDF Warning: The path from U673.ZN to add_60.U1_18.A doesn't have a simple 
  wire connection, delay will still be annotated.


Warning-[SDFCOM_SWC] Simple Wire Connection
/MasterClass/M143010027_ALU/Hws/HW1/gate_level/FLP_adder/Area/round5/timing.sdf, 2388
module: IOA22D1BWP16P90LVT, "instance: testbench.test_module.U670"
  SDF Warning: The path from U670.ZN to add_60.U1_19.A doesn't have a simple 
  wire connection, delay will still be annotated.


Warning-[SDFCOM_SWC] Simple Wire Connection
/MasterClass/M143010027_ALU/Hws/HW1/gate_level/FLP_adder/Area/round5/timing.sdf, 2391
module: IOA22D1BWP16P90LVT, "instance: testbench.test_module.U676"
  SDF Warning: The path from U676.ZN to add_60.U1_22.A doesn't have a simple 
  wire connection, delay will still be annotated.


Warning-[SDFCOM_SWC] Simple Wire Connection
/MasterClass/M143010027_ALU/Hws/HW1/gate_level/FLP_adder/Area/round5/timing.sdf, 2394
module: IOA22D1BWP16P90LVT, "instance: testbench.test_module.U671"
  SDF Warning: The path from U671.ZN to add_60.U1_23.A doesn't have a simple 
  wire connection, delay will still be annotated.


Warning-[SDFCOM_IWSBA] INTERCONNECT will still be annotated
/MasterClass/M143010027_ALU/Hws/HW1/gate_level/FLP_adder/Area/round5/timing.sdf, 2515
module: MUX2D1BWP16P90LVT, "instance: testbench.test_module.U906"
  SDF Warning: INTERCONNECT from U906.Z to sub_64.U9.I has Instance at 
  /MasterClass/M143010027_ALU/Hws/HW1/gate_level/FLP_adder/Area/round5/netlist.v:798,
  delay will still be annotated.


Warning-[SDFCOM_IWSBA] INTERCONNECT will still be annotated
/MasterClass/M143010027_ALU/Hws/HW1/gate_level/FLP_adder/Area/round5/timing.sdf, 2518
module: MUX2D1BWP16P90LVT, "instance: testbench.test_module.U976"
  SDF Warning: INTERCONNECT from U976.Z to sub_64.U7.I has Instance at 
  /MasterClass/M143010027_ALU/Hws/HW1/gate_level/FLP_adder/Area/round5/netlist.v:798,
  delay will still be annotated.


Warning-[SDFCOM_SWC] Simple Wire Connection
/MasterClass/M143010027_ALU/Hws/HW1/gate_level/FLP_adder/Area/round5/timing.sdf, 2629
module: MUX2D1BWP16P90LVT, "instance: testbench.test_module.U906"
  SDF Warning: The path from U906.Z to U308.A1 doesn't have a simple wire 
  connection, delay will still be annotated.


Warning-[SDFCOM_IWSBA] INTERCONNECT will still be annotated
/MasterClass/M143010027_ALU/Hws/HW1/gate_level/FLP_adder/Area/round5/timing.sdf, 2631
module: MUX2D1BWP16P90LVT, "instance: testbench.test_module.U906"
  SDF Warning: INTERCONNECT from U906.Z to U308.B1 has Instance at 
  /MasterClass/M143010027_ALU/Hws/HW1/gate_level/FLP_adder/Area/round5/netlist.v:795,
  delay will still be annotated.


          Total errors: 0
          Total warnings: 151
   ***    SDF annotation completed: Mon Oct  5 20:44:21 2026


