
   ***   $sdf_annotate() version 1.2R
   ***    SDF file: "/MasterClass/M143010027_ALU/Hws/HW1/gate_level/FLP_adder_4/Between/round1/timing.sdf"
   ***    Annotation scope: testbench.test_module
   ***    SDF Annotator log file: "sdf_annotation.log"
   ***    MTM selection: "MAXIMUM"
   ***    No SCALE FACTORS argument specified
   ***    No SCALE TYPE argument specified
   ***    SCALE FACTORS defaulted to "1.0:1.0:1.0":
   ***    SCALE TYPE defaulted to: "FROM_MTM"
   ***    Turnoff delay: "FROM_FILE"
   ***    Approximation (mipd) policy: "MAXIMUM"

   ***    SDF annotation begin: Mon Oct  5 20:48:54 2026


SDF Info: +pulse_r/100, +pulse_e/100 in effect

Warning-[SDFCOM_SWC] Simple Wire Connection
/MasterClass/M143010027_ALU/Hws/HW1/gate_level/FLP_adder_4/Between/round1/timing.sdf, 22
module: XOR2D1BWP16P90LVT, "instance: testbench.test_module.sub_110.U84"
  SDF Warning: The path from sub_110.U84.Z to U1524.A1 doesn't have a simple 
  wire connection, delay will still be annotated.


Warning-[SDFCOM_SWC] Simple Wire Connection
/MasterClass/M143010027_ALU/Hws/HW1/gate_level/FLP_adder_4/Between/round1/timing.sdf, 26
module: XOR2D1BWP16P90, "instance: testbench.test_module.sub_110.U61"
  SDF Warning: The path from sub_110.U61.Z to U1522.A1 doesn't have a simple 
  wire connection, delay will still be annotated.


Warning-[SDFCOM_SWC] Simple Wire Connection
/MasterClass/M143010027_ALU/Hws/HW1/gate_level/FLP_adder_4/Between/round1/timing.sdf, 35
module: XNR2D1BWP16P90, "instance: testbench.test_module.sub_110.U65"
  SDF Warning: The path from sub_110.U65.ZN to U1518.A1 doesn't have a simple 
  wire connection, delay will still be annotated.


Warning-[SDFCOM_SWC] Simple Wire Connection
/MasterClass/M143010027_ALU/Hws/HW1/gate_level/FLP_adder_4/Between/round1/timing.sdf, 44
module: XOR2D1BWP16P90, "instance: testbench.test_module.sub_110.U63"
  SDF Warning: The path from sub_110.U63.Z to U1514.A1 doesn't have a simple 
  wire connection, delay will still be annotated.


Warning-[SDFCOM_SWC] Simple Wire Connection
/MasterClass/M143010027_ALU/Hws/HW1/gate_level/FLP_adder_4/Between/round1/timing.sdf, 53
module: XNR2D1BWP16P90, "instance: testbench.test_module.sub_110.U66"
  SDF Warning: The path from sub_110.U66.ZN to U1510.A1 doesn't have a simple 
  wire connection, delay will still be annotated.


Warning-[SDFCOM_SWC] Simple Wire Connection
/MasterClass/M143010027_ALU/Hws/HW1/gate_level/FLP_adder_4/Between/round1/timing.sdf, 62
module: XOR2D1BWP16P90LVT, "instance: testbench.test_module.sub_110.U82"
  SDF Warning: The path from sub_110.U82.Z to U1506.A1 doesn't have a simple 
  wire connection, delay will still be annotated.


Warning-[SDFCOM_SWC] Simple Wire Connection
/MasterClass/M143010027_ALU/Hws/HW1/gate_level/FLP_adder_4/Between/round1/timing.sdf, 71
module: XOR2D1BWP16P90LVT, "instance: testbench.test_module.sub_110.U83"
  SDF Warning: The path from sub_110.U83.Z to U1502.A1 doesn't have a simple 
  wire connection, delay will still be annotated.


Warning-[SDFCOM_SWC] Simple Wire Connection
/MasterClass/M143010027_ALU/Hws/HW1/gate_level/FLP_adder_4/Between/round1/timing.sdf, 80
module: XNR2D1BWP16P90LVT, "instance: testbench.test_module.sub_110.U92"
  SDF Warning: The path from sub_110.U92.ZN to U1498.A1 doesn't have a simple 
  wire connection, delay will still be annotated.


Warning-[SDFCOM_IWSBA] INTERCONNECT will still be annotated
/MasterClass/M143010027_ALU/Hws/HW1/gate_level/FLP_adder_4/Between/round1/timing.sdf, 109
module: HA1D2BWP16P90LVT, "instance: testbench.test_module.add_114.U2"
  SDF Warning: INTERCONNECT from add_114.U2.S to U1485.A1 has Instance at 
  /MasterClass/M143010027_ALU/Hws/HW1/gate_level/FLP_adder_4/Between/round1/netlist.v:1156,
  delay will still be annotated.


Warning-[SDFCOM_IWSBA] INTERCONNECT will still be annotated
/MasterClass/M143010027_ALU/Hws/HW1/gate_level/FLP_adder_4/Between/round1/timing.sdf, 114
module: HA1D2BWP16P90LVT, "instance: testbench.test_module.add_114.U3"
  SDF Warning: INTERCONNECT from add_114.U3.S to U1483.I has Instance at 
  /MasterClass/M143010027_ALU/Hws/HW1/gate_level/FLP_adder_4/Between/round1/netlist.v:1156,
  delay will still be annotated.


Warning-[SDFCOM_IWSBA] INTERCONNECT will still be annotated
/MasterClass/M143010027_ALU/Hws/HW1/gate_level/FLP_adder_4/Between/round1/timing.sdf, 121
module: HA1D2BWP16P90LVT, "instance: testbench.test_module.add_114.U3"
  SDF Warning: INTERCONNECT from add_114.U3.S to U1481.A2 has Instance at 
  /MasterClass/M143010027_ALU/Hws/HW1/gate_level/FLP_adder_4/Between/round1/netlist.v:1156,
  delay will still be annotated.


Warning-[SDFCOM_IWSBA] INTERCONNECT will still be annotated
/MasterClass/M143010027_ALU/Hws/HW1/gate_level/FLP_adder_4/Between/round1/timing.sdf, 125
module: HA1D2BWP16P90LVT, "instance: testbench.test_module.add_114.U4"
  SDF Warning: INTERCONNECT from add_114.U4.S to U1479.I has Instance at 
  /MasterClass/M143010027_ALU/Hws/HW1/gate_level/FLP_adder_4/Between/round1/netlist.v:1156,
  delay will still be annotated.


Warning-[SDFCOM_IWSBA] INTERCONNECT will still be annotated
/MasterClass/M143010027_ALU/Hws/HW1/gate_level/FLP_adder_4/Between/round1/timing.sdf, 131
module: HA1D2BWP16P90LVT, "instance: testbench.test_module.add_114.U4"
  SDF Warning: INTERCONNECT from add_114.U4.S to U1477.A1 has Instance at 
  /MasterClass/M143010027_ALU/Hws/HW1/gate_level/FLP_adder_4/Between/round1/netlist.v:1156,
  delay will still be annotated.


Warning-[SDFCOM_IWSBA] INTERCONNECT will still be annotated
/MasterClass/M143010027_ALU/Hws/HW1/gate_level/FLP_adder_4/Between/round1/timing.sdf, 136
module: HA1D2BWP16P90LVT, "instance: testbench.test_module.add_114.U5"
  SDF Warning: INTERCONNECT from add_114.U5.S to U1475.I has Instance at 
  /MasterClass/M143010027_ALU/Hws/HW1/gate_level/FLP_adder_4/Between/round1/netlist.v:1156,
  delay will still be annotated.


Warning-[SDFCOM_IWSBA] INTERCONNECT will still be annotated
/MasterClass/M143010027_ALU/Hws/HW1/gate_level/FLP_adder_4/Between/round1/timing.sdf, 142
module: HA1D2BWP16P90LVT, "instance: testbench.test_module.add_114.U5"
  SDF Warning: INTERCONNECT from add_114.U5.S to U1473.A1 has Instance at 
  /MasterClass/M143010027_ALU/Hws/HW1/gate_level/FLP_adder_4/Between/round1/netlist.v:1156,
  delay will still be annotated.


Warning-[SDFCOM_IWSBA] INTERCONNECT will still be annotated
/MasterClass/M143010027_ALU/Hws/HW1/gate_level/FLP_adder_4/Between/round1/timing.sdf, 147
module: HA1D2BWP16P90LVT, "instance: testbench.test_module.add_114.U6"
  SDF Warning: INTERCONNECT from add_114.U6.S to U1471.I has Instance at 
  /MasterClass/M143010027_ALU/Hws/HW1/gate_level/FLP_adder_4/Between/round1/netlist.v:1156,
  delay will still be annotated.


Warning-[SDFCOM_IWSBA] INTERCONNECT will still be annotated
/MasterClass/M143010027_ALU/Hws/HW1/gate_level/FLP_adder_4/Between/round1/timing.sdf, 153
module: HA1D2BWP16P90LVT, "instance: testbench.test_module.add_114.U6"
  SDF Warning: INTERCONNECT from add_114.U6.S to U1469.A1 has Instance at 
  /MasterClass/M143010027_ALU/Hws/HW1/gate_level/FLP_adder_4/Between/round1/netlist.v:1156,
  delay will still be annotated.


Warning-[SDFCOM_IWSBA] INTERCONNECT will still be annotated
/MasterClass/M143010027_ALU/Hws/HW1/gate_level/FLP_adder_4/Between/round1/timing.sdf, 158
module: HA1D2BWP16P90LVT, "instance: testbench.test_module.add_114.U7"
  SDF Warning: INTERCONNECT from add_114.U7.S to U1467.I has Instance at 
  /MasterClass/M143010027_ALU/Hws/HW1/gate_level/FLP_adder_4/Between/round1/netlist.v:1156,
  delay will still be annotated.


Warning-[SDFCOM_IWSBA] INTERCONNECT will still be annotated
/MasterClass/M143010027_ALU/Hws/HW1/gate_level/FLP_adder_4/Between/round1/timing.sdf, 164
module: HA1D2BWP16P90LVT, "instance: testbench.test_module.add_114.U7"
  SDF Warning: INTERCONNECT from add_114.U7.S to U1465.A1 has Instance at 
  /MasterClass/M143010027_ALU/Hws/HW1/gate_level/FLP_adder_4/Between/round1/netlist.v:1156,
  delay will still be annotated.


Warning-[SDFCOM_IWSBA] INTERCONNECT will still be annotated
/MasterClass/M143010027_ALU/Hws/HW1/gate_level/FLP_adder_4/Between/round1/timing.sdf, 169
module: HA1D2BWP16P90LVT, "instance: testbench.test_module.add_114.U8"
  SDF Warning: INTERCONNECT from add_114.U8.S to U1463.I has Instance at 
  /MasterClass/M143010027_ALU/Hws/HW1/gate_level/FLP_adder_4/Between/round1/netlist.v:1156,
  delay will still be annotated.


Warning-[SDFCOM_IWSBA] INTERCONNECT will still be annotated
/MasterClass/M143010027_ALU/Hws/HW1/gate_level/FLP_adder_4/Between/round1/timing.sdf, 175
module: HA1D2BWP16P90LVT, "instance: testbench.test_module.add_114.U8"
  SDF Warning: INTERCONNECT from add_114.U8.S to U1461.A1 has Instance at 
  /MasterClass/M143010027_ALU/Hws/HW1/gate_level/FLP_adder_4/Between/round1/netlist.v:1156,
  delay will still be annotated.


Warning-[SDFCOM_IWSBA] INTERCONNECT will still be annotated
/MasterClass/M143010027_ALU/Hws/HW1/gate_level/FLP_adder_4/Between/round1/timing.sdf, 180
module: HA1D2BWP16P90LVT, "instance: testbench.test_module.add_114.U9"
  SDF Warning: INTERCONNECT from add_114.U9.S to U1459.I has Instance at 
  /MasterClass/M143010027_ALU/Hws/HW1/gate_level/FLP_adder_4/Between/round1/netlist.v:1156,
  delay will still be annotated.


Warning-[SDFCOM_IWSBA] INTERCONNECT will still be annotated
/MasterClass/M143010027_ALU/Hws/HW1/gate_level/FLP_adder_4/Between/round1/timing.sdf, 186
module: HA1D2BWP16P90LVT, "instance: testbench.test_module.add_114.U9"
  SDF Warning: INTERCONNECT from add_114.U9.S to U1457.A1 has Instance at 
  /MasterClass/M143010027_ALU/Hws/HW1/gate_level/FLP_adder_4/Between/round1/netlist.v:1156,
  delay will still be annotated.


Warning-[SDFCOM_IWSBA] INTERCONNECT will still be annotated
/MasterClass/M143010027_ALU/Hws/HW1/gate_level/FLP_adder_4/Between/round1/timing.sdf, 191
module: HA1D2BWP16P90LVT, "instance: testbench.test_module.add_114.U10"
  SDF Warning: INTERCONNECT from add_114.U10.S to U1455.I has Instance at 
  /MasterClass/M143010027_ALU/Hws/HW1/gate_level/FLP_adder_4/Between/round1/netlist.v:1156,
  delay will still be annotated.


Warning-[SDFCOM_IWSBA] INTERCONNECT will still be annotated
/MasterClass/M143010027_ALU/Hws/HW1/gate_level/FLP_adder_4/Between/round1/timing.sdf, 197
module: HA1D2BWP16P90LVT, "instance: testbench.test_module.add_114.U10"
  SDF Warning: INTERCONNECT from add_114.U10.S to U1453.A1 has Instance at 
  /MasterClass/M143010027_ALU/Hws/HW1/gate_level/FLP_adder_4/Between/round1/netlist.v:1156,
  delay will still be annotated.


Warning-[SDFCOM_IWSBA] INTERCONNECT will still be annotated
/MasterClass/M143010027_ALU/Hws/HW1/gate_level/FLP_adder_4/Between/round1/timing.sdf, 202
module: HA1D2BWP16P90LVT, "instance: testbench.test_module.add_114.U11"
  SDF Warning: INTERCONNECT from add_114.U11.S to U1451.I has Instance at 
  /MasterClass/M143010027_ALU/Hws/HW1/gate_level/FLP_adder_4/Between/round1/netlist.v:1156,
  delay will still be annotated.


Warning-[SDFCOM_IWSBA] INTERCONNECT will still be annotated
/MasterClass/M143010027_ALU/Hws/HW1/gate_level/FLP_adder_4/Between/round1/timing.sdf, 208
module: HA1D2BWP16P90LVT, "instance: testbench.test_module.add_114.U11"
  SDF Warning: INTERCONNECT from add_114.U11.S to U1449.A1 has Instance at 
  /MasterClass/M143010027_ALU/Hws/HW1/gate_level/FLP_adder_4/Between/round1/netlist.v:1156,
  delay will still be annotated.


Warning-[SDFCOM_IWSBA] INTERCONNECT will still be annotated
/MasterClass/M143010027_ALU/Hws/HW1/gate_level/FLP_adder_4/Between/round1/timing.sdf, 213
module: HA1D2BWP16P90LVT, "instance: testbench.test_module.add_114.U12"
  SDF Warning: INTERCONNECT from add_114.U12.S to U1447.I has Instance at 
  /MasterClass/M143010027_ALU/Hws/HW1/gate_level/FLP_adder_4/Between/round1/netlist.v:1156,
  delay will still be annotated.


Warning-[SDFCOM_IWSBA] INTERCONNECT will still be annotated
/MasterClass/M143010027_ALU/Hws/HW1/gate_level/FLP_adder_4/Between/round1/timing.sdf, 219
module: HA1D2BWP16P90LVT, "instance: testbench.test_module.add_114.U12"
  SDF Warning: INTERCONNECT from add_114.U12.S to U1445.A1 has Instance at 
  /MasterClass/M143010027_ALU/Hws/HW1/gate_level/FLP_adder_4/Between/round1/netlist.v:1156,
  delay will still be annotated.


Warning-[SDFCOM_IWSBA] INTERCONNECT will still be annotated
/MasterClass/M143010027_ALU/Hws/HW1/gate_level/FLP_adder_4/Between/round1/timing.sdf, 224
module: HA1D2BWP16P90LVT, "instance: testbench.test_module.add_114.U13"
  SDF Warning: INTERCONNECT from add_114.U13.S to U1443.I has Instance at 
  /MasterClass/M143010027_ALU/Hws/HW1/gate_level/FLP_adder_4/Between/round1/netlist.v:1156,
  delay will still be annotated.


Warning-[SDFCOM_IWSBA] INTERCONNECT will still be annotated
/MasterClass/M143010027_ALU/Hws/HW1/gate_level/FLP_adder_4/Between/round1/timing.sdf, 230
module: HA1D2BWP16P90LVT, "instance: testbench.test_module.add_114.U13"
  SDF Warning: INTERCONNECT from add_114.U13.S to U1441.A1 has Instance at 
  /MasterClass/M143010027_ALU/Hws/HW1/gate_level/FLP_adder_4/Between/round1/netlist.v:1156,
  delay will still be annotated.


Warning-[SDFCOM_IWSBA] INTERCONNECT will still be annotated
/MasterClass/M143010027_ALU/Hws/HW1/gate_level/FLP_adder_4/Between/round1/timing.sdf, 235
module: HA1D2BWP16P90LVT, "instance: testbench.test_module.add_114.U14"
  SDF Warning: INTERCONNECT from add_114.U14.S to U1439.I has Instance at 
  /MasterClass/M143010027_ALU/Hws/HW1/gate_level/FLP_adder_4/Between/round1/netlist.v:1156,
  delay will still be annotated.


Warning-[SDFCOM_IWSBA] INTERCONNECT will still be annotated
/MasterClass/M143010027_ALU/Hws/HW1/gate_level/FLP_adder_4/Between/round1/timing.sdf, 241
module: HA1D2BWP16P90LVT, "instance: testbench.test_module.add_114.U14"
  SDF Warning: INTERCONNECT from add_114.U14.S to U1437.A1 has Instance at 
  /MasterClass/M143010027_ALU/Hws/HW1/gate_level/FLP_adder_4/Between/round1/netlist.v:1156,
  delay will still be annotated.


Warning-[SDFCOM_IWSBA] INTERCONNECT will still be annotated
/MasterClass/M143010027_ALU/Hws/HW1/gate_level/FLP_adder_4/Between/round1/timing.sdf, 246
module: XNR2D1BWP16P90LVT, "instance: testbench.test_module.add_114.U82"
  SDF Warning: INTERCONNECT from add_114.U82.ZN to U1435.I has Instance at 
  /MasterClass/M143010027_ALU/Hws/HW1/gate_level/FLP_adder_4/Between/round1/netlist.v:1156,
  delay will still be annotated.


Warning-[SDFCOM_IWSBA] INTERCONNECT will still be annotated
/MasterClass/M143010027_ALU/Hws/HW1/gate_level/FLP_adder_4/Between/round1/timing.sdf, 252
module: XNR2D1BWP16P90LVT, "instance: testbench.test_module.add_114.U82"
  SDF Warning: INTERCONNECT from add_114.U82.ZN to U1433.A1 has Instance at 
  /MasterClass/M143010027_ALU/Hws/HW1/gate_level/FLP_adder_4/Between/round1/netlist.v:1156,
  delay will still be annotated.


Warning-[SDFCOM_IWSBA] INTERCONNECT will still be annotated
/MasterClass/M143010027_ALU/Hws/HW1/gate_level/FLP_adder_4/Between/round1/timing.sdf, 257
module: XOR2D1BWP16P90LVT, "instance: testbench.test_module.add_114.U81"
  SDF Warning: INTERCONNECT from add_114.U81.Z to U1431.I has Instance at 
  /MasterClass/M143010027_ALU/Hws/HW1/gate_level/FLP_adder_4/Between/round1/netlist.v:1156,
  delay will still be annotated.


Warning-[SDFCOM_IWSBA] INTERCONNECT will still be annotated
/MasterClass/M143010027_ALU/Hws/HW1/gate_level/FLP_adder_4/Between/round1/timing.sdf, 263
module: XOR2D1BWP16P90LVT, "instance: testbench.test_module.add_114.U81"
  SDF Warning: INTERCONNECT from add_114.U81.Z to U1429.A1 has Instance at 
  /MasterClass/M143010027_ALU/Hws/HW1/gate_level/FLP_adder_4/Between/round1/netlist.v:1156,
  delay will still be annotated.


Warning-[SDFCOM_IWSBA] INTERCONNECT will still be annotated
/MasterClass/M143010027_ALU/Hws/HW1/gate_level/FLP_adder_4/Between/round1/timing.sdf, 268
module: XNR2D1BWP16P90LVT, "instance: testbench.test_module.add_114.U71"
  SDF Warning: INTERCONNECT from add_114.U71.ZN to U1427.I has Instance at 
  /MasterClass/M143010027_ALU/Hws/HW1/gate_level/FLP_adder_4/Between/round1/netlist.v:1156,
  delay will still be annotated.


Warning-[SDFCOM_IWSBA] INTERCONNECT will still be annotated
/MasterClass/M143010027_ALU/Hws/HW1/gate_level/FLP_adder_4/Between/round1/timing.sdf, 274
module: XNR2D1BWP16P90LVT, "instance: testbench.test_module.add_114.U71"
  SDF Warning: INTERCONNECT from add_114.U71.ZN to U1425.A1 has Instance at 
  /MasterClass/M143010027_ALU/Hws/HW1/gate_level/FLP_adder_4/Between/round1/netlist.v:1156,
  delay will still be annotated.


Warning-[SDFCOM_IWSBA] INTERCONNECT will still be annotated
/MasterClass/M143010027_ALU/Hws/HW1/gate_level/FLP_adder_4/Between/round1/timing.sdf, 279
module: XNR2D1BWP16P90LVT, "instance: testbench.test_module.add_114.U80"
  SDF Warning: INTERCONNECT from add_114.U80.ZN to U1423.I has Instance at 
  /MasterClass/M143010027_ALU/Hws/HW1/gate_level/FLP_adder_4/Between/round1/netlist.v:1156,
  delay will still be annotated.


Warning-[SDFCOM_IWSBA] INTERCONNECT will still be annotated
/MasterClass/M143010027_ALU/Hws/HW1/gate_level/FLP_adder_4/Between/round1/timing.sdf, 285
module: XNR2D1BWP16P90LVT, "instance: testbench.test_module.add_114.U80"
  SDF Warning: INTERCONNECT from add_114.U80.ZN to U1421.A1 has Instance at 
  /MasterClass/M143010027_ALU/Hws/HW1/gate_level/FLP_adder_4/Between/round1/netlist.v:1156,
  delay will still be annotated.


Warning-[SDFCOM_IWSBA] INTERCONNECT will still be annotated
/MasterClass/M143010027_ALU/Hws/HW1/gate_level/FLP_adder_4/Between/round1/timing.sdf, 290
module: XOR2D1BWP16P90LVT, "instance: testbench.test_module.add_114.U83"
  SDF Warning: INTERCONNECT from add_114.U83.Z to U1419.I has Instance at 
  /MasterClass/M143010027_ALU/Hws/HW1/gate_level/FLP_adder_4/Between/round1/netlist.v:1156,
  delay will still be annotated.


Warning-[SDFCOM_IWSBA] INTERCONNECT will still be annotated
/MasterClass/M143010027_ALU/Hws/HW1/gate_level/FLP_adder_4/Between/round1/timing.sdf, 296
module: XOR2D1BWP16P90LVT, "instance: testbench.test_module.add_114.U83"
  SDF Warning: INTERCONNECT from add_114.U83.Z to U1417.A1 has Instance at 
  /MasterClass/M143010027_ALU/Hws/HW1/gate_level/FLP_adder_4/Between/round1/netlist.v:1156,
  delay will still be annotated.


Warning-[SDFCOM_IWSBA] INTERCONNECT will still be annotated
/MasterClass/M143010027_ALU/Hws/HW1/gate_level/FLP_adder_4/Between/round1/timing.sdf, 301
module: XNR2D1BWP16P90LVT, "instance: testbench.test_module.add_114.U84"
  SDF Warning: INTERCONNECT from add_114.U84.ZN to U1415.I has Instance at 
  /MasterClass/M143010027_ALU/Hws/HW1/gate_level/FLP_adder_4/Between/round1/netlist.v:1156,
  delay will still be annotated.


Warning-[SDFCOM_IWSBA] INTERCONNECT will still be annotated
/MasterClass/M143010027_ALU/Hws/HW1/gate_level/FLP_adder_4/Between/round1/timing.sdf, 307
module: XNR2D1BWP16P90LVT, "instance: testbench.test_module.add_114.U84"
  SDF Warning: INTERCONNECT from add_114.U84.ZN to U1413.A1 has Instance at 
  /MasterClass/M143010027_ALU/Hws/HW1/gate_level/FLP_adder_4/Between/round1/netlist.v:1156,
  delay will still be annotated.


Warning-[SDFCOM_IWSBA] INTERCONNECT will still be annotated
/MasterClass/M143010027_ALU/Hws/HW1/gate_level/FLP_adder_4/Between/round1/timing.sdf, 312
module: XOR2D1BWP16P90LVT, "instance: testbench.test_module.add_114.U72"
  SDF Warning: INTERCONNECT from add_114.U72.Z to U1411.I has Instance at 
  /MasterClass/M143010027_ALU/Hws/HW1/gate_level/FLP_adder_4/Between/round1/netlist.v:1156,
  delay will still be annotated.


Warning-[SDFCOM_IWSBA] INTERCONNECT will still be annotated
/MasterClass/M143010027_ALU/Hws/HW1/gate_level/FLP_adder_4/Between/round1/timing.sdf, 318
module: XOR2D1BWP16P90LVT, "instance: testbench.test_module.add_114.U72"
  SDF Warning: INTERCONNECT from add_114.U72.Z to U1409.A1 has Instance at 
  /MasterClass/M143010027_ALU/Hws/HW1/gate_level/FLP_adder_4/Between/round1/netlist.v:1156,
  delay will still be annotated.


Warning-[SDFCOM_IWSBA] INTERCONNECT will still be annotated
/MasterClass/M143010027_ALU/Hws/HW1/gate_level/FLP_adder_4/Between/round1/timing.sdf, 323
module: XNR2D1BWP16P90LVT, "instance: testbench.test_module.add_114.U86"
  SDF Warning: INTERCONNECT from add_114.U86.ZN to U1407.I has Instance at 
  /MasterClass/M143010027_ALU/Hws/HW1/gate_level/FLP_adder_4/Between/round1/netlist.v:1156,
  delay will still be annotated.


Warning-[SDFCOM_IWSBA] INTERCONNECT will still be annotated
/MasterClass/M143010027_ALU/Hws/HW1/gate_level/FLP_adder_4/Between/round1/timing.sdf, 329
module: XNR2D1BWP16P90LVT, "instance: testbench.test_module.add_114.U86"
  SDF Warning: INTERCONNECT from add_114.U86.ZN to U1405.A1 has Instance at 
  /MasterClass/M143010027_ALU/Hws/HW1/gate_level/FLP_adder_4/Between/round1/netlist.v:1156,
  delay will still be annotated.


Warning-[SDFCOM_IWSBA] INTERCONNECT will still be annotated
/MasterClass/M143010027_ALU/Hws/HW1/gate_level/FLP_adder_4/Between/round1/timing.sdf, 334
module: XOR2D1BWP16P90LVT, "instance: testbench.test_module.add_114.U87"
  SDF Warning: INTERCONNECT from add_114.U87.Z to U1403.I has Instance at 
  /MasterClass/M143010027_ALU/Hws/HW1/gate_level/FLP_adder_4/Between/round1/netlist.v:1156,
  delay will still be annotated.


Warning-[SDFCOM_IWSBA] INTERCONNECT will still be annotated
/MasterClass/M143010027_ALU/Hws/HW1/gate_level/FLP_adder_4/Between/round1/timing.sdf, 340
module: XOR2D1BWP16P90LVT, "instance: testbench.test_module.add_114.U87"
  SDF Warning: INTERCONNECT from add_114.U87.Z to U1401.A1 has Instance at 
  /MasterClass/M143010027_ALU/Hws/HW1/gate_level/FLP_adder_4/Between/round1/netlist.v:1156,
  delay will still be annotated.


Warning-[SDFCOM_IWSBA] INTERCONNECT will still be annotated
/MasterClass/M143010027_ALU/Hws/HW1/gate_level/FLP_adder_4/Between/round1/timing.sdf, 349
module: CKND1BWP16P90LVT, "instance: testbench.test_module.add_114.U79"
  SDF Warning: INTERCONNECT from add_114.U79.ZN to U1399.A1 has Instance at 
  /MasterClass/M143010027_ALU/Hws/HW1/gate_level/FLP_adder_4/Between/round1/netlist.v:1156,
  delay will still be annotated.


Warning-[SDFCOM_IWSBA] INTERCONNECT will still be annotated
/MasterClass/M143010027_ALU/Hws/HW1/gate_level/FLP_adder_4/Between/round1/timing.sdf, 361
module: HA1D2BWP16P90LVT, "instance: testbench.test_module.add_114.U60"
  SDF Warning: INTERCONNECT from add_114.U60.S to U1394.I has Instance at 
  /MasterClass/M143010027_ALU/Hws/HW1/gate_level/FLP_adder_4/Between/round1/netlist.v:1156,
  delay will still be annotated.


Warning-[SDFCOM_IWSBA] INTERCONNECT will still be annotated
/MasterClass/M143010027_ALU/Hws/HW1/gate_level/FLP_adder_4/Between/round1/timing.sdf, 367
module: XOR2D1BWP16P90LVT, "instance: testbench.test_module.add_114.U73"
  SDF Warning: INTERCONNECT from add_114.U73.Z to U1391.I1 has Instance at 
  /MasterClass/M143010027_ALU/Hws/HW1/gate_level/FLP_adder_4/Between/round1/netlist.v:1156,
  delay will still be annotated.


Warning-[SDFCOM_IWSBA] INTERCONNECT will still be annotated
/MasterClass/M143010027_ALU/Hws/HW1/gate_level/FLP_adder_4/Between/round1/timing.sdf, 1071
module: AN2D1BWP16P90LVT, "instance: testbench.test_module.add_79.U158"
  SDF Warning: INTERCONNECT from add_79.U158.Z to U1166.I has Instance at 
  /MasterClass/M143010027_ALU/Hws/HW1/gate_level/FLP_adder_4/Between/round1/netlist.v:1205,
  delay will still be annotated.


Warning-[SDFCOM_IWSBA] INTERCONNECT will still be annotated
/MasterClass/M143010027_ALU/Hws/HW1/gate_level/FLP_adder_4/Between/round1/timing.sdf, 1089
module: AN2D1BWP16P90LVT, "instance: testbench.test_module.add_79.U158"
  SDF Warning: INTERCONNECT from add_79.U158.Z to U1158.A2 has Instance at 
  /MasterClass/M143010027_ALU/Hws/HW1/gate_level/FLP_adder_4/Between/round1/netlist.v:1205,
  delay will still be annotated.


Warning-[SDFCOM_IWSBA] INTERCONNECT will still be annotated
/MasterClass/M143010027_ALU/Hws/HW1/gate_level/FLP_adder_4/Between/round1/timing.sdf, 1240
module: MUX2ND2BWP16P90LVT, "instance: testbench.test_module.U751"
  SDF Warning: INTERCONNECT from U751.ZN to U1098.I1 has Instance at 
  /MasterClass/M143010027_ALU/Hws/HW1/gate_level/FLP_adder_4/Between/round1/netlist.v:1144,
  delay will still be annotated.


Warning-[SDFCOM_IWSBA] INTERCONNECT will still be annotated
/MasterClass/M143010027_ALU/Hws/HW1/gate_level/FLP_adder_4/Between/round1/timing.sdf, 1262
module: XNR2D1BWP16P90LVT, "instance: testbench.test_module.sub_73.U102"
  SDF Warning: INTERCONNECT from sub_73.U102.ZN to U1091.I1 has Instance at 
  /MasterClass/M143010027_ALU/Hws/HW1/gate_level/FLP_adder_4/Between/round1/netlist.v:1144,
  delay will still be annotated.


Warning-[SDFCOM_IWSBA] INTERCONNECT will still be annotated
/MasterClass/M143010027_ALU/Hws/HW1/gate_level/FLP_adder_4/Between/round1/timing.sdf, 1282
module: XNR2D1BWP16P90LVT, "instance: testbench.test_module.sub_73.U101"
  SDF Warning: INTERCONNECT from sub_73.U101.ZN to U1086.I1 has Instance at 
  /MasterClass/M143010027_ALU/Hws/HW1/gate_level/FLP_adder_4/Between/round1/netlist.v:1144,
  delay will still be annotated.


Warning-[SDFCOM_IWSBA] INTERCONNECT will still be annotated
/MasterClass/M143010027_ALU/Hws/HW1/gate_level/FLP_adder_4/Between/round1/timing.sdf, 1305
module: XOR2D1BWP16P90LVT, "instance: testbench.test_module.sub_73.U99"
  SDF Warning: INTERCONNECT from sub_73.U99.Z to U1080.I1 has Instance at 
  /MasterClass/M143010027_ALU/Hws/HW1/gate_level/FLP_adder_4/Between/round1/netlist.v:1144,
  delay will still be annotated.


Warning-[SDFCOM_IWSBA] INTERCONNECT will still be annotated
/MasterClass/M143010027_ALU/Hws/HW1/gate_level/FLP_adder_4/Between/round1/timing.sdf, 1328
module: XNR2D1BWP16P90LVT, "instance: testbench.test_module.sub_73.U100"
  SDF Warning: INTERCONNECT from sub_73.U100.ZN to U1074.I1 has Instance at 
  /MasterClass/M143010027_ALU/Hws/HW1/gate_level/FLP_adder_4/Between/round1/netlist.v:1144,
  delay will still be annotated.


Warning-[SDFCOM_IWSBA] INTERCONNECT will still be annotated
/MasterClass/M143010027_ALU/Hws/HW1/gate_level/FLP_adder_4/Between/round1/timing.sdf, 1351
module: XOR2D1BWP16P90LVT, "instance: testbench.test_module.sub_73.U98"
  SDF Warning: INTERCONNECT from sub_73.U98.Z to U1068.I1 has Instance at 
  /MasterClass/M143010027_ALU/Hws/HW1/gate_level/FLP_adder_4/Between/round1/netlist.v:1144,
  delay will still be annotated.


Warning-[SDFCOM_IWSBA] INTERCONNECT will still be annotated
/MasterClass/M143010027_ALU/Hws/HW1/gate_level/FLP_adder_4/Between/round1/timing.sdf, 1378
module: XNR2D1BWP16P90LVT, "instance: testbench.test_module.sub_73.U97"
  SDF Warning: INTERCONNECT from sub_73.U97.ZN to U1060.I1 has Instance at 
  /MasterClass/M143010027_ALU/Hws/HW1/gate_level/FLP_adder_4/Between/round1/netlist.v:1144,
  delay will still be annotated.


Warning-[SDFCOM_IWSBA] INTERCONNECT will still be annotated
/MasterClass/M143010027_ALU/Hws/HW1/gate_level/FLP_adder_4/Between/round1/timing.sdf, 1408
module: XOR2D1BWP16P90LVT, "instance: testbench.test_module.sub_73.U96"
  SDF Warning: INTERCONNECT from sub_73.U96.Z to U1051.I1 has Instance at 
  /MasterClass/M143010027_ALU/Hws/HW1/gate_level/FLP_adder_4/Between/round1/netlist.v:1144,
  delay will still be annotated.


Warning-[SDFCOM_IWSBA] INTERCONNECT will still be annotated
/MasterClass/M143010027_ALU/Hws/HW1/gate_level/FLP_adder_4/Between/round1/timing.sdf, 1425
module: XNR2D1BWP16P90LVT, "instance: testbench.test_module.sub_73.U95"
  SDF Warning: INTERCONNECT from sub_73.U95.ZN to U1047.I1 has Instance at 
  /MasterClass/M143010027_ALU/Hws/HW1/gate_level/FLP_adder_4/Between/round1/netlist.v:1144,
  delay will still be annotated.


Warning-[SDFCOM_IWSBA] INTERCONNECT will still be annotated
/MasterClass/M143010027_ALU/Hws/HW1/gate_level/FLP_adder_4/Between/round1/timing.sdf, 1445
module: XOR2D1BWP16P90LVT, "instance: testbench.test_module.sub_73.U94"
  SDF Warning: INTERCONNECT from sub_73.U94.Z to U1042.I1 has Instance at 
  /MasterClass/M143010027_ALU/Hws/HW1/gate_level/FLP_adder_4/Between/round1/netlist.v:1144,
  delay will still be annotated.


Warning-[SDFCOM_IWSBA] INTERCONNECT will still be annotated
/MasterClass/M143010027_ALU/Hws/HW1/gate_level/FLP_adder_4/Between/round1/timing.sdf, 1465
module: XNR2D1BWP16P90LVT, "instance: testbench.test_module.sub_73.U93"
  SDF Warning: INTERCONNECT from sub_73.U93.ZN to U1037.I1 has Instance at 
  /MasterClass/M143010027_ALU/Hws/HW1/gate_level/FLP_adder_4/Between/round1/netlist.v:1144,
  delay will still be annotated.


Warning-[SDFCOM_IWSBA] INTERCONNECT will still be annotated
/MasterClass/M143010027_ALU/Hws/HW1/gate_level/FLP_adder_4/Between/round1/timing.sdf, 1485
module: HA1D2BWP16P90LVT, "instance: testbench.test_module.sub_73.U75"
  SDF Warning: INTERCONNECT from sub_73.U75.S to U1032.I1 has Instance at 
  /MasterClass/M143010027_ALU/Hws/HW1/gate_level/FLP_adder_4/Between/round1/netlist.v:1144,
  delay will still be annotated.


Warning-[SDFCOM_IWSBA] INTERCONNECT will still be annotated
/MasterClass/M143010027_ALU/Hws/HW1/gate_level/FLP_adder_4/Between/round1/timing.sdf, 1505
module: XNR2D1BWP16P90LVT, "instance: testbench.test_module.sub_73.U92"
  SDF Warning: INTERCONNECT from sub_73.U92.ZN to U1027.I1 has Instance at 
  /MasterClass/M143010027_ALU/Hws/HW1/gate_level/FLP_adder_4/Between/round1/netlist.v:1144,
  delay will still be annotated.


Warning-[SDFCOM_IWSBA] INTERCONNECT will still be annotated
/MasterClass/M143010027_ALU/Hws/HW1/gate_level/FLP_adder_4/Between/round1/timing.sdf, 1525
module: HA1D2BWP16P90LVT, "instance: testbench.test_module.sub_73.U11"
  SDF Warning: INTERCONNECT from sub_73.U11.S to U1022.I1 has Instance at 
  /MasterClass/M143010027_ALU/Hws/HW1/gate_level/FLP_adder_4/Between/round1/netlist.v:1144,
  delay will still be annotated.


Warning-[SDFCOM_IWSBA] INTERCONNECT will still be annotated
/MasterClass/M143010027_ALU/Hws/HW1/gate_level/FLP_adder_4/Between/round1/timing.sdf, 1545
module: HA1D2BWP16P90LVT, "instance: testbench.test_module.sub_73.U10"
  SDF Warning: INTERCONNECT from sub_73.U10.S to U1017.I1 has Instance at 
  /MasterClass/M143010027_ALU/Hws/HW1/gate_level/FLP_adder_4/Between/round1/netlist.v:1144,
  delay will still be annotated.


Warning-[SDFCOM_IWSBA] INTERCONNECT will still be annotated
/MasterClass/M143010027_ALU/Hws/HW1/gate_level/FLP_adder_4/Between/round1/timing.sdf, 1562
module: HA1D2BWP16P90LVT, "instance: testbench.test_module.sub_73.U9"
  SDF Warning: INTERCONNECT from sub_73.U9.S to U1013.I1 has Instance at 
  /MasterClass/M143010027_ALU/Hws/HW1/gate_level/FLP_adder_4/Between/round1/netlist.v:1144,
  delay will still be annotated.


Warning-[SDFCOM_IWSBA] INTERCONNECT will still be annotated
/MasterClass/M143010027_ALU/Hws/HW1/gate_level/FLP_adder_4/Between/round1/timing.sdf, 1580
module: HA1D2BWP16P90LVT, "instance: testbench.test_module.sub_73.U8"
  SDF Warning: INTERCONNECT from sub_73.U8.S to U1008.I1 has Instance at 
  /MasterClass/M143010027_ALU/Hws/HW1/gate_level/FLP_adder_4/Between/round1/netlist.v:1144,
  delay will still be annotated.


Warning-[SDFCOM_IWSBA] INTERCONNECT will still be annotated
/MasterClass/M143010027_ALU/Hws/HW1/gate_level/FLP_adder_4/Between/round1/timing.sdf, 1598
module: HA1D2BWP16P90LVT, "instance: testbench.test_module.sub_73.U7"
  SDF Warning: INTERCONNECT from sub_73.U7.S to U1003.I1 has Instance at 
  /MasterClass/M143010027_ALU/Hws/HW1/gate_level/FLP_adder_4/Between/round1/netlist.v:1144,
  delay will still be annotated.


Warning-[SDFCOM_IWSBA] INTERCONNECT will still be annotated
/MasterClass/M143010027_ALU/Hws/HW1/gate_level/FLP_adder_4/Between/round1/timing.sdf, 1615
module: HA1D2BWP16P90LVT, "instance: testbench.test_module.sub_73.U6"
  SDF Warning: INTERCONNECT from sub_73.U6.S to U998.I1 has Instance at 
  /MasterClass/M143010027_ALU/Hws/HW1/gate_level/FLP_adder_4/Between/round1/netlist.v:1144,
  delay will still be annotated.


Warning-[SDFCOM_IWSBA] INTERCONNECT will still be annotated
/MasterClass/M143010027_ALU/Hws/HW1/gate_level/FLP_adder_4/Between/round1/timing.sdf, 1625
module: HA1D2BWP16P90LVT, "instance: testbench.test_module.sub_73.U5"
  SDF Warning: INTERCONNECT from sub_73.U5.S to U994.I1 has Instance at 
  /MasterClass/M143010027_ALU/Hws/HW1/gate_level/FLP_adder_4/Between/round1/netlist.v:1144,
  delay will still be annotated.


Warning-[SDFCOM_IWSBA] INTERCONNECT will still be annotated
/MasterClass/M143010027_ALU/Hws/HW1/gate_level/FLP_adder_4/Between/round1/timing.sdf, 1637
module: HA1D2BWP16P90LVT, "instance: testbench.test_module.sub_73.U2"
  SDF Warning: INTERCONNECT from sub_73.U2.S to U991.A2 has Instance at 
  /MasterClass/M143010027_ALU/Hws/HW1/gate_level/FLP_adder_4/Between/round1/netlist.v:1144,
  delay will still be annotated.


Warning-[SDFCOM_IWSBA] INTERCONNECT will still be annotated
/MasterClass/M143010027_ALU/Hws/HW1/gate_level/FLP_adder_4/Between/round1/timing.sdf, 1646
module: HA1D2BWP16P90LVT, "instance: testbench.test_module.sub_73.U4"
  SDF Warning: INTERCONNECT from sub_73.U4.S to U989.I1 has Instance at 
  /MasterClass/M143010027_ALU/Hws/HW1/gate_level/FLP_adder_4/Between/round1/netlist.v:1144,
  delay will still be annotated.


Warning-[SDFCOM_IWSBA] INTERCONNECT will still be annotated
/MasterClass/M143010027_ALU/Hws/HW1/gate_level/FLP_adder_4/Between/round1/timing.sdf, 1660
module: HA1D2BWP16P90LVT, "instance: testbench.test_module.sub_73.U3"
  SDF Warning: INTERCONNECT from sub_73.U3.S to U985.I1 has Instance at 
  /MasterClass/M143010027_ALU/Hws/HW1/gate_level/FLP_adder_4/Between/round1/netlist.v:1144,
  delay will still be annotated.


Warning-[SDFCOM_IWSBA] INTERCONNECT will still be annotated
/MasterClass/M143010027_ALU/Hws/HW1/gate_level/FLP_adder_4/Between/round1/timing.sdf, 1674
module: HA1D2BWP16P90LVT, "instance: testbench.test_module.sub_73.U2"
  SDF Warning: INTERCONNECT from sub_73.U2.S to U980.I1 has Instance at 
  /MasterClass/M143010027_ALU/Hws/HW1/gate_level/FLP_adder_4/Between/round1/netlist.v:1144,
  delay will still be annotated.


Warning-[SDFCOM_IWSBA] INTERCONNECT will still be annotated
/MasterClass/M143010027_ALU/Hws/HW1/gate_level/FLP_adder_4/Between/round1/timing.sdf, 1714
module: HA1D2BWP16P90LVT, "instance: testbench.test_module.sub_73.U2"
  SDF Warning: INTERCONNECT from sub_73.U2.CO to U966.A1 has Instance at 
  /MasterClass/M143010027_ALU/Hws/HW1/gate_level/FLP_adder_4/Between/round1/netlist.v:1144,
  delay will still be annotated.


Warning-[SDFCOM_IWSBA] INTERCONNECT will still be annotated
/MasterClass/M143010027_ALU/Hws/HW1/gate_level/FLP_adder_4/Between/round1/timing.sdf, 1726
module: HA1D2BWP16P90LVT, "instance: testbench.test_module.sub_72.U48"
  SDF Warning: INTERCONNECT from sub_72.U48.S to U962.B1 has Instance at 
  /MasterClass/M143010027_ALU/Hws/HW1/gate_level/FLP_adder_4/Between/round1/netlist.v:1173,
  delay will still be annotated.


Warning-[SDFCOM_IWSBA] INTERCONNECT will still be annotated
/MasterClass/M143010027_ALU/Hws/HW1/gate_level/FLP_adder_4/Between/round1/timing.sdf, 1730
module: XNR2D1BWP16P90LVT, "instance: testbench.test_module.sub_72.U105"
  SDF Warning: INTERCONNECT from sub_72.U105.ZN to U961.B1 has Instance at 
  /MasterClass/M143010027_ALU/Hws/HW1/gate_level/FLP_adder_4/Between/round1/netlist.v:1173,
  delay will still be annotated.


Warning-[SDFCOM_IWSBA] INTERCONNECT will still be annotated
/MasterClass/M143010027_ALU/Hws/HW1/gate_level/FLP_adder_4/Between/round1/timing.sdf, 1734
module: XOR2D1BWP16P90LVT, "instance: testbench.test_module.sub_72.U104"
  SDF Warning: INTERCONNECT from sub_72.U104.Z to U960.B1 has Instance at 
  /MasterClass/M143010027_ALU/Hws/HW1/gate_level/FLP_adder_4/Between/round1/netlist.v:1173,
  delay will still be annotated.


Warning-[SDFCOM_IWSBA] INTERCONNECT will still be annotated
/MasterClass/M143010027_ALU/Hws/HW1/gate_level/FLP_adder_4/Between/round1/timing.sdf, 1738
module: XOR2D1BWP16P90LVT, "instance: testbench.test_module.sub_72.U103"
  SDF Warning: INTERCONNECT from sub_72.U103.Z to U959.B1 has Instance at 
  /MasterClass/M143010027_ALU/Hws/HW1/gate_level/FLP_adder_4/Between/round1/netlist.v:1173,
  delay will still be annotated.


Warning-[SDFCOM_IWSBA] INTERCONNECT will still be annotated
/MasterClass/M143010027_ALU/Hws/HW1/gate_level/FLP_adder_4/Between/round1/timing.sdf, 1742
module: XNR2D1BWP16P90LVT, "instance: testbench.test_module.sub_72.U100"
  SDF Warning: INTERCONNECT from sub_72.U100.ZN to U958.B1 has Instance at 
  /MasterClass/M143010027_ALU/Hws/HW1/gate_level/FLP_adder_4/Between/round1/netlist.v:1173,
  delay will still be annotated.


Warning-[SDFCOM_IWSBA] INTERCONNECT will still be annotated
/MasterClass/M143010027_ALU/Hws/HW1/gate_level/FLP_adder_4/Between/round1/timing.sdf, 1746
module: XNR2D1BWP16P90LVT, "instance: testbench.test_module.sub_72.U99"
  SDF Warning: INTERCONNECT from sub_72.U99.ZN to U957.B1 has Instance at 
  /MasterClass/M143010027_ALU/Hws/HW1/gate_level/FLP_adder_4/Between/round1/netlist.v:1173,
  delay will still be annotated.


Warning-[SDFCOM_IWSBA] INTERCONNECT will still be annotated
/MasterClass/M143010027_ALU/Hws/HW1/gate_level/FLP_adder_4/Between/round1/timing.sdf, 1750
module: XOR2D1BWP16P90LVT, "instance: testbench.test_module.sub_72.U97"
  SDF Warning: INTERCONNECT from sub_72.U97.Z to U956.B1 has Instance at 
  /MasterClass/M143010027_ALU/Hws/HW1/gate_level/FLP_adder_4/Between/round1/netlist.v:1173,
  delay will still be annotated.


Warning-[SDFCOM_IWSBA] INTERCONNECT will still be annotated
/MasterClass/M143010027_ALU/Hws/HW1/gate_level/FLP_adder_4/Between/round1/timing.sdf, 1754
module: XNR2D1BWP16P90LVT, "instance: testbench.test_module.sub_72.U102"
  SDF Warning: INTERCONNECT from sub_72.U102.ZN to U955.B1 has Instance at 
  /MasterClass/M143010027_ALU/Hws/HW1/gate_level/FLP_adder_4/Between/round1/netlist.v:1173,
  delay will still be annotated.


Warning-[SDFCOM_IWSBA] INTERCONNECT will still be annotated
/MasterClass/M143010027_ALU/Hws/HW1/gate_level/FLP_adder_4/Between/round1/timing.sdf, 1758
module: XOR2D1BWP16P90LVT, "instance: testbench.test_module.sub_72.U98"
  SDF Warning: INTERCONNECT from sub_72.U98.Z to U954.B1 has Instance at 
  /MasterClass/M143010027_ALU/Hws/HW1/gate_level/FLP_adder_4/Between/round1/netlist.v:1173,
  delay will still be annotated.


Warning-[SDFCOM_IWSBA] INTERCONNECT will still be annotated
/MasterClass/M143010027_ALU/Hws/HW1/gate_level/FLP_adder_4/Between/round1/timing.sdf, 1762
module: HA1D2BWP16P90LVT, "instance: testbench.test_module.sub_72.U14"
  SDF Warning: INTERCONNECT from sub_72.U14.S to U953.B1 has Instance at 
  /MasterClass/M143010027_ALU/Hws/HW1/gate_level/FLP_adder_4/Between/round1/netlist.v:1173,
  delay will still be annotated.


Warning-[SDFCOM_IWSBA] INTERCONNECT will still be annotated
/MasterClass/M143010027_ALU/Hws/HW1/gate_level/FLP_adder_4/Between/round1/timing.sdf, 1766
module: HA1D2BWP16P90LVT, "instance: testbench.test_module.sub_72.U13"
  SDF Warning: INTERCONNECT from sub_72.U13.S to U952.B1 has Instance at 
  /MasterClass/M143010027_ALU/Hws/HW1/gate_level/FLP_adder_4/Between/round1/netlist.v:1173,
  delay will still be annotated.


Warning-[SDFCOM_IWSBA] INTERCONNECT will still be annotated
/MasterClass/M143010027_ALU/Hws/HW1/gate_level/FLP_adder_4/Between/round1/timing.sdf, 1770
module: HA1D2BWP16P90LVT, "instance: testbench.test_module.sub_72.U12"
  SDF Warning: INTERCONNECT from sub_72.U12.S to U951.B1 has Instance at 
  /MasterClass/M143010027_ALU/Hws/HW1/gate_level/FLP_adder_4/Between/round1/netlist.v:1173,
  delay will still be annotated.


Warning-[SDFCOM_IWSBA] INTERCONNECT will still be annotated
/MasterClass/M143010027_ALU/Hws/HW1/gate_level/FLP_adder_4/Between/round1/timing.sdf, 1774
module: HA1D2BWP16P90LVT, "instance: testbench.test_module.sub_72.U11"
  SDF Warning: INTERCONNECT from sub_72.U11.S to U950.B1 has Instance at 
  /MasterClass/M143010027_ALU/Hws/HW1/gate_level/FLP_adder_4/Between/round1/netlist.v:1173,
  delay will still be annotated.


Warning-[SDFCOM_IWSBA] INTERCONNECT will still be annotated
/MasterClass/M143010027_ALU/Hws/HW1/gate_level/FLP_adder_4/Between/round1/timing.sdf, 1778
module: HA1D2BWP16P90LVT, "instance: testbench.test_module.sub_72.U10"
  SDF Warning: INTERCONNECT from sub_72.U10.S to U949.B1 has Instance at 
  /MasterClass/M143010027_ALU/Hws/HW1/gate_level/FLP_adder_4/Between/round1/netlist.v:1173,
  delay will still be annotated.


Warning-[SDFCOM_IWSBA] INTERCONNECT will still be annotated
/MasterClass/M143010027_ALU/Hws/HW1/gate_level/FLP_adder_4/Between/round1/timing.sdf, 1782
module: HA1D2BWP16P90LVT, "instance: testbench.test_module.sub_72.U9"
  SDF Warning: INTERCONNECT from sub_72.U9.S to U948.B1 has Instance at 
  /MasterClass/M143010027_ALU/Hws/HW1/gate_level/FLP_adder_4/Between/round1/netlist.v:1173,
  delay will still be annotated.


Warning-[SDFCOM_IWSBA] INTERCONNECT will still be annotated
/MasterClass/M143010027_ALU/Hws/HW1/gate_level/FLP_adder_4/Between/round1/timing.sdf, 1786
module: HA1D2BWP16P90LVT, "instance: testbench.test_module.sub_72.U8"
  SDF Warning: INTERCONNECT from sub_72.U8.S to U947.B1 has Instance at 
  /MasterClass/M143010027_ALU/Hws/HW1/gate_level/FLP_adder_4/Between/round1/netlist.v:1173,
  delay will still be annotated.


Warning-[SDFCOM_IWSBA] INTERCONNECT will still be annotated
/MasterClass/M143010027_ALU/Hws/HW1/gate_level/FLP_adder_4/Between/round1/timing.sdf, 1790
module: HA1D2BWP16P90LVT, "instance: testbench.test_module.sub_72.U7"
  SDF Warning: INTERCONNECT from sub_72.U7.S to U946.B1 has Instance at 
  /MasterClass/M143010027_ALU/Hws/HW1/gate_level/FLP_adder_4/Between/round1/netlist.v:1173,
  delay will still be annotated.


Warning-[SDFCOM_IWSBA] INTERCONNECT will still be annotated
/MasterClass/M143010027_ALU/Hws/HW1/gate_level/FLP_adder_4/Between/round1/timing.sdf, 1794
module: HA1D2BWP16P90LVT, "instance: testbench.test_module.sub_72.U6"
  SDF Warning: INTERCONNECT from sub_72.U6.S to U945.B1 has Instance at 
  /MasterClass/M143010027_ALU/Hws/HW1/gate_level/FLP_adder_4/Between/round1/netlist.v:1173,
  delay will still be annotated.


Warning-[SDFCOM_IWSBA] INTERCONNECT will still be annotated
/MasterClass/M143010027_ALU/Hws/HW1/gate_level/FLP_adder_4/Between/round1/timing.sdf, 1798
module: HA1D2BWP16P90LVT, "instance: testbench.test_module.sub_72.U5"
  SDF Warning: INTERCONNECT from sub_72.U5.S to U944.B1 has Instance at 
  /MasterClass/M143010027_ALU/Hws/HW1/gate_level/FLP_adder_4/Between/round1/netlist.v:1173,
  delay will still be annotated.


Warning-[SDFCOM_IWSBA] INTERCONNECT will still be annotated
/MasterClass/M143010027_ALU/Hws/HW1/gate_level/FLP_adder_4/Between/round1/timing.sdf, 1802
module: HA1D2BWP16P90LVT, "instance: testbench.test_module.sub_72.U4"
  SDF Warning: INTERCONNECT from sub_72.U4.S to U943.B1 has Instance at 
  /MasterClass/M143010027_ALU/Hws/HW1/gate_level/FLP_adder_4/Between/round1/netlist.v:1173,
  delay will still be annotated.


Warning-[SDFCOM_IWSBA] INTERCONNECT will still be annotated
/MasterClass/M143010027_ALU/Hws/HW1/gate_level/FLP_adder_4/Between/round1/timing.sdf, 1806
module: HA1D2BWP16P90LVT, "instance: testbench.test_module.sub_72.U3"
  SDF Warning: INTERCONNECT from sub_72.U3.S to U942.B1 has Instance at 
  /MasterClass/M143010027_ALU/Hws/HW1/gate_level/FLP_adder_4/Between/round1/netlist.v:1173,
  delay will still be annotated.


Warning-[SDFCOM_IWSBA] INTERCONNECT will still be annotated
/MasterClass/M143010027_ALU/Hws/HW1/gate_level/FLP_adder_4/Between/round1/timing.sdf, 1810
module: HA1D2BWP16P90LVT, "instance: testbench.test_module.sub_72.U2"
  SDF Warning: INTERCONNECT from sub_72.U2.S to U941.B1 has Instance at 
  /MasterClass/M143010027_ALU/Hws/HW1/gate_level/FLP_adder_4/Between/round1/netlist.v:1173,
  delay will still be annotated.


Warning-[SDFCOM_IWSBA] INTERCONNECT will still be annotated
/MasterClass/M143010027_ALU/Hws/HW1/gate_level/FLP_adder_4/Between/round1/timing.sdf, 1812
module: HA1D2BWP16P90LVT, "instance: testbench.test_module.sub_72.U2"
  SDF Warning: INTERCONNECT from sub_72.U2.CO to U940.A1 has Instance at 
  /MasterClass/M143010027_ALU/Hws/HW1/gate_level/FLP_adder_4/Between/round1/netlist.v:1173,
  delay will still be annotated.


Warning-[SDFCOM_SWC] Simple Wire Connection
/MasterClass/M143010027_ALU/Hws/HW1/gate_level/FLP_adder_4/Between/round1/timing.sdf, 2934
module: DFQD2BWP16P90LVT, "instance: testbench.test_module.s2_ea_reg_7_"
  SDF Warning: The path from s2_ea_reg_7_.Q to sub_110.U96.I doesn't have a 
  simple wire connection, delay will still be annotated.


Warning-[SDFCOM_SWC] Simple Wire Connection
/MasterClass/M143010027_ALU/Hws/HW1/gate_level/FLP_adder_4/Between/round1/timing.sdf, 2936
module: DFQD2BWP16P90LVT, "instance: testbench.test_module.s2_ea_reg_5_"
  SDF Warning: The path from s2_ea_reg_5_.Q to sub_110.U95.A2 doesn't have a 
  simple wire connection, delay will still be annotated.


Warning-[SDFCOM_SWC] Simple Wire Connection
/MasterClass/M143010027_ALU/Hws/HW1/gate_level/FLP_adder_4/Between/round1/timing.sdf, 2937
module: DFQD2BWP16P90LVT, "instance: testbench.test_module.s2_ea_reg_6_"
  SDF Warning: The path from s2_ea_reg_6_.Q to sub_110.U94.I doesn't have a 
  simple wire connection, delay will still be annotated.


Warning-[SDFCOM_SWC] Simple Wire Connection
/MasterClass/M143010027_ALU/Hws/HW1/gate_level/FLP_adder_4/Between/round1/timing.sdf, 2938
module: DFQD2BWP16P90LVT, "instance: testbench.test_module.s2_ea_reg_5_"
  SDF Warning: The path from s2_ea_reg_5_.Q to sub_110.U93.I doesn't have a 
  simple wire connection, delay will still be annotated.


Warning-[SDFCOM_SWC] Simple Wire Connection
/MasterClass/M143010027_ALU/Hws/HW1/gate_level/FLP_adder_4/Between/round1/timing.sdf, 2940
module: DFQD2BWP16P90LVT, "instance: testbench.test_module.s2_ea_reg_0_"
  SDF Warning: The path from s2_ea_reg_0_.Q to sub_110.U92.A2 doesn't have a 
  simple wire connection, delay will still be annotated.


Warning-[SDFCOM_SWC] Simple Wire Connection
/MasterClass/M143010027_ALU/Hws/HW1/gate_level/FLP_adder_4/Between/round1/timing.sdf, 2942
module: DFQD2BWP16P90LVT, "instance: testbench.test_module.s2_ea_reg_1_"
  SDF Warning: The path from s2_ea_reg_1_.Q to sub_110.U91.A2 doesn't have a 
  simple wire connection, delay will still be annotated.


Warning-[SDFCOM_SWC] Simple Wire Connection
/MasterClass/M143010027_ALU/Hws/HW1/gate_level/FLP_adder_4/Between/round1/timing.sdf, 2944
module: DFQD2BWP16P90LVT, "instance: testbench.test_module.s2_ea_reg_0_"
  SDF Warning: The path from s2_ea_reg_0_.Q to sub_110.U90.A2 doesn't have a 
  simple wire connection, delay will still be annotated.


Warning-[SDFCOM_SWC] Simple Wire Connection
/MasterClass/M143010027_ALU/Hws/HW1/gate_level/FLP_adder_4/Between/round1/timing.sdf, 2946
module: DFQD2BWP16P90LVT, "instance: testbench.test_module.s2_ea_reg_2_"
  SDF Warning: The path from s2_ea_reg_2_.Q to sub_110.U89.A2 doesn't have a 
  simple wire connection, delay will still be annotated.


Warning-[SDFCOM_SWC] Simple Wire Connection
/MasterClass/M143010027_ALU/Hws/HW1/gate_level/FLP_adder_4/Between/round1/timing.sdf, 2948
module: DFQD2BWP16P90LVT, "instance: testbench.test_module.s2_ea_reg_4_"
  SDF Warning: The path from s2_ea_reg_4_.Q to sub_110.U88.A2 doesn't have a 
  simple wire connection, delay will still be annotated.


Warning-[SDFCOM_SWC] Simple Wire Connection
/MasterClass/M143010027_ALU/Hws/HW1/gate_level/FLP_adder_4/Between/round1/timing.sdf, 2950
module: DFQD2BWP16P90LVT, "instance: testbench.test_module.s2_ea_reg_3_"
  SDF Warning: The path from s2_ea_reg_3_.Q to sub_110.U87.A2 doesn't have a 
  simple wire connection, delay will still be annotated.


Warning-[SDFCOM_SWC] Simple Wire Connection
/MasterClass/M143010027_ALU/Hws/HW1/gate_level/FLP_adder_4/Between/round1/timing.sdf, 2955
module: DFQD2BWP16P90LVT, "instance: testbench.test_module.s2_ea_reg_6_"
  SDF Warning: The path from s2_ea_reg_6_.Q to sub_110.U85.A2 doesn't have a 
  simple wire connection, delay will still be annotated.


Warning-[SDFCOM_SWC] Simple Wire Connection
/MasterClass/M143010027_ALU/Hws/HW1/gate_level/FLP_adder_4/Between/round1/timing.sdf, 2975
module: NR2D1BWP16P90LVT, "instance: testbench.test_module.U1497"
  SDF Warning: The path from U1497.ZN to sub_110.U74.I doesn't have a simple 
  wire connection, delay will still be annotated.


Warning-[SDFCOM_SWC] Simple Wire Connection
/MasterClass/M143010027_ALU/Hws/HW1/gate_level/FLP_adder_4/Between/round1/timing.sdf, 2976
module: NR2D1BWP16P90LVT, "instance: testbench.test_module.U680"
  SDF Warning: The path from U680.ZN to sub_110.U73.I doesn't have a simple 
  wire connection, delay will still be annotated.


Warning-[SDFCOM_SWC] Simple Wire Connection
/MasterClass/M143010027_ALU/Hws/HW1/gate_level/FLP_adder_4/Between/round1/timing.sdf, 2982
module: ND4D1BWP16P90LVT, "instance: testbench.test_module.U1271"
  SDF Warning: The path from U1271.ZN to sub_110.U69.I doesn't have a simple 
  wire connection, delay will still be annotated.


Warning-[SDFCOM_SWC] Simple Wire Connection
/MasterClass/M143010027_ALU/Hws/HW1/gate_level/FLP_adder_4/Between/round1/timing.sdf, 2983
module: INVD1BWP16P90LVT, "instance: testbench.test_module.U563"
  SDF Warning: The path from U563.ZN to sub_110.U68.A1 doesn't have a simple 
  wire connection, delay will still be annotated.


Warning-[SDFCOM_SWC] Simple Wire Connection
/MasterClass/M143010027_ALU/Hws/HW1/gate_level/FLP_adder_4/Between/round1/timing.sdf, 2991
module: NR2D1BWP16P90LVT, "instance: testbench.test_module.U1496"
  SDF Warning: The path from U1496.ZN to sub_110.U64.I doesn't have a simple 
  wire connection, delay will still be annotated.


Warning-[SDFCOM_SWC] Simple Wire Connection
/MasterClass/M143010027_ALU/Hws/HW1/gate_level/FLP_adder_4/Between/round1/timing.sdf, 2999
module: OAI21D1BWP16P90LVT, "instance: testbench.test_module.U1274"
  SDF Warning: The path from U1274.ZN to sub_110.U59.I doesn't have a simple 
  wire connection, delay will still be annotated.


Warning-[SDFCOM_SWC] Simple Wire Connection
/MasterClass/M143010027_ALU/Hws/HW1/gate_level/FLP_adder_4/Between/round1/timing.sdf, 3001
module: DFQD2BWP16P90LVT, "instance: testbench.test_module.s2_ea_reg_1_"
  SDF Warning: The path from s2_ea_reg_1_.Q to sub_110.U45.A2 doesn't have a 
  simple wire connection, delay will still be annotated.


Warning-[SDFCOM_SWC] Simple Wire Connection
/MasterClass/M143010027_ALU/Hws/HW1/gate_level/FLP_adder_4/Between/round1/timing.sdf, 3005
module: DFQD2BWP16P90LVT, "instance: testbench.test_module.s2_ea_reg_2_"
  SDF Warning: The path from s2_ea_reg_2_.Q to sub_110.U36.A2 doesn't have a 
  simple wire connection, delay will still be annotated.


Warning-[SDFCOM_SWC] Simple Wire Connection
/MasterClass/M143010027_ALU/Hws/HW1/gate_level/FLP_adder_4/Between/round1/timing.sdf, 3012
module: DFQD2BWP16P90LVT, "instance: testbench.test_module.s2_ea_reg_3_"
  SDF Warning: The path from s2_ea_reg_3_.Q to sub_110.U30.A2 doesn't have a 
  simple wire connection, delay will still be annotated.


Warning-[SDFCOM_SWC] Simple Wire Connection
/MasterClass/M143010027_ALU/Hws/HW1/gate_level/FLP_adder_4/Between/round1/timing.sdf, 3014
module: DFQD2BWP16P90LVT, "instance: testbench.test_module.s2_ea_reg_4_"
  SDF Warning: The path from s2_ea_reg_4_.Q to sub_110.U22.A2 doesn't have a 
  simple wire connection, delay will still be annotated.


Warning-[SDFCOM_SWC] Simple Wire Connection
/MasterClass/M143010027_ALU/Hws/HW1/gate_level/FLP_adder_4/Between/round1/timing.sdf, 3017
module: INVD1BWP16P90LVT, "instance: testbench.test_module.U563"
  SDF Warning: The path from U563.ZN to sub_110.U16.A1 doesn't have a simple 
  wire connection, delay will still be annotated.


Warning-[SDFCOM_SWC] Simple Wire Connection
/MasterClass/M143010027_ALU/Hws/HW1/gate_level/FLP_adder_4/Between/round1/timing.sdf, 3020
module: DFQD2BWP16P90LVT, "instance: testbench.test_module.s2_ea_reg_5_"
  SDF Warning: The path from s2_ea_reg_5_.Q to sub_110.U8.A2 doesn't have a 
  simple wire connection, delay will still be annotated.


Warning-[SDFCOM_SWC] Simple Wire Connection
/MasterClass/M143010027_ALU/Hws/HW1/gate_level/FLP_adder_4/Between/round1/timing.sdf, 3024
module: CKND1BWP16P90LVT, "instance: testbench.test_module.U716"
  SDF Warning: The path from U716.ZN to sub_72.U105.A2 doesn't have a simple 
  wire connection, delay will still be annotated.


Warning-[SDFCOM_SWC] Simple Wire Connection
/MasterClass/M143010027_ALU/Hws/HW1/gate_level/FLP_adder_4/Between/round1/timing.sdf, 3026
module: CKND1BWP16P90LVT, "instance: testbench.test_module.U718"
  SDF Warning: The path from U718.ZN to sub_72.U104.A2 doesn't have a simple 
  wire connection, delay will still be annotated.


Warning-[SDFCOM_SWC] Simple Wire Connection
/MasterClass/M143010027_ALU/Hws/HW1/gate_level/FLP_adder_4/Between/round1/timing.sdf, 3028
module: CKND1BWP16P90LVT, "instance: testbench.test_module.U717"
  SDF Warning: The path from U717.ZN to sub_72.U103.A2 doesn't have a simple 
  wire connection, delay will still be annotated.


Warning-[SDFCOM_SWC] Simple Wire Connection
/MasterClass/M143010027_ALU/Hws/HW1/gate_level/FLP_adder_4/Between/round1/timing.sdf, 3030
module: CKND1BWP16P90LVT, "instance: testbench.test_module.U722"
  SDF Warning: The path from U722.ZN to sub_72.U102.A2 doesn't have a simple 
  wire connection, delay will still be annotated.


Warning-[SDFCOM_SWC] Simple Wire Connection
/MasterClass/M143010027_ALU/Hws/HW1/gate_level/FLP_adder_4/Between/round1/timing.sdf, 3032
module: CKND1BWP16P90LVT, "instance: testbench.test_module.U717"
  SDF Warning: The path from U717.ZN to sub_72.U101.A2 doesn't have a simple 
  wire connection, delay will still be annotated.


Warning-[SDFCOM_SWC] Simple Wire Connection
/MasterClass/M143010027_ALU/Hws/HW1/gate_level/FLP_adder_4/Between/round1/timing.sdf, 3034
module: CKND1BWP16P90LVT, "instance: testbench.test_module.U719"
  SDF Warning: The path from U719.ZN to sub_72.U100.A2 doesn't have a simple 
  wire connection, delay will still be annotated.


Warning-[SDFCOM_SWC] Simple Wire Connection
/MasterClass/M143010027_ALU/Hws/HW1/gate_level/FLP_adder_4/Between/round1/timing.sdf, 3036
module: CKND1BWP16P90LVT, "instance: testbench.test_module.U720"
  SDF Warning: The path from U720.ZN to sub_72.U99.A2 doesn't have a simple 
  wire connection, delay will still be annotated.


Warning-[SDFCOM_SWC] Simple Wire Connection
/MasterClass/M143010027_ALU/Hws/HW1/gate_level/FLP_adder_4/Between/round1/timing.sdf, 3038
module: CKND1BWP16P90LVT, "instance: testbench.test_module.U723"
  SDF Warning: The path from U723.ZN to sub_72.U98.A2 doesn't have a simple 
  wire connection, delay will still be annotated.


Warning-[SDFCOM_SWC] Simple Wire Connection
/MasterClass/M143010027_ALU/Hws/HW1/gate_level/FLP_adder_4/Between/round1/timing.sdf, 3040
module: CKND1BWP16P90LVT, "instance: testbench.test_module.U721"
  SDF Warning: The path from U721.ZN to sub_72.U97.A2 doesn't have a simple 
  wire connection, delay will still be annotated.


Warning-[SDFCOM_SWC] Simple Wire Connection
/MasterClass/M143010027_ALU/Hws/HW1/gate_level/FLP_adder_4/Between/round1/timing.sdf, 3041
module: CKND1BWP16P90LVT, "instance: testbench.test_module.U714"
  SDF Warning: The path from U714.ZN to sub_72.U96.I doesn't have a simple 
  wire connection, delay will still be annotated.


Warning-[SDFCOM_SWC] Simple Wire Connection
/MasterClass/M143010027_ALU/Hws/HW1/gate_level/FLP_adder_4/Between/round1/timing.sdf, 3042
module: CKND1BWP16P90LVT, "instance: testbench.test_module.U713"
  SDF Warning: The path from U713.ZN to sub_72.U95.I doesn't have a simple 
  wire connection, delay will still be annotated.


Warning-[SDFCOM_SWC] Simple Wire Connection
/MasterClass/M143010027_ALU/Hws/HW1/gate_level/FLP_adder_4/Between/round1/timing.sdf, 3043
module: CKND1BWP16P90LVT, "instance: testbench.test_module.U712"
  SDF Warning: The path from U712.ZN to sub_72.U94.I doesn't have a simple 
  wire connection, delay will still be annotated.


Warning-[SDFCOM_SWC] Simple Wire Connection
/MasterClass/M143010027_ALU/Hws/HW1/gate_level/FLP_adder_4/Between/round1/timing.sdf, 3044
module: CKND1BWP16P90LVT, "instance: testbench.test_module.U711"
  SDF Warning: The path from U711.ZN to sub_72.U93.I doesn't have a simple 
  wire connection, delay will still be annotated.


Warning-[SDFCOM_SWC] Simple Wire Connection
/MasterClass/M143010027_ALU/Hws/HW1/gate_level/FLP_adder_4/Between/round1/timing.sdf, 3045
module: CKND1BWP16P90LVT, "instance: testbench.test_module.U710"
  SDF Warning: The path from U710.ZN to sub_72.U92.I doesn't have a simple 
  wire connection, delay will still be annotated.


Warning-[SDFCOM_SWC] Simple Wire Connection
/MasterClass/M143010027_ALU/Hws/HW1/gate_level/FLP_adder_4/Between/round1/timing.sdf, 3046
module: CKND1BWP16P90LVT, "instance: testbench.test_module.U709"
  SDF Warning: The path from U709.ZN to sub_72.U91.I doesn't have a simple 
  wire connection, delay will still be annotated.


Warning-[SDFCOM_SWC] Simple Wire Connection
/MasterClass/M143010027_ALU/Hws/HW1/gate_level/FLP_adder_4/Between/round1/timing.sdf, 3047
module: CKND1BWP16P90LVT, "instance: testbench.test_module.U708"
  SDF Warning: The path from U708.ZN to sub_72.U90.I doesn't have a simple 
  wire connection, delay will still be annotated.


Warning-[SDFCOM_SWC] Simple Wire Connection
/MasterClass/M143010027_ALU/Hws/HW1/gate_level/FLP_adder_4/Between/round1/timing.sdf, 3048
module: CKND1BWP16P90LVT, "instance: testbench.test_module.U707"
  SDF Warning: The path from U707.ZN to sub_72.U89.I doesn't have a simple 
  wire connection, delay will still be annotated.


Warning-[SDFCOM_SWC] Simple Wire Connection
/MasterClass/M143010027_ALU/Hws/HW1/gate_level/FLP_adder_4/Between/round1/timing.sdf, 3049
module: CKND1BWP16P90LVT, "instance: testbench.test_module.U706"
  SDF Warning: The path from U706.ZN to sub_72.U88.I doesn't have a simple 
  wire connection, delay will still be annotated.


Warning-[SDFCOM_SWC] Simple Wire Connection
/MasterClass/M143010027_ALU/Hws/HW1/gate_level/FLP_adder_4/Between/round1/timing.sdf, 3050
module: CKND1BWP16P90LVT, "instance: testbench.test_module.U705"
  SDF Warning: The path from U705.ZN to sub_72.U87.I doesn't have a simple 
  wire connection, delay will still be annotated.


Warning-[SDFCOM_SWC] Simple Wire Connection
/MasterClass/M143010027_ALU/Hws/HW1/gate_level/FLP_adder_4/Between/round1/timing.sdf, 3051
module: CKND1BWP16P90LVT, "instance: testbench.test_module.U704"
  SDF Warning: The path from U704.ZN to sub_72.U86.I doesn't have a simple 
  wire connection, delay will still be annotated.


Warning-[SDFCOM_SWC] Simple Wire Connection
/MasterClass/M143010027_ALU/Hws/HW1/gate_level/FLP_adder_4/Between/round1/timing.sdf, 3052
module: CKND1BWP16P90LVT, "instance: testbench.test_module.U703"
  SDF Warning: The path from U703.ZN to sub_72.U85.I doesn't have a simple 
  wire connection, delay will still be annotated.


Warning-[SDFCOM_SWC] Simple Wire Connection
/MasterClass/M143010027_ALU/Hws/HW1/gate_level/FLP_adder_4/Between/round1/timing.sdf, 3053
module: CKND1BWP16P90LVT, "instance: testbench.test_module.U702"
  SDF Warning: The path from U702.ZN to sub_72.U84.I doesn't have a simple 
  wire connection, delay will still be annotated.


Warning-[SDFCOM_SWC] Simple Wire Connection
/MasterClass/M143010027_ALU/Hws/HW1/gate_level/FLP_adder_4/Between/round1/timing.sdf, 3054
module: CKND1BWP16P90LVT, "instance: testbench.test_module.U701"
  SDF Warning: The path from U701.ZN to sub_72.U83.I doesn't have a simple 
  wire connection, delay will still be annotated.


Warning-[SDFCOM_SWC] Simple Wire Connection
/MasterClass/M143010027_ALU/Hws/HW1/gate_level/FLP_adder_4/Between/round1/timing.sdf, 3057
module: CKND1BWP16P90LVT, "instance: testbench.test_module.U700"
  SDF Warning: The path from U700.ZN to sub_72.U81.I doesn't have a simple 
  wire connection, delay will still be annotated.


Warning-[SDFCOM_SWC] Simple Wire Connection
/MasterClass/M143010027_ALU/Hws/HW1/gate_level/FLP_adder_4/Between/round1/timing.sdf, 3058
module: CKND1BWP16P90LVT, "instance: testbench.test_module.U722"
  SDF Warning: The path from U722.ZN to sub_72.U80.I doesn't have a simple 
  wire connection, delay will still be annotated.


Warning-[SDFCOM_SWC] Simple Wire Connection
/MasterClass/M143010027_ALU/Hws/HW1/gate_level/FLP_adder_4/Between/round1/timing.sdf, 3059
module: CKND1BWP16P90LVT, "instance: testbench.test_module.U723"
  SDF Warning: The path from U723.ZN to sub_72.U79.I doesn't have a simple 
  wire connection, delay will still be annotated.


Warning-[SDFCOM_SWC] Simple Wire Connection
/MasterClass/M143010027_ALU/Hws/HW1/gate_level/FLP_adder_4/Between/round1/timing.sdf, 3060
module: CKND1BWP16P90LVT, "instance: testbench.test_module.U720"
  SDF Warning: The path from U720.ZN to sub_72.U78.I doesn't have a simple 
  wire connection, delay will still be annotated.


Warning-[SDFCOM_SWC] Simple Wire Connection
/MasterClass/M143010027_ALU/Hws/HW1/gate_level/FLP_adder_4/Between/round1/timing.sdf, 3061
module: CKND1BWP16P90LVT, "instance: testbench.test_module.U717"
  SDF Warning: The path from U717.ZN to sub_72.U77.A1 doesn't have a simple 
  wire connection, delay will still be annotated.


Warning-[SDFCOM_SWC] Simple Wire Connection
/MasterClass/M143010027_ALU/Hws/HW1/gate_level/FLP_adder_4/Between/round1/timing.sdf, 3063
module: CKND1BWP16P90LVT, "instance: testbench.test_module.U716"
  SDF Warning: The path from U716.ZN to sub_72.U76.I doesn't have a simple 
  wire connection, delay will still be annotated.


Warning-[SDFCOM_SWC] Simple Wire Connection
/MasterClass/M143010027_ALU/Hws/HW1/gate_level/FLP_adder_4/Between/round1/timing.sdf, 3066
module: CKND1BWP16P90LVT, "instance: testbench.test_module.U721"
  SDF Warning: The path from U721.ZN to sub_72.U74.I doesn't have a simple 
  wire connection, delay will still be annotated.


Warning-[SDFCOM_SWC] Simple Wire Connection
/MasterClass/M143010027_ALU/Hws/HW1/gate_level/FLP_adder_4/Between/round1/timing.sdf, 3073
module: CKND1BWP16P90LVT, "instance: testbench.test_module.U718"
  SDF Warning: The path from U718.ZN to sub_72.U69.I doesn't have a simple 
  wire connection, delay will still be annotated.


Warning-[SDFCOM_SWC] Simple Wire Connection
/MasterClass/M143010027_ALU/Hws/HW1/gate_level/FLP_adder_4/Between/round1/timing.sdf, 3074
module: CKND1BWP16P90LVT, "instance: testbench.test_module.U719"
  SDF Warning: The path from U719.ZN to sub_72.U68.I doesn't have a simple 
  wire connection, delay will still be annotated.


Warning-[SDFCOM_SWC] Simple Wire Connection
/MasterClass/M143010027_ALU/Hws/HW1/gate_level/FLP_adder_4/Between/round1/timing.sdf, 3117
module: DFQD2BWP16P90LVT, "instance: testbench.test_module.s3_md_norm_reg_6_"
  SDF Warning: The path from s3_md_norm_reg_6_.Q to add_114.U88.I doesn't have
  a simple wire connection, delay will still be annotated.


Warning-[SDFCOM_SWC] Simple Wire Connection
/MasterClass/M143010027_ALU/Hws/HW1/gate_level/FLP_adder_4/Between/round1/timing.sdf, 3119
module: DFQD2BWP16P90LVT, "instance: testbench.test_module.s3_md_norm_reg_4_"
  SDF Warning: The path from s3_md_norm_reg_4_.Q to add_114.U87.A2 doesn't 
  have a simple wire connection, delay will still be annotated.


Warning-[SDFCOM_SWC] Simple Wire Connection
/MasterClass/M143010027_ALU/Hws/HW1/gate_level/FLP_adder_4/Between/round1/timing.sdf, 3121
module: DFQD2BWP16P90LVT, "instance: testbench.test_module.s3_md_norm_reg_5_"
  SDF Warning: The path from s3_md_norm_reg_5_.Q to add_114.U86.A2 doesn't 
  have a simple wire connection, delay will still be annotated.


Warning-[SDFCOM_SWC] Simple Wire Connection
/MasterClass/M143010027_ALU/Hws/HW1/gate_level/FLP_adder_4/Between/round1/timing.sdf, 3125
module: DFQD2BWP16P90LVT, "instance: testbench.test_module.s3_md_norm_reg_7_"
  SDF Warning: The path from s3_md_norm_reg_7_.Q to add_114.U84.A2 doesn't 
  have a simple wire connection, delay will still be annotated.


Warning-[SDFCOM_SWC] Simple Wire Connection
/MasterClass/M143010027_ALU/Hws/HW1/gate_level/FLP_adder_4/Between/round1/timing.sdf, 3127
module: DFQD2BWP16P90LVT, "instance: testbench.test_module.s3_md_norm_reg_8_"
  SDF Warning: The path from s3_md_norm_reg_8_.Q to add_114.U83.A2 doesn't 
  have a simple wire connection, delay will still be annotated.


Warning-[SDFCOM_SWC] Simple Wire Connection
/MasterClass/M143010027_ALU/Hws/HW1/gate_level/FLP_adder_4/Between/round1/timing.sdf, 3129
module: DFQD2BWP16P90LVT, "instance: testbench.test_module.s3_md_norm_reg_12_"
  SDF Warning: The path from s3_md_norm_reg_12_.Q to add_114.U82.A2 doesn't 
  have a simple wire connection, delay will still be annotated.


Warning-[SDFCOM_SWC] Simple Wire Connection
/MasterClass/M143010027_ALU/Hws/HW1/gate_level/FLP_adder_4/Between/round1/timing.sdf, 3133
module: DFQD2BWP16P90LVT, "instance: testbench.test_module.s3_md_norm_reg_9_"
  SDF Warning: The path from s3_md_norm_reg_9_.Q to add_114.U80.A2 doesn't 
  have a simple wire connection, delay will still be annotated.


Warning-[SDFCOM_SWC] Simple Wire Connection
/MasterClass/M143010027_ALU/Hws/HW1/gate_level/FLP_adder_4/Between/round1/timing.sdf, 3134
module: DFQD2BWP16P90LVT, "instance: testbench.test_module.s3_md_norm_reg_2_"
  SDF Warning: The path from s3_md_norm_reg_2_.Q to add_114.U79.I doesn't have
  a simple wire connection, delay will still be annotated.


Warning-[SDFCOM_SWC] Simple Wire Connection
/MasterClass/M143010027_ALU/Hws/HW1/gate_level/FLP_adder_4/Between/round1/timing.sdf, 3135
module: DFQD2BWP16P90LVT, "instance: testbench.test_module.s3_md_norm_reg_10_"
  SDF Warning: The path from s3_md_norm_reg_10_.Q to add_114.U78.I doesn't 
  have a simple wire connection, delay will still be annotated.


Warning-[SDFCOM_SWC] Simple Wire Connection
/MasterClass/M143010027_ALU/Hws/HW1/gate_level/FLP_adder_4/Between/round1/timing.sdf, 3136
module: DFQD2BWP16P90LVT, "instance: testbench.test_module.s3_md_norm_reg_11_"
  SDF Warning: The path from s3_md_norm_reg_11_.Q to add_114.U77.I doesn't 
  have a simple wire connection, delay will still be annotated.


Warning-[SDFCOM_SWC] Simple Wire Connection
/MasterClass/M143010027_ALU/Hws/HW1/gate_level/FLP_adder_4/Between/round1/timing.sdf, 3144
module: DFQD2BWP16P90LVT, "instance: testbench.test_module.s3_md_norm_reg_26_"
  SDF Warning: The path from s3_md_norm_reg_26_.Q to add_114.U73.A2 doesn't 
  have a simple wire connection, delay will still be annotated.


Warning-[SDFCOM_SWC] Simple Wire Connection
/MasterClass/M143010027_ALU/Hws/HW1/gate_level/FLP_adder_4/Between/round1/timing.sdf, 3155
module: DFQD2BWP16P90LVT, "instance: testbench.test_module.s3_md_norm_reg_3_"
  SDF Warning: The path from s3_md_norm_reg_3_.Q to add_114.U60.A doesn't have
  a simple wire connection, delay will still be annotated.


Warning-[SDFCOM_SWC] Simple Wire Connection
/MasterClass/M143010027_ALU/Hws/HW1/gate_level/FLP_adder_4/Between/round1/timing.sdf, 3156
module: DFQD2BWP16P90LVT, "instance: testbench.test_module.s3_md_norm_reg_2_"
  SDF Warning: The path from s3_md_norm_reg_2_.Q to add_114.U60.B doesn't have
  a simple wire connection, delay will still be annotated.


Warning-[SDFCOM_SWC] Simple Wire Connection
/MasterClass/M143010027_ALU/Hws/HW1/gate_level/FLP_adder_4/Between/round1/timing.sdf, 3158
module: DFQD2BWP16P90LVT, "instance: testbench.test_module.s3_md_norm_reg_4_"
  SDF Warning: The path from s3_md_norm_reg_4_.Q to add_114.U57.A2 doesn't 
  have a simple wire connection, delay will still be annotated.


Warning-[SDFCOM_SWC] Simple Wire Connection
/MasterClass/M143010027_ALU/Hws/HW1/gate_level/FLP_adder_4/Between/round1/timing.sdf, 3159
module: DFQD2BWP16P90LVT, "instance: testbench.test_module.s3_md_norm_reg_4_"
  SDF Warning: The path from s3_md_norm_reg_4_.Q to add_114.U53.A1 doesn't 
  have a simple wire connection, delay will still be annotated.


Warning-[SDFCOM_SWC] Simple Wire Connection
/MasterClass/M143010027_ALU/Hws/HW1/gate_level/FLP_adder_4/Between/round1/timing.sdf, 3160
module: DFQD2BWP16P90LVT, "instance: testbench.test_module.s3_md_norm_reg_5_"
  SDF Warning: The path from s3_md_norm_reg_5_.Q to add_114.U53.A2 doesn't 
  have a simple wire connection, delay will still be annotated.


Warning-[SDFCOM_SWC] Simple Wire Connection
/MasterClass/M143010027_ALU/Hws/HW1/gate_level/FLP_adder_4/Between/round1/timing.sdf, 3161
module: DFQD2BWP16P90LVT, "instance: testbench.test_module.s3_md_norm_reg_6_"
  SDF Warning: The path from s3_md_norm_reg_6_.Q to add_114.U41.A1 doesn't 
  have a simple wire connection, delay will still be annotated.


Warning-[SDFCOM_SWC] Simple Wire Connection
/MasterClass/M143010027_ALU/Hws/HW1/gate_level/FLP_adder_4/Between/round1/timing.sdf, 3162
module: DFQD2BWP16P90LVT, "instance: testbench.test_module.s3_md_norm_reg_7_"
  SDF Warning: The path from s3_md_norm_reg_7_.Q to add_114.U41.A2 doesn't 
  have a simple wire connection, delay will still be annotated.


Warning-[SDFCOM_SWC] Simple Wire Connection
/MasterClass/M143010027_ALU/Hws/HW1/gate_level/FLP_adder_4/Between/round1/timing.sdf, 3164
module: DFQD2BWP16P90LVT, "instance: testbench.test_module.s3_md_norm_reg_8_"
  SDF Warning: The path from s3_md_norm_reg_8_.Q to add_114.U36.A2 doesn't 
  have a simple wire connection, delay will still be annotated.


Warning-[SDFCOM_SWC] Simple Wire Connection
/MasterClass/M143010027_ALU/Hws/HW1/gate_level/FLP_adder_4/Between/round1/timing.sdf, 3165
module: DFQD2BWP16P90LVT, "instance: testbench.test_module.s3_md_norm_reg_8_"
  SDF Warning: The path from s3_md_norm_reg_8_.Q to add_114.U32.A1 doesn't 
  have a simple wire connection, delay will still be annotated.


Warning-[SDFCOM_SWC] Simple Wire Connection
/MasterClass/M143010027_ALU/Hws/HW1/gate_level/FLP_adder_4/Between/round1/timing.sdf, 3166
module: DFQD2BWP16P90LVT, "instance: testbench.test_module.s3_md_norm_reg_9_"
  SDF Warning: The path from s3_md_norm_reg_9_.Q to add_114.U32.A2 doesn't 
  have a simple wire connection, delay will still be annotated.


Warning-[SDFCOM_SWC] Simple Wire Connection
/MasterClass/M143010027_ALU/Hws/HW1/gate_level/FLP_adder_4/Between/round1/timing.sdf, 3170
module: DFQD2BWP16P90LVT, "instance: testbench.test_module.s3_md_norm_reg_10_"
  SDF Warning: The path from s3_md_norm_reg_10_.Q to add_114.U25.A2 doesn't 
  have a simple wire connection, delay will still be annotated.


Warning-[SDFCOM_SWC] Simple Wire Connection
/MasterClass/M143010027_ALU/Hws/HW1/gate_level/FLP_adder_4/Between/round1/timing.sdf, 3174
module: DFQD2BWP16P90LVT, "instance: testbench.test_module.s3_md_norm_reg_12_"
  SDF Warning: The path from s3_md_norm_reg_12_.Q to add_114.U17.A2 doesn't 
  have a simple wire connection, delay will still be annotated.


Warning-[SDFCOM_SWC] Simple Wire Connection
/MasterClass/M143010027_ALU/Hws/HW1/gate_level/FLP_adder_4/Between/round1/timing.sdf, 3175
module: DFQD2BWP16P90LVT, "instance: testbench.test_module.s3_md_norm_reg_13_"
  SDF Warning: The path from s3_md_norm_reg_13_.Q to add_114.U14.A doesn't 
  have a simple wire connection, delay will still be annotated.


Warning-[SDFCOM_SWC] Simple Wire Connection
/MasterClass/M143010027_ALU/Hws/HW1/gate_level/FLP_adder_4/Between/round1/timing.sdf, 3177
module: DFQD2BWP16P90LVT, "instance: testbench.test_module.s3_md_norm_reg_14_"
  SDF Warning: The path from s3_md_norm_reg_14_.Q to add_114.U13.A doesn't 
  have a simple wire connection, delay will still be annotated.


Warning-[SDFCOM_SWC] Simple Wire Connection
/MasterClass/M143010027_ALU/Hws/HW1/gate_level/FLP_adder_4/Between/round1/timing.sdf, 3179
module: DFQD2BWP16P90LVT, "instance: testbench.test_module.s3_md_norm_reg_15_"
  SDF Warning: The path from s3_md_norm_reg_15_.Q to add_114.U12.A doesn't 
  have a simple wire connection, delay will still be annotated.


Warning-[SDFCOM_SWC] Simple Wire Connection
/MasterClass/M143010027_ALU/Hws/HW1/gate_level/FLP_adder_4/Between/round1/timing.sdf, 3181
module: DFQD2BWP16P90LVT, "instance: testbench.test_module.s3_md_norm_reg_16_"
  SDF Warning: The path from s3_md_norm_reg_16_.Q to add_114.U11.A doesn't 
  have a simple wire connection, delay will still be annotated.


Warning-[SDFCOM_SWC] Simple Wire Connection
/MasterClass/M143010027_ALU/Hws/HW1/gate_level/FLP_adder_4/Between/round1/timing.sdf, 3183
module: DFQD2BWP16P90LVT, "instance: testbench.test_module.s3_md_norm_reg_17_"
  SDF Warning: The path from s3_md_norm_reg_17_.Q to add_114.U10.A doesn't 
  have a simple wire connection, delay will still be annotated.


Warning-[SDFCOM_SWC] Simple Wire Connection
/MasterClass/M143010027_ALU/Hws/HW1/gate_level/FLP_adder_4/Between/round1/timing.sdf, 3185
module: DFQD2BWP16P90LVT, "instance: testbench.test_module.s3_md_norm_reg_18_"
  SDF Warning: The path from s3_md_norm_reg_18_.Q to add_114.U9.A doesn't have
  a simple wire connection, delay will still be annotated.


Warning-[SDFCOM_SWC] Simple Wire Connection
/MasterClass/M143010027_ALU/Hws/HW1/gate_level/FLP_adder_4/Between/round1/timing.sdf, 3187
module: DFQD2BWP16P90LVT, "instance: testbench.test_module.s3_md_norm_reg_19_"
  SDF Warning: The path from s3_md_norm_reg_19_.Q to add_114.U8.A doesn't have
  a simple wire connection, delay will still be annotated.


Warning-[SDFCOM_SWC] Simple Wire Connection
/MasterClass/M143010027_ALU/Hws/HW1/gate_level/FLP_adder_4/Between/round1/timing.sdf, 3189
module: DFQD2BWP16P90LVT, "instance: testbench.test_module.s3_md_norm_reg_20_"
  SDF Warning: The path from s3_md_norm_reg_20_.Q to add_114.U7.A doesn't have
  a simple wire connection, delay will still be annotated.


Warning-[SDFCOM_SWC] Simple Wire Connection
/MasterClass/M143010027_ALU/Hws/HW1/gate_level/FLP_adder_4/Between/round1/timing.sdf, 3191
module: DFQD2BWP16P90LVT, "instance: testbench.test_module.s3_md_norm_reg_21_"
  SDF Warning: The path from s3_md_norm_reg_21_.Q to add_114.U6.A doesn't have
  a simple wire connection, delay will still be annotated.


Warning-[SDFCOM_SWC] Simple Wire Connection
/MasterClass/M143010027_ALU/Hws/HW1/gate_level/FLP_adder_4/Between/round1/timing.sdf, 3193
module: DFQD2BWP16P90LVT, "instance: testbench.test_module.s3_md_norm_reg_22_"
  SDF Warning: The path from s3_md_norm_reg_22_.Q to add_114.U5.A doesn't have
  a simple wire connection, delay will still be annotated.


Warning-[SDFCOM_SWC] Simple Wire Connection
/MasterClass/M143010027_ALU/Hws/HW1/gate_level/FLP_adder_4/Between/round1/timing.sdf, 3195
module: DFQD2BWP16P90LVT, "instance: testbench.test_module.s3_md_norm_reg_23_"
  SDF Warning: The path from s3_md_norm_reg_23_.Q to add_114.U4.A doesn't have
  a simple wire connection, delay will still be annotated.


Warning-[SDFCOM_SWC] Simple Wire Connection
/MasterClass/M143010027_ALU/Hws/HW1/gate_level/FLP_adder_4/Between/round1/timing.sdf, 3197
module: DFQD1BWP16P90LVT, "instance: testbench.test_module.s3_md_norm_reg_24_"
  SDF Warning: The path from s3_md_norm_reg_24_.Q to add_114.U3.A doesn't have
  a simple wire connection, delay will still be annotated.


Warning-[SDFCOM_SWC] Simple Wire Connection
/MasterClass/M143010027_ALU/Hws/HW1/gate_level/FLP_adder_4/Between/round1/timing.sdf, 3199
module: DFQD2BWP16P90LVT, "instance: testbench.test_module.s3_md_norm_reg_25_"
  SDF Warning: The path from s3_md_norm_reg_25_.Q to add_114.U2.A doesn't have
  a simple wire connection, delay will still be annotated.


Warning-[SDFCOM_SWC] Simple Wire Connection
/MasterClass/M143010027_ALU/Hws/HW1/gate_level/FLP_adder_4/Between/round1/timing.sdf, 3201
module: MUX2ND2BWP16P90LVT, "instance: testbench.test_module.U752"
  SDF Warning: The path from U752.ZN to sub_73.U102.A1 doesn't have a simple 
  wire connection, delay will still be annotated.


Warning-[SDFCOM_SWC] Simple Wire Connection
/MasterClass/M143010027_ALU/Hws/HW1/gate_level/FLP_adder_4/Between/round1/timing.sdf, 3204
module: MUX2ND2BWP16P90LVT, "instance: testbench.test_module.U754"
  SDF Warning: The path from U754.ZN to sub_73.U101.A2 doesn't have a simple 
  wire connection, delay will still be annotated.


Warning-[SDFCOM_SWC] Simple Wire Connection
/MasterClass/M143010027_ALU/Hws/HW1/gate_level/FLP_adder_4/Between/round1/timing.sdf, 3206
module: MUX2ND2BWP16P90LVT, "instance: testbench.test_module.U758"
  SDF Warning: The path from U758.ZN to sub_73.U100.A2 doesn't have a simple 
  wire connection, delay will still be annotated.


Warning-[SDFCOM_SWC] Simple Wire Connection
/MasterClass/M143010027_ALU/Hws/HW1/gate_level/FLP_adder_4/Between/round1/timing.sdf, 3208
module: MUX2ND2BWP16P90LVT, "instance: testbench.test_module.U755"
  SDF Warning: The path from U755.ZN to sub_73.U99.A2 doesn't have a simple 
  wire connection, delay will still be annotated.


Warning-[SDFCOM_SWC] Simple Wire Connection
/MasterClass/M143010027_ALU/Hws/HW1/gate_level/FLP_adder_4/Between/round1/timing.sdf, 3210
module: MUX2ND2BWP16P90LVT, "instance: testbench.test_module.U761"
  SDF Warning: The path from U761.ZN to sub_73.U98.A2 doesn't have a simple 
  wire connection, delay will still be annotated.


Warning-[SDFCOM_SWC] Simple Wire Connection
/MasterClass/M143010027_ALU/Hws/HW1/gate_level/FLP_adder_4/Between/round1/timing.sdf, 3212
module: MUX2ND2BWP16P90LVT, "instance: testbench.test_module.U765"
  SDF Warning: The path from U765.ZN to sub_73.U97.A2 doesn't have a simple 
  wire connection, delay will still be annotated.


Warning-[SDFCOM_SWC] Simple Wire Connection
/MasterClass/M143010027_ALU/Hws/HW1/gate_level/FLP_adder_4/Between/round1/timing.sdf, 3214
module: MUX2ND2BWP16P90LVT, "instance: testbench.test_module.U768"
  SDF Warning: The path from U768.ZN to sub_73.U96.A2 doesn't have a simple 
  wire connection, delay will still be annotated.


Warning-[SDFCOM_SWC] Simple Wire Connection
/MasterClass/M143010027_ALU/Hws/HW1/gate_level/FLP_adder_4/Between/round1/timing.sdf, 3216
module: MUX2ND2BWP16P90LVT, "instance: testbench.test_module.U769"
  SDF Warning: The path from U769.ZN to sub_73.U95.A2 doesn't have a simple 
  wire connection, delay will still be annotated.


Warning-[SDFCOM_SWC] Simple Wire Connection
/MasterClass/M143010027_ALU/Hws/HW1/gate_level/FLP_adder_4/Between/round1/timing.sdf, 3218
module: MUX2ND2BWP16P90LVT, "instance: testbench.test_module.U770"
  SDF Warning: The path from U770.ZN to sub_73.U94.A2 doesn't have a simple 
  wire connection, delay will still be annotated.


Warning-[SDFCOM_SWC] Simple Wire Connection
/MasterClass/M143010027_ALU/Hws/HW1/gate_level/FLP_adder_4/Between/round1/timing.sdf, 3220
module: MUX2ND2BWP16P90LVT, "instance: testbench.test_module.U771"
  SDF Warning: The path from U771.ZN to sub_73.U93.A2 doesn't have a simple 
  wire connection, delay will still be annotated.


Warning-[SDFCOM_SWC] Simple Wire Connection
/MasterClass/M143010027_ALU/Hws/HW1/gate_level/FLP_adder_4/Between/round1/timing.sdf, 3222
module: MUX2ND2BWP16P90LVT, "instance: testbench.test_module.U776"
  SDF Warning: The path from U776.ZN to sub_73.U92.A2 doesn't have a simple 
  wire connection, delay will still be annotated.


Warning-[SDFCOM_SWC] Simple Wire Connection
/MasterClass/M143010027_ALU/Hws/HW1/gate_level/FLP_adder_4/Between/round1/timing.sdf, 3223
module: MUX2ND2BWP16P90LVT, "instance: testbench.test_module.U776"
  SDF Warning: The path from U776.ZN to sub_73.U91.I doesn't have a simple 
  wire connection, delay will still be annotated.


Warning-[SDFCOM_SWC] Simple Wire Connection
/MasterClass/M143010027_ALU/Hws/HW1/gate_level/FLP_adder_4/Between/round1/timing.sdf, 3224
module: MUX2ND2BWP16P90LVT, "instance: testbench.test_module.U771"
  SDF Warning: The path from U771.ZN to sub_73.U90.I doesn't have a simple 
  wire connection, delay will still be annotated.


Warning-[SDFCOM_SWC] Simple Wire Connection
/MasterClass/M143010027_ALU/Hws/HW1/gate_level/FLP_adder_4/Between/round1/timing.sdf, 3225
module: MUX2ND2BWP16P90LVT, "instance: testbench.test_module.U754"
  SDF Warning: The path from U754.ZN to sub_73.U89.I doesn't have a simple 
  wire connection, delay will still be annotated.


Warning-[SDFCOM_SWC] Simple Wire Connection
/MasterClass/M143010027_ALU/Hws/HW1/gate_level/FLP_adder_4/Between/round1/timing.sdf, 3226
module: MUX2ND2BWP16P90LVT, "instance: testbench.test_module.U790"
  SDF Warning: The path from U790.ZN to sub_73.U88.I doesn't have a simple 
  wire connection, delay will still be annotated.


Warning-[SDFCOM_SWC] Simple Wire Connection
/MasterClass/M143010027_ALU/Hws/HW1/gate_level/FLP_adder_4/Between/round1/timing.sdf, 3227
module: MUX2ND2BWP16P90LVT, "instance: testbench.test_module.U751"
  SDF Warning: The path from U751.ZN to sub_73.U87.I doesn't have a simple 
  wire connection, delay will still be annotated.


Warning-[SDFCOM_SWC] Simple Wire Connection
/MasterClass/M143010027_ALU/Hws/HW1/gate_level/FLP_adder_4/Between/round1/timing.sdf, 3228
module: MUX2ND2BWP16P90LVT, "instance: testbench.test_module.U789"
  SDF Warning: The path from U789.ZN to sub_73.U86.I doesn't have a simple 
  wire connection, delay will still be annotated.


Warning-[SDFCOM_SWC] Simple Wire Connection
/MasterClass/M143010027_ALU/Hws/HW1/gate_level/FLP_adder_4/Between/round1/timing.sdf, 3229
module: MUX2ND2BWP16P90LVT, "instance: testbench.test_module.U786"
  SDF Warning: The path from U786.ZN to sub_73.U85.I doesn't have a simple 
  wire connection, delay will still be annotated.


Warning-[SDFCOM_SWC] Simple Wire Connection
/MasterClass/M143010027_ALU/Hws/HW1/gate_level/FLP_adder_4/Between/round1/timing.sdf, 3230
module: MUX2ND2BWP16P90LVT, "instance: testbench.test_module.U785"
  SDF Warning: The path from U785.ZN to sub_73.U84.I doesn't have a simple 
  wire connection, delay will still be annotated.


Warning-[SDFCOM_SWC] Simple Wire Connection
/MasterClass/M143010027_ALU/Hws/HW1/gate_level/FLP_adder_4/Between/round1/timing.sdf, 3231
module: MUX2ND2BWP16P90LVT, "instance: testbench.test_module.U784"
  SDF Warning: The path from U784.ZN to sub_73.U83.I doesn't have a simple 
  wire connection, delay will still be annotated.


Warning-[SDFCOM_SWC] Simple Wire Connection
/MasterClass/M143010027_ALU/Hws/HW1/gate_level/FLP_adder_4/Between/round1/timing.sdf, 3232
module: MUX2ND2BWP16P90LVT, "instance: testbench.test_module.U783"
  SDF Warning: The path from U783.ZN to sub_73.U82.I doesn't have a simple 
  wire connection, delay will still be annotated.


Warning-[SDFCOM_SWC] Simple Wire Connection
/MasterClass/M143010027_ALU/Hws/HW1/gate_level/FLP_adder_4/Between/round1/timing.sdf, 3233
module: MUX2ND2BWP16P90LVT, "instance: testbench.test_module.U782"
  SDF Warning: The path from U782.ZN to sub_73.U81.I doesn't have a simple 
  wire connection, delay will still be annotated.


Warning-[SDFCOM_SWC] Simple Wire Connection
/MasterClass/M143010027_ALU/Hws/HW1/gate_level/FLP_adder_4/Between/round1/timing.sdf, 3234
module: MUX2ND2BWP16P90LVT, "instance: testbench.test_module.U781"
  SDF Warning: The path from U781.ZN to sub_73.U80.I doesn't have a simple 
  wire connection, delay will still be annotated.


Warning-[SDFCOM_SWC] Simple Wire Connection
/MasterClass/M143010027_ALU/Hws/HW1/gate_level/FLP_adder_4/Between/round1/timing.sdf, 3235
module: MUX2ND2BWP16P90LVT, "instance: testbench.test_module.U780"
  SDF Warning: The path from U780.ZN to sub_73.U79.I doesn't have a simple 
  wire connection, delay will still be annotated.


Warning-[SDFCOM_SWC] Simple Wire Connection
/MasterClass/M143010027_ALU/Hws/HW1/gate_level/FLP_adder_4/Between/round1/timing.sdf, 3239
module: MUX2ND2BWP16P90LVT, "instance: testbench.test_module.U770"
  SDF Warning: The path from U770.ZN to sub_73.U77.A2 doesn't have a simple 
  wire connection, delay will still be annotated.


Warning-[SDFCOM_SWC] Simple Wire Connection
/MasterClass/M143010027_ALU/Hws/HW1/gate_level/FLP_adder_4/Between/round1/timing.sdf, 3240
module: MUX2ND2BWP16P90LVT, "instance: testbench.test_module.U773"
  SDF Warning: The path from U773.ZN to sub_73.U76.I doesn't have a simple 
  wire connection, delay will still be annotated.


Warning-[SDFCOM_SWC] Simple Wire Connection
/MasterClass/M143010027_ALU/Hws/HW1/gate_level/FLP_adder_4/Between/round1/timing.sdf, 3243
module: MUX2ND2BWP16P90LVT, "instance: testbench.test_module.U769"
  SDF Warning: The path from U769.ZN to sub_73.U74.I doesn't have a simple 
  wire connection, delay will still be annotated.


Warning-[SDFCOM_SWC] Simple Wire Connection
/MasterClass/M143010027_ALU/Hws/HW1/gate_level/FLP_adder_4/Between/round1/timing.sdf, 3246
module: MUX2ND2BWP16P90LVT, "instance: testbench.test_module.U752"
  SDF Warning: The path from U752.ZN to sub_73.U72.A1 doesn't have a simple 
  wire connection, delay will still be annotated.


Warning-[SDFCOM_SWC] Simple Wire Connection
/MasterClass/M143010027_ALU/Hws/HW1/gate_level/FLP_adder_4/Between/round1/timing.sdf, 3248
module: MUX2ND2BWP16P90LVT, "instance: testbench.test_module.U755"
  SDF Warning: The path from U755.ZN to sub_73.U71.I doesn't have a simple 
  wire connection, delay will still be annotated.


Warning-[SDFCOM_SWC] Simple Wire Connection
/MasterClass/M143010027_ALU/Hws/HW1/gate_level/FLP_adder_4/Between/round1/timing.sdf, 3252
module: MUX2ND2BWP16P90LVT, "instance: testbench.test_module.U761"
  SDF Warning: The path from U761.ZN to sub_73.U69.A2 doesn't have a simple 
  wire connection, delay will still be annotated.


Warning-[SDFCOM_SWC] Simple Wire Connection
/MasterClass/M143010027_ALU/Hws/HW1/gate_level/FLP_adder_4/Between/round1/timing.sdf, 3254
module: MUX2ND2BWP16P90LVT, "instance: testbench.test_module.U768"
  SDF Warning: The path from U768.ZN to sub_73.U68.A2 doesn't have a simple 
  wire connection, delay will still be annotated.


Warning-[SDFCOM_SWC] Simple Wire Connection
/MasterClass/M143010027_ALU/Hws/HW1/gate_level/FLP_adder_4/Between/round1/timing.sdf, 3255
module: MUX2ND2BWP16P90LVT, "instance: testbench.test_module.U758"
  SDF Warning: The path from U758.ZN to sub_73.U67.I doesn't have a simple 
  wire connection, delay will still be annotated.


Warning-[SDFCOM_SWC] Simple Wire Connection
/MasterClass/M143010027_ALU/Hws/HW1/gate_level/FLP_adder_4/Between/round1/timing.sdf, 3256
module: MUX2ND2BWP16P90LVT, "instance: testbench.test_module.U765"
  SDF Warning: The path from U765.ZN to sub_73.U66.I doesn't have a simple 
  wire connection, delay will still be annotated.


Warning-[SDFCOM_SWC] Simple Wire Connection
/MasterClass/M143010027_ALU/Hws/HW1/gate_level/FLP_adder_4/Between/round1/timing.sdf, 3258
module: MUX2ND2BWP16P90LVT, "instance: testbench.test_module.U779"
  SDF Warning: The path from U779.ZN to sub_73.U64.I doesn't have a simple 
  wire connection, delay will still be annotated.


          Total errors: 0
          Total warnings: 229
   ***    SDF annotation completed: Mon Oct  5 20:48:54 2026


