$ vcs -R -debug_access+all +full64 +access+r -sverilog -top testbench -o /MasterClass/M143010027_ALU/Hws/HW1/post_sim/FLP_adder_7/Between/simv +incdir+/MasterClass/M143010027_ALU/Hws/HW1/post_sim/FLP_adder_7/Between -error=noMPD +neg_tchk +vcs+fsdbon +fsdb+mda +fsdbfile+wave.fsdb /MasterClass/M143010027_ALU/Hws/HW1/post_sim/testbench.v /MasterClass/M143010027_ALU/Hws/HW1/gate_level/FLP_adder_7/Between/round1/netlist.v /cad/CBDK/ADFP/Executable_Package/Collaterals/IP/stdcell/N16ADFP_StdCell/VERILOG/N16ADFP_StdCell.v
*** Using c compiler gcc instead of cc ...
                         Chronologic VCS (TM)
            Version V-2023.12 -- Mon Oct  5 20:47:45 2026

                    Copyright (c) 1991 - 2023 Synopsys, Inc.
   This software and the associated documentation are proprietary to Synopsys,
 Inc. This software may only be used in accordance with the terms and conditions
 of a written license agreement with Synopsys, Inc. All other use, reproduction,
   or distribution of this software is strictly prohibited.  Licensed Products
     communicate with Synopsys servers for the purpose of providing software
    updates, detecting software piracy and verifying that customers are using
    Licensed Products in conformity with the applicable License Key for such
  Licensed Products. Synopsys will use information gathered in connection with
    this process to deliver software updates and pursue software pirates and
                                   infringers.

 Inclusivity & Diversity - Visit SolvNetPlus to read the "Synopsys Statement on
            Inclusivity and Diversity" (Refer to article 000036315 at
                        https://solvnetplus.synopsys.com)

Parsing design file '/MasterClass/M143010027_ALU/Hws/HW1/post_sim/testbench.v'
Parsing included file 'run_config.vh'.
Back to file '/MasterClass/M143010027_ALU/Hws/HW1/post_sim/testbench.v'.
Parsing design file '/MasterClass/M143010027_ALU/Hws/HW1/gate_level/FLP_adder_7/Between/round1/netlist.v'
Parsing design file '/cad/CBDK/ADFP/Executable_Package/Collaterals/IP/stdcell/N16ADFP_StdCell/VERILOG/N16ADFP_StdCell.v'
Top Level Modules:
       testbench
TimeScale is 1 ns / 1 fs

   ***   $sdf_annotate() version 1.2R
   ***    SDF file: "/MasterClass/M143010027_ALU/Hws/HW1/gate_level/FLP_adder_7/Between/round1/timing.sdf"
   ***    Annotation scope: testbench.test_module
   ***    SDF Annotator log file: "sdf_annotation.log"
   ***    MTM selection: "MAXIMUM"
   ***    No SCALE FACTORS argument specified
   ***    No SCALE TYPE argument specified
   ***    SCALE FACTORS defaulted to "1.0:1.0:1.0":
   ***    SCALE TYPE defaulted to: "FROM_MTM"
   ***    Turnoff delay: "FROM_FILE"
   ***    Approximation (mipd) policy: "MAXIMUM"

   ***    SDF annotation begin: Mon Oct  5 20:47:45 2026


SDF Info: +pulse_r/100, +pulse_e/100 in effect

Warning-[SDFCOM_IWSBA] INTERCONNECT will still be annotated
/MasterClass/M143010027_ALU/Hws/HW1/gate_level/FLP_adder_7/Between/round1/timing.sdf, 438
module: HA1D1BWP16P90LVT, "instance: testbench.test_module.add_127.U38"
  SDF Warning: INTERCONNECT from add_127.U38.S to U1593.A1 has Instance at 
  /MasterClass/M143010027_ALU/Hws/HW1/gate_level/FLP_adder_7/Between/round1/netlist.v:1373,
  delay will still be annotated.


Warning-[SDFCOM_IWSBA] INTERCONNECT will still be annotated
/MasterClass/M143010027_ALU/Hws/HW1/gate_level/FLP_adder_7/Between/round1/timing.sdf, 443
module: HA1D2BWP16P90LVT, "instance: testbench.test_module.add_127.U43"
  SDF Warning: INTERCONNECT from add_127.U43.S to U1591.I has Instance at 
  /MasterClass/M143010027_ALU/Hws/HW1/gate_level/FLP_adder_7/Between/round1/netlist.v:1373,
  delay will still be annotated.


Warning-[SDFCOM_IWSBA] INTERCONNECT will still be annotated
/MasterClass/M143010027_ALU/Hws/HW1/gate_level/FLP_adder_7/Between/round1/timing.sdf, 452
module: HA1D2BWP16P90LVT, "instance: testbench.test_module.add_127.U43"
  SDF Warning: INTERCONNECT from add_127.U43.S to U1588.A2 has Instance at 
  /MasterClass/M143010027_ALU/Hws/HW1/gate_level/FLP_adder_7/Between/round1/netlist.v:1373,
  delay will still be annotated.


Warning-[SDFCOM_IWSBA] INTERCONNECT will still be annotated
/MasterClass/M143010027_ALU/Hws/HW1/gate_level/FLP_adder_7/Between/round1/timing.sdf, 456
module: HA1D2BWP16P90LVT, "instance: testbench.test_module.add_127.U4"
  SDF Warning: INTERCONNECT from add_127.U4.S to U1586.I has Instance at 
  /MasterClass/M143010027_ALU/Hws/HW1/gate_level/FLP_adder_7/Between/round1/netlist.v:1373,
  delay will still be annotated.


Warning-[SDFCOM_IWSBA] INTERCONNECT will still be annotated
/MasterClass/M143010027_ALU/Hws/HW1/gate_level/FLP_adder_7/Between/round1/timing.sdf, 464
module: HA1D2BWP16P90LVT, "instance: testbench.test_module.add_127.U4"
  SDF Warning: INTERCONNECT from add_127.U4.S to U1583.A1 has Instance at 
  /MasterClass/M143010027_ALU/Hws/HW1/gate_level/FLP_adder_7/Between/round1/netlist.v:1373,
  delay will still be annotated.


Warning-[SDFCOM_IWSBA] INTERCONNECT will still be annotated
/MasterClass/M143010027_ALU/Hws/HW1/gate_level/FLP_adder_7/Between/round1/timing.sdf, 469
module: HA1D2BWP16P90LVT, "instance: testbench.test_module.add_127.U5"
  SDF Warning: INTERCONNECT from add_127.U5.S to U1581.I has Instance at 
  /MasterClass/M143010027_ALU/Hws/HW1/gate_level/FLP_adder_7/Between/round1/netlist.v:1373,
  delay will still be annotated.


Warning-[SDFCOM_IWSBA] INTERCONNECT will still be annotated
/MasterClass/M143010027_ALU/Hws/HW1/gate_level/FLP_adder_7/Between/round1/timing.sdf, 477
module: HA1D2BWP16P90LVT, "instance: testbench.test_module.add_127.U5"
  SDF Warning: INTERCONNECT from add_127.U5.S to U1578.A1 has Instance at 
  /MasterClass/M143010027_ALU/Hws/HW1/gate_level/FLP_adder_7/Between/round1/netlist.v:1373,
  delay will still be annotated.


Warning-[SDFCOM_IWSBA] INTERCONNECT will still be annotated
/MasterClass/M143010027_ALU/Hws/HW1/gate_level/FLP_adder_7/Between/round1/timing.sdf, 482
module: HA1D2BWP16P90LVT, "instance: testbench.test_module.add_127.U6"
  SDF Warning: INTERCONNECT from add_127.U6.S to U1576.I has Instance at 
  /MasterClass/M143010027_ALU/Hws/HW1/gate_level/FLP_adder_7/Between/round1/netlist.v:1373,
  delay will still be annotated.


Warning-[SDFCOM_IWSBA] INTERCONNECT will still be annotated
/MasterClass/M143010027_ALU/Hws/HW1/gate_level/FLP_adder_7/Between/round1/timing.sdf, 490
module: HA1D2BWP16P90LVT, "instance: testbench.test_module.add_127.U6"
  SDF Warning: INTERCONNECT from add_127.U6.S to U1573.A1 has Instance at 
  /MasterClass/M143010027_ALU/Hws/HW1/gate_level/FLP_adder_7/Between/round1/netlist.v:1373,
  delay will still be annotated.

All future warnings not reported; use +sdfverbose to report them.
See also the log file: sdf_annotation.log

Warning-[SDFCOM_IWSBA] INTERCONNECT will still be annotated
/MasterClass/M143010027_ALU/Hws/HW1/gate_level/FLP_adder_7/Between/round1/timing.sdf, 495
module: HA1D2BWP16P90LVT, "instance: testbench.test_module.add_127.U7"
  SDF Warning: INTERCONNECT from add_127.U7.S to U1571.I has Instance at 
  /MasterClass/M143010027_ALU/Hws/HW1/gate_level/FLP_adder_7/Between/round1/netlist.v:1373,
  delay will still be annotated.


          Total errors: 0
          Total warnings: 223
   ***    SDF annotation completed: Mon Oct  5 20:47:46 2026


Starting vcs inline pass...
78 modules and 3 UDPs read.
recompiling module testbench
recompiling module FLP_adder_DW01_sub_5
recompiling module FLP_adder_DW01_sub_6
recompiling module FLP_adder_DW01_sub_8
recompiling module FLP_adder_DW01_add_4
recompiling module FLP_adder_DW01_sub_9
recompiling module FLP_adder_DW01_sub_10
recompiling module FLP_adder_DW01_sub_13
recompiling module FLP_adder_DW01_add_6
recompiling module FLP_adder
recompiling module AN2D1BWP16P90
recompiling module AN2D1BWP16P90LVT
recompiling module AN3D1BWP16P90LVT
recompiling module AN4D1BWP16P90LVT
recompiling module AO22D1BWP16P90LVT
recompiling module AOAI211D1BWP16P90LVT
recompiling module AOI211D1BWP16P90
recompiling module AOI211D1BWP16P90LVT
recompiling module AOI21D1BWP16P90LVT
recompiling module AOI221D1BWP16P90
recompiling module AOI222D1BWP16P90LVT
recompiling module AOI22D1BWP16P90LVT
recompiling module AOI31D1BWP16P90LVT
recompiling module AOI32D1BWP16P90LVT
recompiling module BUFFD1BWP16P90LVT
recompiling module BUFFD2BWP16P90LVT
recompiling module CKBD1BWP16P90LVT
recompiling module CKMUX2D1BWP16P90LVT
recompiling module CKND1BWP16P90LVT
recompiling module CKND2BWP16P90LVT
recompiling module DFQD2BWP16P90LVT
recompiling module FA1D1BWP16P90LVT
recompiling module HA1D1BWP16P90LVT
recompiling module HA1D2BWP16P90LVT
recompiling module IND2D1BWP16P90LVT
recompiling module IND3D1BWP16P90
recompiling module INR2D1BWP16P90LVT
recompiling module INR2D4BWP16P90LVT
recompiling module INVD1BWP16P90
recompiling module INVD1BWP16P90LVT
recompiling module INVD2BWP16P90LVT
recompiling module IOA21D1BWP16P90LVT
recompiling module MOAI22D1BWP16P90LVT
recompiling module MUX2D1BWP16P90LVT
recompiling module MUX2ND1BWP16P90
recompiling module MUX2ND2BWP16P90LVT
recompiling module MUX3D1BWP16P90LVT
recompiling module ND2D1BWP16P90
recompiling module ND2D1BWP16P90LVT
recompiling module ND2D2BWP16P90LVT
50 of 78 modules done
recompiling module ND3D1BWP16P90
recompiling module ND3D1BWP16P90LVT
recompiling module ND4D1BWP16P90
recompiling module ND4D1BWP16P90LVT
recompiling module NR2D1BWP16P90
recompiling module NR2D1BWP16P90LVT
recompiling module NR2D1BWP20P90
recompiling module NR3D1BWP16P90LVT
recompiling module NR4D1BWP16P90LVT
recompiling module OA21D1BWP16P90LVT
recompiling module OA22D1BWP16P90LVT
recompiling module OAI211D1BWP16P90LVT
recompiling module OAI21D1BWP16P90
recompiling module OAI21D1BWP16P90LVT
recompiling module OAI221D1BWP16P90LVT
recompiling module OAI222D1BWP16P90
recompiling module OAI22D1BWP16P90
recompiling module OAI22D1BWP16P90LVT
recompiling module OAI32D1BWP16P90
recompiling module OAI32D1BWP16P90LVT
recompiling module OR2D1BWP16P90LVT
recompiling module TIEHBWP20P90LVT
recompiling module TIELBWP20P90LVT
recompiling module XNR2D1BWP16P90
recompiling module XNR2D1BWP16P90LVT
recompiling module XOR2D1BWP16P90
recompiling module XOR2D1BWP16P90LVT
recompiling module XOR3D2BWP16P90LVT
All of 78 modules done
rm -f _cuarc*.so _csrc*.so pre_vcsobj_*.so share_vcsobj_*.so
if [ -x /MasterClass/M143010027_ALU/Hws/HW1/post_sim/FLP_adder_7/Between/simv ]; then chmod a-x /MasterClass/M143010027_ALU/Hws/HW1/post_sim/FLP_adder_7/Between/simv; fi
g++  -o /MasterClass/M143010027_ALU/Hws/HW1/post_sim/FLP_adder_7/Between/simv      -m32 -m32 -rdynamic  -Wl,-rpath='$ORIGIN'/simv.daidir -Wl,-rpath=./simv.daidir -Wl,-rpath=/usr/cad/synopsys/vcs/2023.12/linux/lib -L/usr/cad/synopsys/vcs/2023.12/linux/lib  -Wl,-rpath-link=./   objs/amcQw_d.o   _30363_archive_1.so objs/udps/m6zeg.o objs/udps/JvR1L.o objs/udps/df3ii.o   SIM_l.o       rmapats_mop.o rmapats.o rmar.o rmar_nd.o  rmar_llvm_0_1.o rmar_llvm_0_0.o            -lvirsim -lerrorinf -lsnpsmalloc -lvfs    -lvcsnew -lsimprofile -luclinative /usr/cad/synopsys/vcs/2023.12/linux/lib/vcs_tls.o   -Wl,-whole-archive  -lvcsucli    -Wl,-no-whole-archive        _vcs_pli_stub_.o   /usr/cad/synopsys/vcs/2023.12/linux/lib/vcs_save_restore_new.o /usr/cad/synopsys/verdi/2023.12/share/PLI/VCS/LINUX/pli.a /usr/cad/synopsys/vcs/2023.12/linux/lib/ctype-stubs_32.a -ldl  -lc -lm -lpthread -ldl 
/MasterClass/M143010027_ALU/Hws/HW1/post_sim/FLP_adder_7/Between/simv up to date
Info: [VCS_SAVE_RESTORE_INFO] ASLR (Address Space Layout Randomization) is detected on the machine. To enable $save functionality, ASLR will be switched off and simv re-executed.
Please use '-no_save' simv switch to avoid re-execution or '-suppress=ASLR_DETECTED_INFO' to suppress this message.
Chronologic VCS simulator copyright 1991-2023
Contains Synopsys proprietary information.
Compiler version V-2023.12; Runtime version V-2023.12;  Oct  5 20:47 2026
Doing SDF annotation ...... Done
*Verdi* Loading libsscore_vcs202312.so
FSDB Dumper for VCS, Release Verdi_V-2023.12, Linux, 11/15/2023
(C) 1996 - 2023 by Synopsys, Inc.
*Verdi* : Create FSDB file 'wave.fsdb'
*Verdi* : Begin traversing the scopes, layer (0).
*Verdi* : Enable +mda dumping.
*Verdi* : End of traversing.
HW1_SDF_ANNOTATION_REQUESTED /MasterClass/M143010027_ALU/Hws/HW1/gate_level/FLP_adder_7/Between/round1/timing.sdf
*Verdi* : Begin traversing the scope (testbench), layer (0).
*Verdi* : Enable +mda dumping.
*Verdi* : End of traversing.
*Verdi* : Begin traversing the MDAs, layer (0).
*Verdi* : Enable +mda and +packedmda dumping.
*Verdi* : End of traversing the MDAs.
-----------------------------------------

-              FLP_adder_7              -

-----------------------------------------

-----------------------------------------

Score: 100

Avg error: 5.884856e-09

-----------------------------------------

$finish called from file "/MasterClass/M143010027_ALU/Hws/HW1/post_sim/testbench.v", line 296.
$finish at simulation time            535000000
           V C S   S i m u l a t i o n   R e p o r t 
Time: 535000000 fs
CPU Time:      0.660 seconds;       Data structure size:   0.3Mb
Mon Oct  5 20:47:48 2026
CPU time: 1.601 seconds to compile + .490 seconds to elab + .559 seconds to link + .702 seconds in simulation
