$ vcs -R -debug_access+all +full64 +access+r -sverilog -top testbench -o /MasterClass/M143010027_ALU/Hws/HW1/post_sim/FLP_mul_3/Delay/simv +incdir+/MasterClass/M143010027_ALU/Hws/HW1/post_sim/FLP_mul_3/Delay -error=noMPD +neg_tchk +vcs+fsdbon +fsdb+mda +fsdbfile+wave.fsdb /MasterClass/M143010027_ALU/Hws/HW1/post_sim/testbench.v /MasterClass/M143010027_ALU/Hws/HW1/gate_level/FLP_mul_3/Delay/round3/netlist.v /cad/CBDK/ADFP/Executable_Package/Collaterals/IP/stdcell/N16ADFP_StdCell/VERILOG/N16ADFP_StdCell.v
*** Using c compiler gcc instead of cc ...
                         Chronologic VCS (TM)
            Version V-2023.12 -- Mon Oct  5 20:45:33 2026

                    Copyright (c) 1991 - 2023 Synopsys, Inc.
   This software and the associated documentation are proprietary to Synopsys,
 Inc. This software may only be used in accordance with the terms and conditions
 of a written license agreement with Synopsys, Inc. All other use, reproduction,
   or distribution of this software is strictly prohibited.  Licensed Products
     communicate with Synopsys servers for the purpose of providing software
    updates, detecting software piracy and verifying that customers are using
    Licensed Products in conformity with the applicable License Key for such
  Licensed Products. Synopsys will use information gathered in connection with
    this process to deliver software updates and pursue software pirates and
                                   infringers.

 Inclusivity & Diversity - Visit SolvNetPlus to read the "Synopsys Statement on
            Inclusivity and Diversity" (Refer to article 000036315 at
                        https://solvnetplus.synopsys.com)

Parsing design file '/MasterClass/M143010027_ALU/Hws/HW1/post_sim/testbench.v'
Parsing included file 'run_config.vh'.
Back to file '/MasterClass/M143010027_ALU/Hws/HW1/post_sim/testbench.v'.
Parsing design file '/MasterClass/M143010027_ALU/Hws/HW1/gate_level/FLP_mul_3/Delay/round3/netlist.v'
Parsing design file '/cad/CBDK/ADFP/Executable_Package/Collaterals/IP/stdcell/N16ADFP_StdCell/VERILOG/N16ADFP_StdCell.v'
Top Level Modules:
       testbench
TimeScale is 1 ns / 1 fs

   ***   $sdf_annotate() version 1.2R
   ***    SDF file: "/MasterClass/M143010027_ALU/Hws/HW1/gate_level/FLP_mul_3/Delay/round3/timing.sdf"
   ***    Annotation scope: testbench.test_module
   ***    SDF Annotator log file: "sdf_annotation.log"
   ***    MTM selection: "MAXIMUM"
   ***    No SCALE FACTORS argument specified
   ***    No SCALE TYPE argument specified
   ***    SCALE FACTORS defaulted to "1.0:1.0:1.0":
   ***    SCALE TYPE defaulted to: "FROM_MTM"
   ***    Turnoff delay: "FROM_FILE"
   ***    Approximation (mipd) policy: "MAXIMUM"

   ***    SDF annotation begin: Mon Oct  5 20:45:34 2026


SDF Info: +pulse_r/100, +pulse_e/100 in effect

Warning-[SDFCOM_SWC] Simple Wire Connection
/MasterClass/M143010027_ALU/Hws/HW1/gate_level/FLP_mul_3/Delay/round3/timing.sdf, 47
module: XOR3D2BWP16P90LVT, "instance: testbench.test_module.add_0_root_sub_0_root_sub_30.U1_7"
  SDF Warning: The path from add_0_root_sub_0_root_sub_30.U1_7.Z to U367.A1 
  doesn't have a simple wire connection, delay will still be annotated.


Warning-[SDFCOM_SWC] Simple Wire Connection
/MasterClass/M143010027_ALU/Hws/HW1/gate_level/FLP_mul_3/Delay/round3/timing.sdf, 51
module: FA1D1BWP16P90LVT, "instance: testbench.test_module.add_0_root_sub_0_root_sub_30.U1_6"
  SDF Warning: The path from add_0_root_sub_0_root_sub_30.U1_6.S to U365.A1 
  doesn't have a simple wire connection, delay will still be annotated.


Warning-[SDFCOM_SWC] Simple Wire Connection
/MasterClass/M143010027_ALU/Hws/HW1/gate_level/FLP_mul_3/Delay/round3/timing.sdf, 53
module: FA1D1BWP16P90LVT, "instance: testbench.test_module.add_0_root_sub_0_root_sub_30.U1_5"
  SDF Warning: The path from add_0_root_sub_0_root_sub_30.U1_5.S to U364.A1 
  doesn't have a simple wire connection, delay will still be annotated.


Warning-[SDFCOM_SWC] Simple Wire Connection
/MasterClass/M143010027_ALU/Hws/HW1/gate_level/FLP_mul_3/Delay/round3/timing.sdf, 58
module: FA1D1BWP16P90LVT, "instance: testbench.test_module.add_0_root_sub_0_root_sub_30.U1_4"
  SDF Warning: The path from add_0_root_sub_0_root_sub_30.U1_4.S to U361.A1 
  doesn't have a simple wire connection, delay will still be annotated.


Warning-[SDFCOM_SWC] Simple Wire Connection
/MasterClass/M143010027_ALU/Hws/HW1/gate_level/FLP_mul_3/Delay/round3/timing.sdf, 63
module: FA1D1BWP16P90LVT, "instance: testbench.test_module.add_0_root_sub_0_root_sub_30.U1_3"
  SDF Warning: The path from add_0_root_sub_0_root_sub_30.U1_3.S to U359.A1 
  doesn't have a simple wire connection, delay will still be annotated.


Warning-[SDFCOM_SWC] Simple Wire Connection
/MasterClass/M143010027_ALU/Hws/HW1/gate_level/FLP_mul_3/Delay/round3/timing.sdf, 68
module: FA1D1BWP16P90LVT, "instance: testbench.test_module.add_0_root_sub_0_root_sub_30.U1_2"
  SDF Warning: The path from add_0_root_sub_0_root_sub_30.U1_2.S to U356.A1 
  doesn't have a simple wire connection, delay will still be annotated.


Warning-[SDFCOM_SWC] Simple Wire Connection
/MasterClass/M143010027_ALU/Hws/HW1/gate_level/FLP_mul_3/Delay/round3/timing.sdf, 74
module: FA1D1BWP16P90LVT, "instance: testbench.test_module.add_0_root_sub_0_root_sub_30.U1_1"
  SDF Warning: The path from add_0_root_sub_0_root_sub_30.U1_1.S to U353.A1 
  doesn't have a simple wire connection, delay will still be annotated.


Warning-[SDFCOM_SWC] Simple Wire Connection
/MasterClass/M143010027_ALU/Hws/HW1/gate_level/FLP_mul_3/Delay/round3/timing.sdf, 79
module: XOR2D1BWP16P90LVT, "instance: testbench.test_module.add_0_root_sub_0_root_sub_30.U2"
  SDF Warning: The path from add_0_root_sub_0_root_sub_30.U2.Z to U351.A1 
  doesn't have a simple wire connection, delay will still be annotated.


Warning-[SDFCOM_SWC] Simple Wire Connection
/MasterClass/M143010027_ALU/Hws/HW1/gate_level/FLP_mul_3/Delay/round3/timing.sdf, 197
module: XNR2D1BWP16P90LVT, "instance: testbench.test_module.mult_28.U3375"
  SDF Warning: The path from mult_28.U3375.ZN to U304.A1 doesn't have a simple
  wire connection, delay will still be annotated.

All future warnings not reported; use +sdfverbose to report them.
See also the log file: sdf_annotation.log

Warning-[SDFCOM_SWC] Simple Wire Connection
/MasterClass/M143010027_ALU/Hws/HW1/gate_level/FLP_mul_3/Delay/round3/timing.sdf, 202
module: XNR2D1BWP16P90, "instance: testbench.test_module.mult_28.U3374"
  SDF Warning: The path from mult_28.U3374.ZN to U302.A1 doesn't have a simple
  wire connection, delay will still be annotated.


          Total errors: 0
          Total warnings: 86
   ***    SDF annotation completed: Mon Oct  5 20:45:34 2026


Starting vcs inline pass...
114 modules and 3 UDPs read.
recompiling module testbench
recompiling module FLP_mul_DW01_add_0
recompiling module FLP_mul_DW01_add_3
recompiling module FLP_mul_DW_mult_uns_2
recompiling module FLP_mul
recompiling module AN2D1BWP16P90
recompiling module AN2D1BWP16P90LVT
recompiling module AN2D1BWP20P90
recompiling module AN2D2BWP16P90LVT
recompiling module AN3D1BWP16P90LVT
recompiling module AO21D1BWP16P90LVT
recompiling module AO21D2BWP16P90LVT
recompiling module AO21D4BWP16P90
recompiling module AOI21D1BWP16P90
recompiling module AOI21D1BWP16P90LVT
recompiling module AOI21D2BWP16P90LVT
recompiling module AOI21D4BWP16P90LVT
recompiling module BUFFD1BWP16P90
recompiling module BUFFD1BWP16P90LVT
recompiling module BUFFD2BWP16P90
recompiling module BUFFD2BWP16P90LVT
recompiling module BUFFD4BWP16P90LVT
recompiling module BUFFD8BWP16P90LVT
recompiling module CKBD12BWP16P90LVT
recompiling module CKBD1BWP16P90LVT
recompiling module CKBD4BWP16P90LVT
recompiling module CKBD8BWP16P90LVT
recompiling module CKND1BWP16P90LVT
recompiling module CKND2BWP16P90LVT
recompiling module CKND2D1BWP16P90LVT
recompiling module CKND2D2BWP16P90LVT
recompiling module CKND2D4BWP16P90LVT
recompiling module CKND2D8BWP16P90LVT
recompiling module CKND4BWP16P90LVT
recompiling module CKND8BWP16P90LVT
recompiling module CKNR2D4BWP16P90LVT
recompiling module CKOR2D1BWP16P90
recompiling module CKOR2D1BWP16P90LVT
recompiling module CKOR2D2BWP16P90
recompiling module CKOR2D2BWP16P90LVT
recompiling module CKOR2D4BWP16P90LVT
recompiling module DEL025D1BWP16P90
recompiling module DEL025D1BWP16P90LVT
recompiling module DFCNQD2BWP16P90LVT
recompiling module DFCNQND1BWP16P90LVT
recompiling module DFQD2BWP16P90LVT
recompiling module FA1D1BWP16P90LVT
recompiling module FA1D2BWP16P90LVT
recompiling module FA1D4BWP16P90LVT
recompiling module HA1D1BWP16P90LVT
50 of 114 modules done
recompiling module HA1D2BWP16P90LVT
recompiling module IAO21D1BWP16P90LVT
recompiling module IAOI21D1BWP16P90LVT
recompiling module IND2D1BWP16P90
recompiling module IND2D1BWP16P90LVT
recompiling module IND3D2BWP16P90LVT
recompiling module INR2D1BWP16P90
recompiling module INR2D1BWP16P90LVT
recompiling module INR2D2BWP16P90LVT
recompiling module INVD1BWP16P90
recompiling module INVD1BWP16P90LVT
recompiling module INVD2BWP16P90LVT
recompiling module INVD4BWP16P90LVT
recompiling module IOA21D1BWP16P90LVT
recompiling module MAOI222D1BWP16P90LVT
recompiling module MOAI22D1BWP16P90LVT
recompiling module MUX2D1BWP16P90LVT
recompiling module ND2D16BWP16P90LVT
recompiling module ND2D1BWP16P90
recompiling module ND2D1BWP16P90LVT
recompiling module ND2D1BWP20P90LVT
recompiling module ND2D2BWP16P90LVT
recompiling module ND2D4BWP16P90LVT
recompiling module ND2D8BWP16P90LVT
recompiling module ND3D1BWP16P90LVT
recompiling module ND3D1BWP20P90LVT
recompiling module ND3D2BWP16P90LVT
recompiling module ND3D4BWP16P90LVT
recompiling module NR2D1BWP16P90
recompiling module NR2D1BWP16P90LVT
recompiling module NR2D1BWP20P90
recompiling module NR2D2BWP16P90LVT
recompiling module NR2D4BWP16P90LVT
recompiling module OA21D1BWP16P90LVT
recompiling module OA21D2BWP16P90LVT
recompiling module OAI21D1BWP16P90
recompiling module OAI21D1BWP16P90LVT
recompiling module OAI21D2BWP16P90LVT
recompiling module OAI21D4BWP16P90LVT
recompiling module OAI22D1BWP16P90
recompiling module OAI22D1BWP16P90LVT
recompiling module OAI22D2BWP16P90LVT
recompiling module OAI22D4BWP16P90LVT
recompiling module OR2D1BWP16P90
recompiling module OR2D1BWP16P90LVT
recompiling module OR2D2BWP16P90LVT
recompiling module OR2D4BWP16P90LVT
recompiling module TIEHBWP20P90LVT
recompiling module TIELBWP20P90LVT
recompiling module XNR2D1BWP16P90
100 of 114 modules done
recompiling module XNR2D1BWP16P90LVT
recompiling module XNR2D2BWP16P90
recompiling module XNR2D2BWP16P90LVT
recompiling module XNR2D4BWP16P90LVT
recompiling module XNR2D8BWP16P90LVT
recompiling module XNR3D2BWP16P90LVT
recompiling module XOR2D1BWP16P90
recompiling module XOR2D1BWP16P90LVT
recompiling module XOR2D2BWP16P90LVT
recompiling module XOR2D4BWP16P90LVT
recompiling module XOR2D8BWP16P90LVT
recompiling module XOR3D1BWP16P90LVT
recompiling module XOR3D2BWP16P90LVT
recompiling module XOR3D4BWP16P90LVT
All of 114 modules done
rm -f _cuarc*.so _csrc*.so pre_vcsobj_*.so share_vcsobj_*.so
if [ -x /MasterClass/M143010027_ALU/Hws/HW1/post_sim/FLP_mul_3/Delay/simv ]; then chmod a-x /MasterClass/M143010027_ALU/Hws/HW1/post_sim/FLP_mul_3/Delay/simv; fi
g++  -o /MasterClass/M143010027_ALU/Hws/HW1/post_sim/FLP_mul_3/Delay/simv      -m32 -m32 -rdynamic  -Wl,-rpath='$ORIGIN'/simv.daidir -Wl,-rpath=./simv.daidir -Wl,-rpath=/usr/cad/synopsys/vcs/2023.12/linux/lib -L/usr/cad/synopsys/vcs/2023.12/linux/lib  -Wl,-rpath-link=./   objs/amcQw_d.o   _3952_archive_1.so objs/udps/m6zeg.o objs/udps/JvR1L.o objs/udps/df3ii.o   SIM_l.o       rmapats_mop.o rmapats.o rmar.o rmar_nd.o  rmar_llvm_0_1.o rmar_llvm_0_0.o            -lvirsim -lerrorinf -lsnpsmalloc -lvfs    -lvcsnew -lsimprofile -luclinative /usr/cad/synopsys/vcs/2023.12/linux/lib/vcs_tls.o   -Wl,-whole-archive  -lvcsucli    -Wl,-no-whole-archive        _vcs_pli_stub_.o   /usr/cad/synopsys/vcs/2023.12/linux/lib/vcs_save_restore_new.o /usr/cad/synopsys/verdi/2023.12/share/PLI/VCS/LINUX/pli.a /usr/cad/synopsys/vcs/2023.12/linux/lib/ctype-stubs_32.a -ldl  -lc -lm -lpthread -ldl 
/MasterClass/M143010027_ALU/Hws/HW1/post_sim/FLP_mul_3/Delay/simv up to date
Info: [VCS_SAVE_RESTORE_INFO] ASLR (Address Space Layout Randomization) is detected on the machine. To enable $save functionality, ASLR will be switched off and simv re-executed.
Please use '-no_save' simv switch to avoid re-execution or '-suppress=ASLR_DETECTED_INFO' to suppress this message.
Chronologic VCS simulator copyright 1991-2023
Contains Synopsys proprietary information.
Compiler version V-2023.12; Runtime version V-2023.12;  Oct  5 20:45 2026
Doing SDF annotation ...... Done
*Verdi* Loading libsscore_vcs202312.so
FSDB Dumper for VCS, Release Verdi_V-2023.12, Linux, 11/15/2023
(C) 1996 - 2023 by Synopsys, Inc.
*Verdi* : Create FSDB file 'wave.fsdb'
*Verdi* : Begin traversing the scopes, layer (0).
*Verdi* : Enable +mda dumping.
*Verdi* : End of traversing.
HW1_SDF_ANNOTATION_REQUESTED /MasterClass/M143010027_ALU/Hws/HW1/gate_level/FLP_mul_3/Delay/round3/timing.sdf
*Verdi* : Begin traversing the scope (testbench), layer (0).
*Verdi* : Enable +mda dumping.
*Verdi* : End of traversing.
*Verdi* : Begin traversing the MDAs, layer (0).
*Verdi* : Enable +mda and +packedmda dumping.
*Verdi* : End of traversing the MDAs.
-----------------------------------------

-               FLP_mul_3               -

-----------------------------------------

-----------------------------------------

Score: 100

Avg error: 2.145374e-08

-----------------------------------------

$finish called from file "/MasterClass/M143010027_ALU/Hws/HW1/post_sim/testbench.v", line 296.
$finish at simulation time            515000000
           V C S   S i m u l a t i o n   R e p o r t 
Time: 515000000 fs
CPU Time:      0.890 seconds;       Data structure size:   0.4Mb
Mon Oct  5 20:45:38 2026
CPU time: 1.940 seconds to compile + .516 seconds to elab + .721 seconds to link + .931 seconds in simulation
